Component: ARM Compiler 5.06 update 6 (build 750) Tool: armlink [4d35ed]

==============================================================================

Section Cross References

    startup_stm32f042x6.o(STACK) refers (Special) to heapauxi.o(.text) for __use_two_region_memory
    startup_stm32f042x6.o(HEAP) refers (Special) to heapauxi.o(.text) for __use_two_region_memory
    startup_stm32f042x6.o(RESET) refers (Special) to heapauxi.o(.text) for __use_two_region_memory
    startup_stm32f042x6.o(RESET) refers to startup_stm32f042x6.o(STACK) for __initial_sp
    startup_stm32f042x6.o(RESET) refers to startup_stm32f042x6.o(.text) for Reset_Handler
    startup_stm32f042x6.o(RESET) refers to stm32f0xx_it.o(i.NMI_Handler) for NMI_Handler
    startup_stm32f042x6.o(RESET) refers to stm32f0xx_it.o(i.HardFault_Handler) for HardFault_Handler
    startup_stm32f042x6.o(RESET) refers to stm32f0xx_it.o(i.SVC_Handler) for SVC_Handler
    startup_stm32f042x6.o(RESET) refers to stm32f0xx_it.o(i.PendSV_Handler) for PendSV_Handler
    startup_stm32f042x6.o(RESET) refers to stm32f0xx_it.o(i.SysTick_Handler) for SysTick_Handler
    startup_stm32f042x6.o(RESET) refers to stm32f0xx_it.o(i.TIM14_IRQHandler) for TIM14_IRQHandler
    startup_stm32f042x6.o(RESET) refers to stm32f0xx_it.o(i.CEC_CAN_IRQHandler) for CEC_CAN_IRQHandler
    startup_stm32f042x6.o(.text) refers (Special) to heapauxi.o(.text) for __use_two_region_memory
    startup_stm32f042x6.o(.text) refers to startup_stm32f042x6.o(STACK) for __initial_sp
    startup_stm32f042x6.o(.text) refers to system_stm32f0xx.o(i.SystemInit) for SystemInit
    startup_stm32f042x6.o(.text) refers to __main.o(!!!main) for __main
    startup_stm32f042x6.o(.text) refers to startup_stm32f042x6.o(HEAP) for Heap_Mem
    main.o(i.HAL_CAN_RxFifo0MsgPendingCallback) refers to stm32f0xx_hal_can.o(i.HAL_CAN_GetRxMessage) for HAL_CAN_GetRxMessage
    main.o(i.HAL_CAN_RxFifo0MsgPendingCallback) refers to main.o(i._Z8check_txv) for check_tx()
    main.o(i.HAL_CAN_RxFifo0MsgPendingCallback) refers to main.o(.data) for RxData
    main.o(i.HAL_CAN_RxFifo0MsgPendingCallback) refers to main.o(.bss) for RxHeader
    main.o(i._Z16TIM14_IRQHandlerv) refers to main.o(.data) for time
    main.o(i._Z18CAN_SendFlyingDataP12SmartBattery) refers to smart_battery.o(i._ZN12SmartBattery13GetFlightDataEv) for SmartBattery::GetFlightData()
    main.o(i._Z18CAN_SendFlyingDataP12SmartBattery) refers to stm32f0xx_hal_can.o(i.HAL_CAN_AddTxMessage) for HAL_CAN_AddTxMessage
    main.o(i._Z18CAN_SendFlyingDataP12SmartBattery) refers to stm32f0xx_hal.o(i.HAL_Delay) for HAL_Delay
    main.o(i._Z18CAN_SendFlyingDataP12SmartBattery) refers to delete.o(i._ZdlPv) for operator delete (void*)
    main.o(i._Z18CAN_SendFlyingDataP12SmartBattery) refers to main.o(.bss) for TxHeader
    main.o(i._Z18CAN_SendFlyingDataP12SmartBattery) refers to main.o(.data) for TxMailbox
    main.o(i._Z18CAN_SendFlyingDataP12SmartBattery) refers to main_1.o(.bss) for hcan
    main.o(i._Z18SystemClock_Configv) refers to rt_memclr.o(.text) for __aeabi_memclr4
    main.o(i._Z18SystemClock_Configv) refers to stm32f0xx_hal_rcc.o(i.HAL_RCC_OscConfig) for HAL_RCC_OscConfig
    main.o(i._Z18SystemClock_Configv) refers to main.o(i.Error_Handler) for Error_Handler
    main.o(i._Z18SystemClock_Configv) refers to main_1.o(i.Error_Handler) for Error_Handler
    main.o(i._Z18SystemClock_Configv) refers to stm32f0xx_hal_rcc.o(i.HAL_RCC_ClockConfig) for HAL_RCC_ClockConfig
    main.o(i._Z18SystemClock_Configv) refers to stm32f0xx_hal_rcc_ex.o(i.HAL_RCCEx_PeriphCLKConfig) for HAL_RCCEx_PeriphCLKConfig
    main.o(i._Z20CAN_SaveFalshRegularP12SmartBatteryP13InternalFLASH) refers to array_new.o(i._Znaj) for operator new[] (unsigned)
    main.o(i._Z20CAN_SaveFalshRegularP12SmartBatteryP13InternalFLASH) refers to smart_battery.o(i._ZN12SmartBattery7GetDataEv) for SmartBattery::GetData()
    main.o(i._Z20CAN_SaveFalshRegularP12SmartBatteryP13InternalFLASH) refers to rt_memcpy.o(.text) for __aeabi_memcpy
    main.o(i._Z20CAN_SaveFalshRegularP12SmartBatteryP13InternalFLASH) refers to delete.o(i._ZdlPv) for operator delete (void*)
    main.o(i._Z20CAN_SaveFalshRegularP12SmartBatteryP13InternalFLASH) refers to new.o(i._Znwj) for operator new(unsigned)
    main.o(i._Z20CAN_SaveFalshRegularP12SmartBatteryP13InternalFLASH) refers to flash_driver.o(i._ZN9FlashDataC1EPhjP9FlashMeta) for FlashData::FlashData(unsigned char*, unsigned, FlashMeta*)
    main.o(i._Z20CAN_SaveFalshRegularP12SmartBatteryP13InternalFLASH) refers to flash_driver.o(i._ZN13InternalFLASH9WriteDataEP9FlashData) for InternalFLASH::WriteData(FlashData*)
    main.o(i._Z21CAN_SendDataFromFlashP13InternalFLASH) refers to array_new.o(i._Znaj) for operator new[] (unsigned)
    main.o(i._Z21CAN_SendDataFromFlashP13InternalFLASH) refers to rt_memcpy.o(.text) for __aeabi_memcpy
    main.o(i._Z21CAN_SendDataFromFlashP13InternalFLASH) refers to stm32f0xx_hal_can.o(i.HAL_CAN_AddTxMessage) for HAL_CAN_AddTxMessage
[...]
    stm32f0xx_hal_tim.o(i._ZN41_INTERNAL_19_stm32f0xx_hal_tim_c_a9d95b5224TIM_SlaveTimer_SetConfigEP17TIM_HandleTypeDefPK22TIM_SlaveConfigTypeDef) refers to stm32f0xx_hal_tim.o(i._ZN41_INTERNAL_19_stm32f0xx_hal_tim_c_a9d95b5224TIM_TI1_ConfigInputStageEP11TIM_TypeDefjj) for [local to stm32f0xx_hal_tim_c]::TIM_TI1_ConfigInputStage(TIM_TypeDef*, unsigned, unsigned)
    stm32f0xx_hal_tim.o(i._ZN41_INTERNAL_19_stm32f0xx_hal_tim_c_a9d95b5224TIM_SlaveTimer_SetConfigEP17TIM_HandleTypeDefPK22TIM_SlaveConfigTypeDef) refers to stm32f0xx_hal_tim.o(i._ZN41_INTERNAL_19_stm32f0xx_hal_tim_c_a9d95b5224TIM_TI2_ConfigInputStageEP11TIM_TypeDefjj) for [local to stm32f0xx_hal_tim_c]::TIM_TI2_ConfigInputStage(TIM_TypeDef*, unsigned, unsigned)
    stm32f0xx_hal_tim.o(i._ZN41_INTERNAL_19_stm32f0xx_hal_tim_c_a9d95b5228TIM_DMAPeriodElapsedHalfCpltEP19__DMA_HandleTypeDef) refers to stm32f0xx_hal_tim.o(i.HAL_TIM_PeriodElapsedHalfCpltCallback) for HAL_TIM_PeriodElapsedHalfCpltCallback
    stm32f0xx_hal_tim.o(.ARM.exidx) refers to stm32f0xx_hal_tim.o(i.TIM_Base_SetConfig) for i.TIM_Base_SetConfig
    stm32f0xx_hal_tim.o(.ARM.exidx) refers to stm32f0xx_hal_tim.o(i.HAL_TIM_Base_MspInit) for i.HAL_TIM_Base_MspInit
    stm32f0xx_hal_tim.o(.ARM.exidx) refers to stm32f0xx_hal_tim.o(i.HAL_TIM_Base_Init) for i.HAL_TIM_Base_Init
    stm32f0xx_hal_tim.o(.ARM.exidx) refers to stm32f0xx_hal_tim.o(i.HAL_TIM_Base_MspDeInit) for i.HAL_TIM_Base_MspDeInit
    stm32f0xx_hal_tim.o(.ARM.exidx) refers to stm32f0xx_hal_tim.o(i.HAL_TIM_Base_DeInit) for i.HAL_TIM_Base_DeInit
    stm32f0xx_hal_tim.o(.ARM.exidx) refers to stm32f0xx_hal_tim.o(i.HAL_TIM_Base_Start) for i.HAL_TIM_Base_Start
    stm32f0xx_hal_tim.o(.ARM.exidx) refers to stm32f0xx_hal_tim.o(i.HAL_TIM_Base_Stop) for i.HAL_TIM_Base_Stop
    stm32f0xx_hal_tim.o(.ARM.exidx) refers to stm32f0xx_hal_tim.o(i.HAL_TIM_Base_Start_IT) for i.HAL_TIM_Base_Start_IT
    stm32f0xx_hal_tim.o(.ARM.exidx) refers to stm32f0xx_hal_tim.o(i.HAL_TIM_Base_Stop_IT) for i.HAL_TIM_Base_Stop_IT
    stm32f0xx_hal_tim.o(.ARM.exidx) refers to stm32f0xx_hal_tim.o(i.HAL_TIM_ErrorCallback) for i.HAL_TIM_ErrorCallback
    stm32f0xx_hal_tim.o(.ARM.exidx) refers to stm32f0xx_hal_tim.o(i.TIM_DMAError) for i.TIM_DMAError
    stm32f0xx_hal_tim.o(.ARM.exidx) refers to stm32f0xx_hal_tim.o(i.HAL_TIM_PeriodElapsedHalfCpltCallback) for i.HAL_TIM_PeriodElapsedHalfCpltCallback
    stm32f0xx_hal_tim.o(.ARM.exidx) refers to stm32f0xx_hal_tim.o(i._ZN41_INTERNAL_19_stm32f0xx_hal_tim_c_a9d95b5228TIM_DMAPeriodElapsedHalfCpltEP19__DMA_HandleTypeDef) for i._ZN41_INTERNAL_19_stm32f0xx_hal_tim_c_a9d95b5228TIM_DMAPeriodElapsedHalfCpltEP19__DMA_HandleTypeDef
    stm32f0xx_hal_tim.o(.ARM.exidx) refers to stm32f0xx_hal_tim.o(i.HAL_TIM_PeriodElapsedCallback) for i.HAL_TIM_PeriodElapsedCallback
    stm32f0xx_hal_tim.o(.ARM.exidx) refers to stm32f0xx_hal_tim.o(i._ZN41_INTERNAL_19_stm32f0xx_hal_tim_c_a9d95b5224TIM_DMAPeriodElapsedCpltEP19__DMA_HandleTypeDef) for i._ZN41_INTERNAL_19_stm32f0xx_hal_tim_c_a9d95b5224TIM_DMAPeriodElapsedCpltEP19__DMA_HandleTypeDef
    stm32f0xx_hal_tim.o(.ARM.exidx) refers to stm32f0xx_hal_tim.o(i.HAL_TIM_Base_Start_DMA) for i.HAL_TIM_Base_Start_DMA
    stm32f0xx_hal_tim.o(.ARM.exidx) refers to stm32f0xx_hal_tim.o(i.HAL_TIM_Base_Stop_DMA) for i.HAL_TIM_Base_Stop_DMA
    stm32f0xx_hal_tim.o(.ARM.exidx) refers to stm32f0xx_hal_tim.o(i.HAL_TIM_OC_MspInit) for i.HAL_TIM_OC_MspInit
    stm32f0xx_hal_tim.o(.ARM.exidx) refers to stm32f0xx_hal_tim.o(i.HAL_TIM_OC_Init) for i.HAL_TIM_OC_Init
    stm32f0xx_hal_tim.o(.ARM.exidx) refers to stm32f0xx_hal_tim.o(i.HAL_TIM_OC_MspDeInit) for i.HAL_TIM_OC_MspDeInit
    stm32f0xx_hal_tim.o(.ARM.exidx) refers to stm32f0xx_hal_tim.o(i.HAL_TIM_OC_DeInit) for i.HAL_TIM_OC_DeInit
    stm32f0xx_hal_tim.o(.ARM.exidx) refers to stm32f0xx_hal_tim.o(i.TIM_CCxChannelCmd) for i.TIM_CCxChannelCmd
    stm32f0xx_hal_tim.o(.ARM.exidx) refers to stm32f0xx_hal_tim.o(i.HAL_TIM_OC_Start) for i.HAL_TIM_OC_Start
    stm32f0xx_hal_tim.o(.ARM.exidx) refers to stm32f0xx_hal_tim.o(i.HAL_TIM_OC_Stop) for i.HAL_TIM_OC_Stop
    stm32f0xx_hal_tim.o(.ARM.exidx) refers to stm32f0xx_hal_tim.o(i.HAL_TIM_OC_Start_IT) for i.HAL_TIM_OC_Start_IT
    stm32f0xx_hal_tim.o(.ARM.exidx) refers to stm32f0xx_hal_tim.o(i.HAL_TIM_OC_Stop_IT) for i.HAL_TIM_OC_Stop_IT
    stm32f0xx_hal_tim.o(.ARM.exidx) refers to stm32f0xx_hal_tim.o(i.HAL_TIM_PWM_PulseFinishedHalfCpltCallback) for i.HAL_TIM_PWM_PulseFinishedHalfCpltCallback
    stm32f0xx_hal_tim.o(.ARM.exidx) refers to stm32f0xx_hal_tim.o(i.TIM_DMADelayPulseHalfCplt) for i.TIM_DMADelayPulseHalfCplt
    stm32f0xx_hal_tim.o(.ARM.exidx) refers to stm32f0xx_hal_tim.o(i.HAL_TIM_PWM_PulseFinishedCallback) for i.HAL_TIM_PWM_PulseFinishedCallback
    stm32f0xx_hal_tim.o(.ARM.exidx) refers to stm32f0xx_hal_tim.o(i._ZN41_INTERNAL_19_stm32f0xx_hal_tim_c_a9d95b5221TIM_DMADelayPulseCpltEP19__DMA_HandleTypeDef) for i._ZN41_INTERNAL_19_stm32f0xx_hal_tim_c_a9d95b5221TIM_DMADelayPulseCpltEP19__DMA_HandleTypeDef
    stm32f0xx_hal_tim.o(.ARM.exidx) refers to stm32f0xx_hal_tim.o(i.HAL_TIM_OC_Start_DMA) for i.HAL_TIM_OC_Start_DMA
    stm32f0xx_hal_tim.o(.ARM.exidx) refers to stm32f0xx_hal_tim.o(i.HAL_TIM_OC_Stop_DMA) for i.HAL_TIM_OC_Stop_DMA
    stm32f0xx_hal_tim.o(.ARM.exidx) refers to stm32f0xx_hal_tim.o(i.HAL_TIM_PWM_MspInit) for i.HAL_TIM_PWM_MspInit
    stm32f0xx_hal_tim.o(.ARM.exidx) refers to stm32f0xx_hal_tim.o(i.HAL_TIM_PWM_Init) for i.HAL_TIM_PWM_Init
    stm32f0xx_hal_tim.o(.ARM.exidx) refers to stm32f0xx_hal_tim.o(i.HAL_TIM_PWM_MspDeInit) for i.HAL_TIM_PWM_MspDeInit
    stm32f0xx_hal_tim.o(.ARM.exidx) refers to stm32f0xx_hal_tim.o(i.HAL_TIM_PWM_DeInit) for i.HAL_TIM_PWM_DeInit
    stm32f0xx_hal_tim.o(.ARM.exidx) refers to stm32f0xx_hal_tim.o(i.HAL_TIM_PWM_Start) for i.HAL_TIM_PWM_Start
    stm32f0xx_hal_tim.o(.ARM.exidx) refers to stm32f0xx_hal_tim.o(i.HAL_TIM_PWM_Stop) for i.HAL_TIM_PWM_Stop
    stm32f0xx_hal_tim.o(.ARM.exidx) refers to stm32f0xx_hal_tim.o(i.HAL_TIM_PWM_Start_IT) for i.HAL_TIM_PWM_Start_IT
    stm32f0xx_hal_tim.o(.ARM.exidx) refers to stm32f0xx_hal_tim.o(i.HAL_TIM_PWM_Stop_IT) for i.HAL_TIM_PWM_Stop_IT
    stm32f0xx_hal_tim.o(.ARM.exidx) refers to stm32f0xx_hal_tim.o(i.HAL_TIM_PWM_Start_DMA) for i.HAL_TIM_PWM_Start_DMA
    stm32f0xx_hal_tim.o(.ARM.exidx) refers to stm32f0xx_hal_tim.o(i.HAL_TIM_PWM_Stop_DMA) for i.HAL_TIM_PWM_Stop_DMA
    stm32f0xx_hal_tim.o(.ARM.exidx) refers to stm32f0xx_hal_tim.o(i.HAL_TIM_IC_MspInit) for i.HAL_TIM_IC_MspInit
    stm32f0xx_hal_tim.o(.ARM.exidx) refers to stm32f0xx_hal_tim.o(i.HAL_TIM_IC_Init) for i.HAL_TIM_IC_Init
    stm32f0xx_hal_tim.o(.ARM.exidx) refers to stm32f0xx_hal_tim.o(i.HAL_TIM_IC_MspDeInit) for i.HAL_TIM_IC_MspDeInit
    stm32f0xx_hal_tim.o(.ARM.exidx) refers to stm32f0xx_hal_tim.o(i.HAL_TIM_IC_DeInit) for i.HAL_TIM_IC_DeInit
    stm32f0xx_hal_tim.o(.ARM.exidx) refers to stm32f0xx_hal_tim.o(i.HAL_TIM_IC_Start) for i.HAL_TIM_IC_Start
    stm32f0xx_hal_tim.o(.ARM.exidx) refers to stm32f0xx_hal_tim.o(i.HAL_TIM_IC_Stop) for i.HAL_TIM_IC_Stop
    stm32f0xx_hal_tim.o(.ARM.exidx) refers to stm32f0xx_hal_tim.o(i.HAL_TIM_IC_Start_IT) for i.HAL_TIM_IC_Start_IT
    stm32f0xx_hal_tim.o(.ARM.exidx) refers to stm32f0xx_hal_tim.o(i.HAL_TIM_IC_Stop_IT) for i.HAL_TIM_IC_Stop_IT
    stm32f0xx_hal_tim.o(.ARM.exidx) refers to stm32f0xx_hal_tim.o(i.HAL_TIM_IC_CaptureHalfCpltCallback) for i.HAL_TIM_IC_CaptureHalfCpltCallback
    stm32f0xx_hal_tim.o(.ARM.exidx) refers to stm32f0xx_hal_tim.o(i.TIM_DMACaptureHalfCplt) for i.TIM_DMACaptureHalfCplt
    stm32f0xx_hal_tim.o(.ARM.exidx) refers to stm32f0xx_hal_tim.o(i.HAL_TIM_IC_CaptureCallback) for i.HAL_TIM_IC_CaptureCallback
    stm32f0xx_hal_tim.o(.ARM.exidx) refers to stm32f0xx_hal_tim.o(i.TIM_DMACaptureCplt) for i.TIM_DMACaptureCplt
    stm32f0xx_hal_tim.o(.ARM.exidx) refers to stm32f0xx_hal_tim.o(i.HAL_TIM_IC_Start_DMA) for i.HAL_TIM_IC_Start_DMA
    stm32f0xx_hal_tim.o(.ARM.exidx) refers to stm32f0xx_hal_tim.o(i.HAL_TIM_IC_Stop_DMA) for i.HAL_TIM_IC_Stop_DMA
    stm32f0xx_hal_tim.o(.ARM.exidx) refers to stm32f0xx_hal_tim.o(i.HAL_TIM_OnePulse_MspInit) for i.HAL_TIM_OnePulse_MspInit
    stm32f0xx_hal_tim.o(.ARM.exidx) refers to stm32f0xx_hal_tim.o(i.HAL_TIM_OnePulse_Init) for i.HAL_TIM_OnePulse_Init
    stm32f0xx_hal_tim.o(.ARM.exidx) refers to stm32f0xx_hal_tim.o(i.HAL_TIM_OnePulse_MspDeInit) for i.HAL_TIM_OnePulse_MspDeInit
    stm32f0xx_hal_tim.o(.ARM.exidx) refers to stm32f0xx_hal_tim.o(i.HAL_TIM_OnePulse_DeInit) for i.HAL_TIM_OnePulse_DeInit
    stm32f0xx_hal_tim.o(.ARM.exidx) refers to stm32f0xx_hal_tim.o(i.HAL_TIM_OnePulse_Start) for i.HAL_TIM_OnePulse_Start
    stm32f0xx_hal_tim.o(.ARM.exidx) refers to stm32f0xx_hal_tim.o(i.HAL_TIM_OnePulse_Stop) for i.HAL_TIM_OnePulse_Stop
    stm32f0xx_hal_tim.o(.ARM.exidx) refers to stm32f0xx_hal_tim.o(i.HAL_TIM_OnePulse_Start_IT) for i.HAL_TIM_OnePulse_Start_IT
    stm32f0xx_hal_tim.o(.ARM.exidx) refers to stm32f0xx_hal_tim.o(i.HAL_TIM_OnePulse_Stop_IT) for i.HAL_TIM_OnePulse_Stop_IT
    stm32f0xx_hal_tim.o(.ARM.exidx) refers to stm32f0xx_hal_tim.o(i.HAL_TIM_Encoder_MspInit) for i.HAL_TIM_Encoder_MspInit
    stm32f0xx_hal_tim.o(.ARM.exidx) refers to stm32f0xx_hal_tim.o(i.HAL_TIM_Encoder_Init) for i.HAL_TIM_Encoder_Init
    stm32f0xx_hal_tim.o(.ARM.exidx) refers to stm32f0xx_hal_tim.o(i.HAL_TIM_Encoder_MspDeInit) for i.HAL_TIM_Encoder_MspDeInit
    stm32f0xx_hal_tim.o(.ARM.exidx) refers to stm32f0xx_hal_tim.o(i.HAL_TIM_Encoder_DeInit) for i.HAL_TIM_Encoder_DeInit
    stm32f0xx_hal_tim.o(.ARM.exidx) refers to stm32f0xx_hal_tim.o(i.HAL_TIM_Encoder_Start) for i.HAL_TIM_Encoder_Start
    stm32f0xx_hal_tim.o(.ARM.exidx) refers to stm32f0xx_hal_tim.o(i.HAL_TIM_Encoder_Stop) for i.HAL_TIM_Encoder_Stop
    stm32f0xx_hal_tim.o(.ARM.exidx) refers to stm32f0xx_hal_tim.o(i.HAL_TIM_Encoder_Start_IT) for i.HAL_TIM_Encoder_Start_IT
    stm32f0xx_hal_tim.o(.ARM.exidx) refers to stm32f0xx_hal_tim.o(i.HAL_TIM_Encoder_Stop_IT) for i.HAL_TIM_Encoder_Stop_IT
    stm32f0xx_hal_tim.o(.ARM.exidx) refers to stm32f0xx_hal_tim.o(i.HAL_TIM_Encoder_Start_DMA) for i.HAL_TIM_Encoder_Start_DMA
    stm32f0xx_hal_tim.o(.ARM.exidx) refers to stm32f0xx_hal_tim.o(i.HAL_TIM_Encoder_Stop_DMA) for i.HAL_TIM_Encoder_Stop_DMA
    stm32f0xx_hal_tim.o(.ARM.exidx) refers to stm32f0xx_hal_tim.o(i.HAL_TIM_TriggerCallback) for i.HAL_TIM_TriggerCallback
    stm32f0xx_hal_tim.o(.ARM.exidx) refers to stm32f0xx_hal_tim.o(i.HAL_TIM_OC_DelayElapsedCallback) for i.HAL_TIM_OC_DelayElapsedCallback
    stm32f0xx_hal_tim.o(.ARM.exidx) refers to stm32f0xx_hal_tim.o(i.HAL_TIM_IRQHandler) for i.HAL_TIM_IRQHandler
    stm32f0xx_hal_tim.o(.ARM.exidx) refers to stm32f0xx_hal_tim.o(i._ZN41_INTERNAL_19_stm32f0xx_hal_tim_c_a9d95b5217TIM_OC4_SetConfigEP11TIM_TypeDefPK18TIM_OC_InitTypeDef) for i._ZN41_INTERNAL_19_stm32f0xx_hal_tim_c_a9d95b5217TIM_OC4_SetConfigEP11TIM_TypeDefPK18TIM_OC_InitTypeDef
    stm32f0xx_hal_tim.o(.ARM.exidx) refers to stm32f0xx_hal_tim.o(i._ZN41_INTERNAL_19_stm32f0xx_hal_tim_c_a9d95b5217TIM_OC3_SetConfigEP11TIM_TypeDefPK18TIM_OC_InitTypeDef) for i._ZN41_INTERNAL_19_stm32f0xx_hal_tim_c_a9d95b5217TIM_OC3_SetConfigEP11TIM_TypeDefPK18TIM_OC_InitTypeDef
    stm32f0xx_hal_tim.o(.ARM.exidx) refers to stm32f0xx_hal_tim.o(i.TIM_OC2_SetConfig) for i.TIM_OC2_SetConfig
    stm32f0xx_hal_tim.o(.ARM.exidx) refers to stm32f0xx_hal_tim.o(i._ZN41_INTERNAL_19_stm32f0xx_hal_tim_c_a9d95b5217TIM_OC1_SetConfigEP11TIM_TypeDefPK18TIM_OC_InitTypeDef) for i._ZN41_INTERNAL_19_stm32f0xx_hal_tim_c_a9d95b5217TIM_OC1_SetConfigEP11TIM_TypeDefPK18TIM_OC_InitTypeDef
    stm32f0xx_hal_tim.o(.ARM.exidx) refers to stm32f0xx_hal_tim.o(i.HAL_TIM_OC_ConfigChannel) for i.HAL_TIM_OC_ConfigChannel
    stm32f0xx_hal_tim.o(.ARM.exidx) refers to stm32f0xx_hal_tim.o(i._ZN41_INTERNAL_19_stm32f0xx_hal_tim_c_a9d95b5217TIM_TI4_SetConfigEP11TIM_TypeDefjjj) for i._ZN41_INTERNAL_19_stm32f0xx_hal_tim_c_a9d95b5217TIM_TI4_SetConfigEP11TIM_TypeDefjjj
    stm32f0xx_hal_tim.o(.ARM.exidx) refers to stm32f0xx_hal_tim.o(i._ZN41_INTERNAL_19_stm32f0xx_hal_tim_c_a9d95b5217TIM_TI3_SetConfigEP11TIM_TypeDefjjj) for i._ZN41_INTERNAL_19_stm32f0xx_hal_tim_c_a9d95b5217TIM_TI3_SetConfigEP11TIM_TypeDefjjj
    stm32f0xx_hal_tim.o(.ARM.exidx) refers to stm32f0xx_hal_tim.o(i._ZN41_INTERNAL_19_stm32f0xx_hal_tim_c_a9d95b5217TIM_TI2_SetConfigEP11TIM_TypeDefjjj) for i._ZN41_INTERNAL_19_stm32f0xx_hal_tim_c_a9d95b5217TIM_TI2_SetConfigEP11TIM_TypeDefjjj
    stm32f0xx_hal_tim.o(.ARM.exidx) refers to stm32f0xx_hal_tim.o(i.TIM_TI1_SetConfig) for i.TIM_TI1_SetConfig
    stm32f0xx_hal_tim.o(.ARM.exidx) refers to stm32f0xx_hal_tim.o(i.HAL_TIM_IC_ConfigChannel) for i.HAL_TIM_IC_ConfigChannel
    stm32f0xx_hal_tim.o(.ARM.exidx) refers to stm32f0xx_hal_tim.o(i.HAL_TIM_PWM_ConfigChannel) for i.HAL_TIM_PWM_ConfigChannel
    stm32f0xx_hal_tim.o(.ARM.exidx) refers to stm32f0xx_hal_tim.o(i.HAL_TIM_OnePulse_ConfigChannel) for i.HAL_TIM_OnePulse_ConfigChannel
    stm32f0xx_hal_tim.o(.ARM.exidx) refers to stm32f0xx_hal_tim.o(i.HAL_TIM_TriggerHalfCpltCallback) for i.HAL_TIM_TriggerHalfCpltCallback
    stm32f0xx_hal_tim.o(.ARM.exidx) refers to stm32f0xx_hal_tim.o(i._ZN41_INTERNAL_19_stm32f0xx_hal_tim_c_a9d95b5222TIM_DMATriggerHalfCpltEP19__DMA_HandleTypeDef) for i._ZN41_INTERNAL_19_stm32f0xx_hal_tim_c_a9d95b5222TIM_DMATriggerHalfCpltEP19__DMA_HandleTypeDef
    stm32f0xx_hal_tim.o(.ARM.exidx) refers to stm32f0xx_hal_tim.o(i._ZN41_INTERNAL_19_stm32f0xx_hal_tim_c_a9d95b5218TIM_DMATriggerCpltEP19__DMA_HandleTypeDef) for i._ZN41_INTERNAL_19_stm32f0xx_hal_tim_c_a9d95b5218TIM_DMATriggerCpltEP19__DMA_HandleTypeDef
    stm32f0xx_hal_tim.o(.ARM.exidx) refers to stm32f0xx_hal_tim.o(i.HAL_TIM_DMABurst_MultiWriteStart) for i.HAL_TIM_DMABurst_MultiWriteStart
    stm32f0xx_hal_tim.o(.ARM.exidx) refers to stm32f0xx_hal_tim.o(i.HAL_TIM_DMABurst_WriteStart) for i.HAL_TIM_DMABurst_WriteStart
    stm32f0xx_hal_tim.o(.ARM.exidx) refers to stm32f0xx_hal_tim.o(i.HAL_TIM_DMABurst_WriteStop) for i.HAL_TIM_DMABurst_WriteStop
    stm32f0xx_hal_tim.o(.ARM.exidx) refers to stm32f0xx_hal_tim.o(i.HAL_TIM_DMABurst_MultiReadStart) for i.HAL_TIM_DMABurst_MultiReadStart
    stm32f0xx_hal_tim.o(.ARM.exidx) refers to stm32f0xx_hal_tim.o(i.HAL_TIM_DMABurst_ReadStart) for i.HAL_TIM_DMABurst_ReadStart
    stm32f0xx_hal_tim.o(.ARM.exidx) refers to stm32f0xx_hal_tim.o(i.HAL_TIM_DMABurst_ReadStop) for i.HAL_TIM_DMABurst_ReadStop
    stm32f0xx_hal_tim.o(.ARM.exidx) refers to stm32f0xx_hal_tim.o(i.HAL_TIM_GenerateEvent) for i.HAL_TIM_GenerateEvent
    stm32f0xx_hal_tim.o(.ARM.exidx) refers to stm32f0xx_hal_tim.o(i.TIM_ETR_SetConfig) for i.TIM_ETR_SetConfig
    stm32f0xx_hal_tim.o(.ARM.exidx) refers to stm32f0xx_hal_tim.o(i.HAL_TIM_ConfigOCrefClear) for i.HAL_TIM_ConfigOCrefClear
    stm32f0xx_hal_tim.o(.ARM.exidx) refers to stm32f0xx_hal_tim.o(i._ZN41_INTERNAL_19_stm32f0xx_hal_tim_c_a9d95b5218TIM_ITRx_SetConfigEP11TIM_TypeDefj) for i._ZN41_INTERNAL_19_stm32f0xx_hal_tim_c_a9d95b5218TIM_ITRx_SetConfigEP11TIM_TypeDefj
    stm32f0xx_hal_tim.o(.ARM.exidx) refers to stm32f0xx_hal_tim.o(i._ZN41_INTERNAL_19_stm32f0xx_hal_tim_c_a9d95b5224TIM_TI1_ConfigInputStageEP11TIM_TypeDefjj) for i._ZN41_INTERNAL_19_stm32f0xx_hal_tim_c_a9d95b5224TIM_TI1_ConfigInputStageEP11TIM_TypeDefjj
    stm32f0xx_hal_tim.o(.ARM.exidx) refers to stm32f0xx_hal_tim.o(i._ZN41_INTERNAL_19_stm32f0xx_hal_tim_c_a9d95b5224TIM_TI2_ConfigInputStageEP11TIM_TypeDefjj) for i._ZN41_INTERNAL_19_stm32f0xx_hal_tim_c_a9d95b5224TIM_TI2_ConfigInputStageEP11TIM_TypeDefjj
    stm32f0xx_hal_tim.o(.ARM.exidx) refers to stm32f0xx_hal_tim.o(i.HAL_TIM_ConfigClockSource) for i.HAL_TIM_ConfigClockSource
    stm32f0xx_hal_tim.o(.ARM.exidx) refers to stm32f0xx_hal_tim.o(i.HAL_TIM_ConfigTI1Input) for i.HAL_TIM_ConfigTI1Input
    stm32f0xx_hal_tim.o(.ARM.exidx) refers to stm32f0xx_hal_tim.o(i._ZN41_INTERNAL_19_stm32f0xx_hal_tim_c_a9d95b5224TIM_SlaveTimer_SetConfigEP17TIM_HandleTypeDefPK22TIM_SlaveConfigTypeDef) for i._ZN41_INTERNAL_19_stm32f0xx_hal_tim_c_a9d95b5224TIM_SlaveTimer_SetConfigEP17TIM_HandleTypeDefPK22TIM_SlaveConfigTypeDef
    stm32f0xx_hal_tim.o(.ARM.exidx) refers to stm32f0xx_hal_tim.o(i.HAL_TIM_SlaveConfigSynchro) for i.HAL_TIM_SlaveConfigSynchro
    stm32f0xx_hal_tim.o(.ARM.exidx) refers to stm32f0xx_hal_tim.o(i.HAL_TIM_SlaveConfigSynchro_IT) for i.HAL_TIM_SlaveConfigSynchro_IT
    stm32f0xx_hal_tim.o(.ARM.exidx) refers to stm32f0xx_hal_tim.o(i.HAL_TIM_ReadCapturedValue) for i.HAL_TIM_ReadCapturedValue
    stm32f0xx_hal_tim.o(.ARM.exidx) refers to stm32f0xx_hal_tim.o(i.HAL_TIM_Base_GetState) for i.HAL_TIM_Base_GetState
    stm32f0xx_hal_tim.o(.ARM.exidx) refers to stm32f0xx_hal_tim.o(i.HAL_TIM_OC_GetState) for i.HAL_TIM_OC_GetState
    stm32f0xx_hal_tim.o(.ARM.exidx) refers to stm32f0xx_hal_tim.o(i.HAL_TIM_PWM_GetState) for i.HAL_TIM_PWM_GetState
    stm32f0xx_hal_tim.o(.ARM.exidx) refers to stm32f0xx_hal_tim.o(i.HAL_TIM_IC_GetState) for i.HAL_TIM_IC_GetState
    stm32f0xx_hal_tim.o(.ARM.exidx) refers to stm32f0xx_hal_tim.o(i.HAL_TIM_OnePulse_GetState) for i.HAL_TIM_OnePulse_GetState
    stm32f0xx_hal_tim.o(.ARM.exidx) refers to stm32f0xx_hal_tim.o(i.HAL_TIM_Encoder_GetState) for i.HAL_TIM_Encoder_GetState
    stm32f0xx_hal_tim.o(.ARM.exidx) refers to stm32f0xx_hal_tim.o(i.HAL_TIM_GetActiveChannel) for i.HAL_TIM_GetActiveChannel
    stm32f0xx_hal_tim.o(.ARM.exidx) refers to stm32f0xx_hal_tim.o(i.HAL_TIM_GetChannelState) for i.HAL_TIM_GetChannelState
    stm32f0xx_hal_tim.o(.ARM.exidx) refers to stm32f0xx_hal_tim.o(i.HAL_TIM_DMABurstState) for i.HAL_TIM_DMABurstState
    stm32f0xx_hal_tim_ex.o(i.HAL_TIMEx_ConfigCommutEvent_DMA) refers to stm32f0xx_hal_tim_ex.o(i.TIMEx_DMACommutationCplt) for TIMEx_DMACommutationCplt
    stm32f0xx_hal_tim_ex.o(i.HAL_TIMEx_ConfigCommutEvent_DMA) refers to stm32f0xx_hal_tim_ex.o(i.TIMEx_DMACommutationHalfCplt) for TIMEx_DMACommutationHalfCplt
    stm32f0xx_hal_tim_ex.o(i.HAL_TIMEx_ConfigCommutEvent_DMA) refers to stm32f0xx_hal_tim.o(i.TIM_DMAError) for TIM_DMAError
    stm32f0xx_hal_tim_ex.o(i.HAL_TIMEx_HallSensor_DeInit) refers to stm32f0xx_hal_tim_ex.o(i.HAL_TIMEx_HallSensor_MspDeInit) for HAL_TIMEx_HallSensor_MspDeInit
    stm32f0xx_hal_tim_ex.o(i.HAL_TIMEx_HallSensor_Init) refers to stm32f0xx_hal_tim_ex.o(i.HAL_TIMEx_HallSensor_MspInit) for HAL_TIMEx_HallSensor_MspInit
    stm32f0xx_hal_tim_ex.o(i.HAL_TIMEx_HallSensor_Init) refers to stm32f0xx_hal_tim.o(i.TIM_Base_SetConfig) for TIM_Base_SetConfig
    stm32f0xx_hal_tim_ex.o(i.HAL_TIMEx_HallSensor_Init) refers to stm32f0xx_hal_tim.o(i.TIM_TI1_SetConfig) for TIM_TI1_SetConfig
    stm32f0xx_hal_tim_ex.o(i.HAL_TIMEx_HallSensor_Init) refers to stm32f0xx_hal_tim.o(i.TIM_OC2_SetConfig) for TIM_OC2_SetConfig
    stm32f0xx_hal_tim_ex.o(i.HAL_TIMEx_HallSensor_Start) refers to stm32f0xx_hal_tim.o(i.TIM_CCxChannelCmd) for TIM_CCxChannelCmd
    stm32f0xx_hal_tim_ex.o(i.HAL_TIMEx_HallSensor_Start_DMA) refers to stm32f0xx_hal_tim.o(i.TIM_CCxChannelCmd) for TIM_CCxChannelCmd
    stm32f0xx_hal_tim_ex.o(i.HAL_TIMEx_HallSensor_Start_DMA) refers to stm32f0xx_hal_dma.o(i.HAL_DMA_Start_IT) for HAL_DMA_Start_IT
    stm32f0xx_hal_tim_ex.o(i.HAL_TIMEx_HallSensor_Start_DMA) refers to stm32f0xx_hal_tim.o(i.TIM_DMACaptureCplt) for TIM_DMACaptureCplt
    stm32f0xx_hal_tim_ex.o(i.HAL_TIMEx_HallSensor_Start_DMA) refers to stm32f0xx_hal_tim.o(i.TIM_DMACaptureHalfCplt) for TIM_DMACaptureHalfCplt
    stm32f0xx_hal_tim_ex.o(i.HAL_TIMEx_HallSensor_Start_DMA) refers to stm32f0xx_hal_tim.o(i.TIM_DMAError) for TIM_DMAError
    stm32f0xx_hal_tim_ex.o(i.HAL_TIMEx_HallSensor_Start_IT) refers to stm32f0xx_hal_tim.o(i.TIM_CCxChannelCmd) for TIM_CCxChannelCmd
    stm32f0xx_hal_tim_ex.o(i.HAL_TIMEx_HallSensor_Stop) refers to stm32f0xx_hal_tim.o(i.TIM_CCxChannelCmd) for TIM_CCxChannelCmd
    stm32f0xx_hal_tim_ex.o(i.HAL_TIMEx_HallSensor_Stop_DMA) refers to stm32f0xx_hal_tim.o(i.TIM_CCxChannelCmd) for TIM_CCxChannelCmd
    stm32f0xx_hal_tim_ex.o(i.HAL_TIMEx_HallSensor_Stop_DMA) refers to stm32f0xx_hal_dma.o(i.HAL_DMA_Abort_IT) for HAL_DMA_Abort_IT
    stm32f0xx_hal_tim_ex.o(i.HAL_TIMEx_HallSensor_Stop_IT) refers to stm32f0xx_hal_tim.o(i.TIM_CCxChannelCmd) for TIM_CCxChannelCmd
    stm32f0xx_hal_tim_ex.o(i.HAL_TIMEx_OCN_Start) refers to stm32f0xx_hal_tim_ex.o(i._ZN44_INTERNAL_22_stm32f0xx_hal_tim_ex_c_e8ef392018TIM_CCxNChannelCmdEP11TIM_TypeDefjj) for [local to stm32f0xx_hal_tim_ex_c]::TIM_CCxNChannelCmd(TIM_TypeDef*, unsigned, unsigned)
    stm32f0xx_hal_tim_ex.o(i.HAL_TIMEx_OCN_Start_DMA) refers to stm32f0xx_hal_dma.o(i.HAL_DMA_Start_IT) for HAL_DMA_Start_IT
    stm32f0xx_hal_tim_ex.o(i.HAL_TIMEx_OCN_Start_DMA) refers to stm32f0xx_hal_tim_ex.o(i._ZN44_INTERNAL_22_stm32f0xx_hal_tim_ex_c_e8ef392018TIM_CCxNChannelCmdEP11TIM_TypeDefjj) for [local to stm32f0xx_hal_tim_ex_c]::TIM_CCxNChannelCmd(TIM_TypeDef*, unsigned, unsigned)
    stm32f0xx_hal_tim_ex.o(i.HAL_TIMEx_OCN_Start_DMA) refers to stm32f0xx_hal_tim_ex.o(i._ZN44_INTERNAL_22_stm32f0xx_hal_tim_ex_c_e8ef392022TIM_DMADelayPulseNCpltEP19__DMA_HandleTypeDef) for [local to stm32f0xx_hal_tim_ex_c]::TIM_DMADelayPulseNCplt(__DMA_HandleTypeDef*)
    stm32f0xx_hal_tim_ex.o(i.HAL_TIMEx_OCN_Start_DMA) refers to stm32f0xx_hal_tim.o(i.TIM_DMADelayPulseHalfCplt) for TIM_DMADelayPulseHalfCplt
    stm32f0xx_hal_tim_ex.o(i.HAL_TIMEx_OCN_Start_DMA) refers to stm32f0xx_hal_tim_ex.o(i._ZN44_INTERNAL_22_stm32f0xx_hal_tim_ex_c_e8ef392016TIM_DMAErrorCCxNEP19__DMA_HandleTypeDef) for [local to stm32f0xx_hal_tim_ex_c]::TIM_DMAErrorCCxN(__DMA_HandleTypeDef*)
    stm32f0xx_hal_tim_ex.o(i.HAL_TIMEx_OCN_Start_IT) refers to stm32f0xx_hal_tim_ex.o(i._ZN44_INTERNAL_22_stm32f0xx_hal_tim_ex_c_e8ef392018TIM_CCxNChannelCmdEP11TIM_TypeDefjj) for [local to stm32f0xx_hal_tim_ex_c]::TIM_CCxNChannelCmd(TIM_TypeDef*, unsigned, unsigned)
    stm32f0xx_hal_tim_ex.o(i.HAL_TIMEx_OCN_Stop) refers to stm32f0xx_hal_tim_ex.o(i._ZN44_INTERNAL_22_stm32f0xx_hal_tim_ex_c_e8ef392018TIM_CCxNChannelCmdEP11TIM_TypeDefjj) for [local to stm32f0xx_hal_tim_ex_c]::TIM_CCxNChannelCmd(TIM_TypeDef*, unsigned, unsigned)
    stm32f0xx_hal_tim_ex.o(i.HAL_TIMEx_OCN_Stop_DMA) refers to stm32f0xx_hal_dma.o(i.HAL_DMA_Abort_IT) for HAL_DMA_Abort_IT
    stm32f0xx_hal_tim_ex.o(i.HAL_TIMEx_OCN_Stop_DMA) refers to stm32f0xx_hal_tim_ex.o(i._ZN44_INTERNAL_22_stm32f0xx_hal_tim_ex_c_e8ef392018TIM_CCxNChannelCmdEP11TIM_TypeDefjj) for [local to stm32f0xx_hal_tim_ex_c]::TIM_CCxNChannelCmd(TIM_TypeDef*, unsigned, unsigned)
    stm32f0xx_hal_tim_ex.o(i.HAL_TIMEx_OCN_Stop_IT) refers to stm32f0xx_hal_tim_ex.o(i._ZN44_INTERNAL_22_stm32f0xx_hal_tim_ex_c_e8ef392018TIM_CCxNChannelCmdEP11TIM_TypeDefjj) for [local to stm32f0xx_hal_tim_ex_c]::TIM_CCxNChannelCmd(TIM_TypeDef*, unsigned, unsigned)
    stm32f0xx_hal_tim_ex.o(i.HAL_TIMEx_OnePulseN_Start) refers to stm32f0xx_hal_tim_ex.o(i._ZN44_INTERNAL_22_stm32f0xx_hal_tim_ex_c_e8ef392018TIM_CCxNChannelCmdEP11TIM_TypeDefjj) for [local to stm32f0xx_hal_tim_ex_c]::TIM_CCxNChannelCmd(TIM_TypeDef*, unsigned, unsigned)
    stm32f0xx_hal_tim_ex.o(i.HAL_TIMEx_OnePulseN_Start) refers to stm32f0xx_hal_tim.o(i.TIM_CCxChannelCmd) for TIM_CCxChannelCmd
    stm32f0xx_hal_tim_ex.o(i.HAL_TIMEx_OnePulseN_Start_IT) refers to stm32f0xx_hal_tim_ex.o(i._ZN44_INTERNAL_22_stm32f0xx_hal_tim_ex_c_e8ef392018TIM_CCxNChannelCmdEP11TIM_TypeDefjj) for [local to stm32f0xx_hal_tim_ex_c]::TIM_CCxNChannelCmd(TIM_TypeDef*, unsigned, unsigned)
    stm32f0xx_hal_tim_ex.o(i.HAL_TIMEx_OnePulseN_Start_IT) refers to stm32f0xx_hal_tim.o(i.TIM_CCxChannelCmd) for TIM_CCxChannelCmd
    stm32f0xx_hal_tim_ex.o(i.HAL_TIMEx_OnePulseN_Stop) refers to stm32f0xx_hal_tim_ex.o(i._ZN44_INTERNAL_22_stm32f0xx_hal_tim_ex_c_e8ef392018TIM_CCxNChannelCmdEP11TIM_TypeDefjj) for [local to stm32f0xx_hal_tim_ex_c]::TIM_CCxNChannelCmd(TIM_TypeDef*, unsigned, unsigned)
    stm32f0xx_hal_tim_ex.o(i.HAL_TIMEx_OnePulseN_Stop) refers to stm32f0xx_hal_tim.o(i.TIM_CCxChannelCmd) for TIM_CCxChannelCmd
    stm32f0xx_hal_tim_ex.o(i.HAL_TIMEx_OnePulseN_Stop_IT) refers to stm32f0xx_hal_tim_ex.o(i._ZN44_INTERNAL_22_stm32f0xx_hal_tim_ex_c_e8ef392018TIM_CCxNChannelCmdEP11TIM_TypeDefjj) for [local to stm32f0xx_hal_tim_ex_c]::TIM_CCxNChannelCmd(TIM_TypeDef*, unsigned, unsigned)
    stm32f0xx_hal_tim_ex.o(i.HAL_TIMEx_OnePulseN_Stop_IT) refers to stm32f0xx_hal_tim.o(i.TIM_CCxChannelCmd) for TIM_CCxChannelCmd
    stm32f0xx_hal_tim_ex.o(i.HAL_TIMEx_PWMN_Start) refers to stm32f0xx_hal_tim_ex.o(i._ZN44_INTERNAL_22_stm32f0xx_hal_tim_ex_c_e8ef392018TIM_CCxNChannelCmdEP11TIM_TypeDefjj) for [local to stm32f0xx_hal_tim_ex_c]::TIM_CCxNChannelCmd(TIM_TypeDef*, unsigned, unsigned)
    stm32f0xx_hal_tim_ex.o(i.HAL_TIMEx_PWMN_Start_DMA) refers to stm32f0xx_hal_dma.o(i.HAL_DMA_Start_IT) for HAL_DMA_Start_IT
    stm32f0xx_hal_tim_ex.o(i.HAL_TIMEx_PWMN_Start_DMA) refers to stm32f0xx_hal_tim_ex.o(i._ZN44_INTERNAL_22_stm32f0xx_hal_tim_ex_c_e8ef392018TIM_CCxNChannelCmdEP11TIM_TypeDefjj) for [local to stm32f0xx_hal_tim_ex_c]::TIM_CCxNChannelCmd(TIM_TypeDef*, unsigned, unsigned)
    stm32f0xx_hal_tim_ex.o(i.HAL_TIMEx_PWMN_Start_DMA) refers to stm32f0xx_hal_tim_ex.o(i._ZN44_INTERNAL_22_stm32f0xx_hal_tim_ex_c_e8ef392022TIM_DMADelayPulseNCpltEP19__DMA_HandleTypeDef) for [local to stm32f0xx_hal_tim_ex_c]::TIM_DMADelayPulseNCplt(__DMA_HandleTypeDef*)
    stm32f0xx_hal_tim_ex.o(i.HAL_TIMEx_PWMN_Start_DMA) refers to stm32f0xx_hal_tim.o(i.TIM_DMADelayPulseHalfCplt) for TIM_DMADelayPulseHalfCplt
    stm32f0xx_hal_tim_ex.o(i.HAL_TIMEx_PWMN_Start_DMA) refers to stm32f0xx_hal_tim_ex.o(i._ZN44_INTERNAL_22_stm32f0xx_hal_tim_ex_c_e8ef392016TIM_DMAErrorCCxNEP19__DMA_HandleTypeDef) for [local to stm32f0xx_hal_tim_ex_c]::TIM_DMAErrorCCxN(__DMA_HandleTypeDef*)
    stm32f0xx_hal_tim_ex.o(i.HAL_TIMEx_PWMN_Start_IT) refers to stm32f0xx_hal_tim_ex.o(i._ZN44_INTERNAL_22_stm32f0xx_hal_tim_ex_c_e8ef392018TIM_CCxNChannelCmdEP11TIM_TypeDefjj) for [local to stm32f0xx_hal_tim_ex_c]::TIM_CCxNChannelCmd(TIM_TypeDef*, unsigned, unsigned)
    stm32f0xx_hal_tim_ex.o(i.HAL_TIMEx_PWMN_Stop) refers to stm32f0xx_hal_tim_ex.o(i._ZN44_INTERNAL_22_stm32f0xx_hal_tim_ex_c_e8ef392018TIM_CCxNChannelCmdEP11TIM_TypeDefjj) for [local to stm32f0xx_hal_tim_ex_c]::TIM_CCxNChannelCmd(TIM_TypeDef*, unsigned, unsigned)
    stm32f0xx_hal_tim_ex.o(i.HAL_TIMEx_PWMN_Stop_DMA) refers to stm32f0xx_hal_dma.o(i.HAL_DMA_Abort_IT) for HAL_DMA_Abort_IT
    stm32f0xx_hal_tim_ex.o(i.HAL_TIMEx_PWMN_Stop_DMA) refers to stm32f0xx_hal_tim_ex.o(i._ZN44_INTERNAL_22_stm32f0xx_hal_tim_ex_c_e8ef392018TIM_CCxNChannelCmdEP11TIM_TypeDefjj) for [local to stm32f0xx_hal_tim_ex_c]::TIM_CCxNChannelCmd(TIM_TypeDef*, unsigned, unsigned)
    stm32f0xx_hal_tim_ex.o(i.HAL_TIMEx_PWMN_Stop_IT) refers to stm32f0xx_hal_tim_ex.o(i._ZN44_INTERNAL_22_stm32f0xx_hal_tim_ex_c_e8ef392018TIM_CCxNChannelCmdEP11TIM_TypeDefjj) for [local to stm32f0xx_hal_tim_ex_c]::TIM_CCxNChannelCmd(TIM_TypeDef*, unsigned, unsigned)
    stm32f0xx_hal_tim_ex.o(i.TIMEx_DMACommutationCplt) refers to stm32f0xx_hal_tim_ex.o(i.HAL_TIMEx_CommutCallback) for HAL_TIMEx_CommutCallback
    stm32f0xx_hal_tim_ex.o(i.TIMEx_DMACommutationHalfCplt) refers to stm32f0xx_hal_tim_ex.o(i.HAL_TIMEx_CommutHalfCpltCallback) for HAL_TIMEx_CommutHalfCpltCallback
    stm32f0xx_hal_tim_ex.o(i._ZN44_INTERNAL_22_stm32f0xx_hal_tim_ex_c_e8ef392016TIM_DMAErrorCCxNEP19__DMA_HandleTypeDef) refers to stm32f0xx_hal_tim.o(i.HAL_TIM_ErrorCallback) for HAL_TIM_ErrorCallback
    stm32f0xx_hal_tim_ex.o(i._ZN44_INTERNAL_22_stm32f0xx_hal_tim_ex_c_e8ef392022TIM_DMADelayPulseNCpltEP19__DMA_HandleTypeDef) refers to stm32f0xx_hal_tim.o(i.HAL_TIM_PWM_PulseFinishedCallback) for HAL_TIM_PWM_PulseFinishedCallback
    stm32f0xx_hal_tim_ex.o(.ARM.exidx) refers to stm32f0xx_hal_tim_ex.o(i.HAL_TIMEx_HallSensor_MspInit) for i.HAL_TIMEx_HallSensor_MspInit
    stm32f0xx_hal_tim_ex.o(.ARM.exidx) refers to stm32f0xx_hal_tim_ex.o(i.HAL_TIMEx_HallSensor_Init) for i.HAL_TIMEx_HallSensor_Init
    stm32f0xx_hal_tim_ex.o(.ARM.exidx) refers to stm32f0xx_hal_tim_ex.o(i.HAL_TIMEx_HallSensor_MspDeInit) for i.HAL_TIMEx_HallSensor_MspDeInit
    stm32f0xx_hal_tim_ex.o(.ARM.exidx) refers to stm32f0xx_hal_tim_ex.o(i.HAL_TIMEx_HallSensor_DeInit) for i.HAL_TIMEx_HallSensor_DeInit
    stm32f0xx_hal_tim_ex.o(.ARM.exidx) refers to stm32f0xx_hal_tim_ex.o(i.HAL_TIMEx_HallSensor_Start) for i.HAL_TIMEx_HallSensor_Start
    stm32f0xx_hal_tim_ex.o(.ARM.exidx) refers to stm32f0xx_hal_tim_ex.o(i.HAL_TIMEx_HallSensor_Stop) for i.HAL_TIMEx_HallSensor_Stop
    stm32f0xx_hal_tim_ex.o(.ARM.exidx) refers to stm32f0xx_hal_tim_ex.o(i.HAL_TIMEx_HallSensor_Start_IT) for i.HAL_TIMEx_HallSensor_Start_IT
    stm32f0xx_hal_tim_ex.o(.ARM.exidx) refers to stm32f0xx_hal_tim_ex.o(i.HAL_TIMEx_HallSensor_Stop_IT) for i.HAL_TIMEx_HallSensor_Stop_IT
    stm32f0xx_hal_tim_ex.o(.ARM.exidx) refers to stm32f0xx_hal_tim_ex.o(i.HAL_TIMEx_HallSensor_Start_DMA) for i.HAL_TIMEx_HallSensor_Start_DMA
    stm32f0xx_hal_tim_ex.o(.ARM.exidx) refers to stm32f0xx_hal_tim_ex.o(i.HAL_TIMEx_HallSensor_Stop_DMA) for i.HAL_TIMEx_HallSensor_Stop_DMA
    stm32f0xx_hal_tim_ex.o(.ARM.exidx) refers to stm32f0xx_hal_tim_ex.o(i._ZN44_INTERNAL_22_stm32f0xx_hal_tim_ex_c_e8ef392018TIM_CCxNChannelCmdEP11TIM_TypeDefjj) for i._ZN44_INTERNAL_22_stm32f0xx_hal_tim_ex_c_e8ef392018TIM_CCxNChannelCmdEP11TIM_TypeDefjj
    stm32f0xx_hal_tim_ex.o(.ARM.exidx) refers to stm32f0xx_hal_tim_ex.o(i.HAL_TIMEx_OCN_Start) for i.HAL_TIMEx_OCN_Start
    stm32f0xx_hal_tim_ex.o(.ARM.exidx) refers to stm32f0xx_hal_tim_ex.o(i.HAL_TIMEx_OCN_Stop) for i.HAL_TIMEx_OCN_Stop
    stm32f0xx_hal_tim_ex.o(.ARM.exidx) refers to stm32f0xx_hal_tim_ex.o(i.HAL_TIMEx_OCN_Start_IT) for i.HAL_TIMEx_OCN_Start_IT
    stm32f0xx_hal_tim_ex.o(.ARM.exidx) refers to stm32f0xx_hal_tim_ex.o(i.HAL_TIMEx_OCN_Stop_IT) for i.HAL_TIMEx_OCN_Stop_IT
    stm32f0xx_hal_tim_ex.o(.ARM.exidx) refers to stm32f0xx_hal_tim_ex.o(i._ZN44_INTERNAL_22_stm32f0xx_hal_tim_ex_c_e8ef392016TIM_DMAErrorCCxNEP19__DMA_HandleTypeDef) for i._ZN44_INTERNAL_22_stm32f0xx_hal_tim_ex_c_e8ef392016TIM_DMAErrorCCxNEP19__DMA_HandleTypeDef
    stm32f0xx_hal_tim_ex.o(.ARM.exidx) refers to stm32f0xx_hal_tim_ex.o(i._ZN44_INTERNAL_22_stm32f0xx_hal_tim_ex_c_e8ef392022TIM_DMADelayPulseNCpltEP19__DMA_HandleTypeDef) for i._ZN44_INTERNAL_22_stm32f0xx_hal_tim_ex_c_e8ef392022TIM_DMADelayPulseNCpltEP19__DMA_HandleTypeDef
    stm32f0xx_hal_tim_ex.o(.ARM.exidx) refers to stm32f0xx_hal_tim_ex.o(i.HAL_TIMEx_OCN_Start_DMA) for i.HAL_TIMEx_OCN_Start_DMA
    stm32f0xx_hal_tim_ex.o(.ARM.exidx) refers to stm32f0xx_hal_tim_ex.o(i.HAL_TIMEx_OCN_Stop_DMA) for i.HAL_TIMEx_OCN_Stop_DMA
    stm32f0xx_hal_tim_ex.o(.ARM.exidx) refers to stm32f0xx_hal_tim_ex.o(i.HAL_TIMEx_PWMN_Start) for i.HAL_TIMEx_PWMN_Start
    stm32f0xx_hal_tim_ex.o(.ARM.exidx) refers to stm32f0xx_hal_tim_ex.o(i.HAL_TIMEx_PWMN_Stop) for i.HAL_TIMEx_PWMN_Stop
    stm32f0xx_hal_tim_ex.o(.ARM.exidx) refers to stm32f0xx_hal_tim_ex.o(i.HAL_TIMEx_PWMN_Start_IT) for i.HAL_TIMEx_PWMN_Start_IT
    stm32f0xx_hal_tim_ex.o(.ARM.exidx) refers to stm32f0xx_hal_tim_ex.o(i.HAL_TIMEx_PWMN_Stop_IT) for i.HAL_TIMEx_PWMN_Stop_IT
    stm32f0xx_hal_tim_ex.o(.ARM.exidx) refers to stm32f0xx_hal_tim_ex.o(i.HAL_TIMEx_PWMN_Start_DMA) for i.HAL_TIMEx_PWMN_Start_DMA
    stm32f0xx_hal_tim_ex.o(.ARM.exidx) refers to stm32f0xx_hal_tim_ex.o(i.HAL_TIMEx_PWMN_Stop_DMA) for i.HAL_TIMEx_PWMN_Stop_DMA
    stm32f0xx_hal_tim_ex.o(.ARM.exidx) refers to stm32f0xx_hal_tim_ex.o(i.HAL_TIMEx_OnePulseN_Start) for i.HAL_TIMEx_OnePulseN_Start
    stm32f0xx_hal_tim_ex.o(.ARM.exidx) refers to stm32f0xx_hal_tim_ex.o(i.HAL_TIMEx_OnePulseN_Stop) for i.HAL_TIMEx_OnePulseN_Stop
    stm32f0xx_hal_tim_ex.o(.ARM.exidx) refers to stm32f0xx_hal_tim_ex.o(i.HAL_TIMEx_OnePulseN_Start_IT) for i.HAL_TIMEx_OnePulseN_Start_IT
    stm32f0xx_hal_tim_ex.o(.ARM.exidx) refers to stm32f0xx_hal_tim_ex.o(i.HAL_TIMEx_OnePulseN_Stop_IT) for i.HAL_TIMEx_OnePulseN_Stop_IT
    stm32f0xx_hal_tim_ex.o(.ARM.exidx) refers to stm32f0xx_hal_tim_ex.o(i.HAL_TIMEx_ConfigCommutEvent) for i.HAL_TIMEx_ConfigCommutEvent
    stm32f0xx_hal_tim_ex.o(.ARM.exidx) refers to stm32f0xx_hal_tim_ex.o(i.HAL_TIMEx_ConfigCommutEvent_IT) for i.HAL_TIMEx_ConfigCommutEvent_IT
    stm32f0xx_hal_tim_ex.o(.ARM.exidx) refers to stm32f0xx_hal_tim_ex.o(i.HAL_TIMEx_CommutHalfCpltCallback) for i.HAL_TIMEx_CommutHalfCpltCallback
    stm32f0xx_hal_tim_ex.o(.ARM.exidx) refers to stm32f0xx_hal_tim_ex.o(i.TIMEx_DMACommutationHalfCplt) for i.TIMEx_DMACommutationHalfCplt
    stm32f0xx_hal_tim_ex.o(.ARM.exidx) refers to stm32f0xx_hal_tim_ex.o(i.HAL_TIMEx_CommutCallback) for i.HAL_TIMEx_CommutCallback
    stm32f0xx_hal_tim_ex.o(.ARM.exidx) refers to stm32f0xx_hal_tim_ex.o(i.TIMEx_DMACommutationCplt) for i.TIMEx_DMACommutationCplt
    stm32f0xx_hal_tim_ex.o(.ARM.exidx) refers to stm32f0xx_hal_tim_ex.o(i.HAL_TIMEx_ConfigCommutEvent_DMA) for i.HAL_TIMEx_ConfigCommutEvent_DMA
    stm32f0xx_hal_tim_ex.o(.ARM.exidx) refers to stm32f0xx_hal_tim_ex.o(i.HAL_TIMEx_MasterConfigSynchronization) for i.HAL_TIMEx_MasterConfigSynchronization
    stm32f0xx_hal_tim_ex.o(.ARM.exidx) refers to stm32f0xx_hal_tim_ex.o(i.HAL_TIMEx_ConfigBreakDeadTime) for i.HAL_TIMEx_ConfigBreakDeadTime
    stm32f0xx_hal_tim_ex.o(.ARM.exidx) refers to stm32f0xx_hal_tim_ex.o(i.HAL_TIMEx_RemapConfig) for i.HAL_TIMEx_RemapConfig
    stm32f0xx_hal_tim_ex.o(.ARM.exidx) refers to stm32f0xx_hal_tim_ex.o(i.HAL_TIMEx_BreakCallback) for i.HAL_TIMEx_BreakCallback
    stm32f0xx_hal_tim_ex.o(.ARM.exidx) refers to stm32f0xx_hal_tim_ex.o(i.HAL_TIMEx_HallSensor_GetState) for i.HAL_TIMEx_HallSensor_GetState
    stm32f0xx_hal_tim_ex.o(.ARM.exidx) refers to stm32f0xx_hal_tim_ex.o(i.HAL_TIMEx_GetChannelNState) for i.HAL_TIMEx_GetChannelNState
    system_stm32f0xx.o(i.SystemCoreClockUpdate) refers to aeabi_sdiv.o(.text) for __aeabi_uidivmod
    system_stm32f0xx.o(i.SystemCoreClockUpdate) refers to system_stm32f0xx.o(.data) for SystemCoreClock
    system_stm32f0xx.o(i.SystemCoreClockUpdate) refers to system_stm32f0xx.o(.constdata) for AHBPrescTable
    system_stm32f0xx.o(.ARM.exidx) refers to system_stm32f0xx.o(i.SystemInit) for i.SystemInit
    system_stm32f0xx.o(.ARM.exidx) refers to system_stm32f0xx.o(i.SystemCoreClockUpdate) for i.SystemCoreClockUpdate
    smart_battery.o(i._ZN12SmartBattery13GetFlightDataEv) refers to array_new.o(i._Znaj) for operator new[] (unsigned)
    smart_battery.o(i._ZN12SmartBattery13GetFlightDataEv) refers to smart_battery.o(i._ZN12SmartBattery3CMDEh) for SmartBattery::CMD(unsigned char)
    smart_battery.o(i._ZN12SmartBattery3CMDEh) refers to stm32f0xx_hal_i2c.o(i.HAL_I2C_Master_Transmit) for HAL_I2C_Master_Transmit
    smart_battery.o(i._ZN12SmartBattery3CMDEh) refers to stm32f0xx_hal_i2c.o(i.HAL_I2C_Master_Receive) for HAL_I2C_Master_Receive
    smart_battery.o(i._ZN12SmartBattery7GetDataEv) refers to array_new.o(i._Znaj) for operator new[] (unsigned)
    smart_battery.o(i._ZN12SmartBattery7GetDataEv) refers to smart_battery.o(i._ZN12SmartBattery3CMDEh) for SmartBattery::CMD(unsigned char)
    smart_battery.o(.ARM.exidx) refers to smart_battery.o(i._ZN12SmartBatteryC1EP19__I2C_HandleTypeDef) for i._ZN12SmartBatteryC1EP19__I2C_HandleTypeDef
    smart_battery.o(.ARM.exidx) refers to smart_battery.o(i._ZN12SmartBattery3CMDEh) for i._ZN12SmartBattery3CMDEh
    smart_battery.o(.ARM.exidx) refers to smart_battery.o(i._ZN12SmartBattery7GetDataEv) for i._ZN12SmartBattery7GetDataEv
    smart_battery.o(.ARM.exidx) refers to smart_battery.o(i._ZN12SmartBattery13GetFlightDataEv) for i._ZN12SmartBattery13GetFlightDataEv
    flash_driver.o(i._ZN13InternalFLASH15EraseAllRecordsEv) refers to delete.o(i._ZdlPv) for operator delete (void*)
    flash_driver.o(i._ZN13InternalFLASH15EraseAllRecordsEv) refers to stm32f0xx_hal_flash.o(i.HAL_FLASH_Unlock) for HAL_FLASH_Unlock
    flash_driver.o(i._ZN13InternalFLASH15EraseAllRecordsEv) refers to stm32f0xx_hal_flash_ex.o(i.HAL_FLASHEx_Erase) for HAL_FLASHEx_Erase
    flash_driver.o(i._ZN13InternalFLASH15EraseAllRecordsEv) refers to stm32f0xx_hal_flash.o(i.HAL_FLASH_GetError) for HAL_FLASH_GetError
    flash_driver.o(i._ZN13InternalFLASH15EraseAllRecordsEv) refers to flash_driver.o(.data) for FLASH_PAGE_SIZE_NTYPE
    flash_driver.o(i._ZN13InternalFLASH8ReadDataEi) refers to new.o(i._Znwj) for operator new(unsigned)
    flash_driver.o(i._ZN13InternalFLASH8ReadDataEi) refers to rt_memcpy.o(.emb_text) for __aeabi_memcpy4
    flash_driver.o(i._ZN13InternalFLASH8ReadDataEi) refers to array_new.o(i._Znaj) for operator new[] (unsigned)
    flash_driver.o(i._ZN13InternalFLASH8ReadDataEi) refers to flash_driver.o(i._ZN9FlashDataC1EPhjP9FlashMeta) for FlashData::FlashData(unsigned char*, unsigned, FlashMeta*)
    flash_driver.o(i._ZN13InternalFLASH8ReadDataEi) refers to delete.o(i._ZdlPv) for operator delete (void*)
    flash_driver.o(i._ZN13InternalFLASH9WriteDataEP9FlashData) refers to new.o(i._Znwj) for operator new(unsigned)
    flash_driver.o(i._ZN13InternalFLASH9WriteDataEP9FlashData) refers to array_new.o(i._Znaj) for operator new[] (unsigned)
    flash_driver.o(i._ZN13InternalFLASH9WriteDataEP9FlashData) refers to rt_memcpy.o(.emb_text) for __aeabi_memcpy4
    flash_driver.o(i._ZN13InternalFLASH9WriteDataEP9FlashData) refers to rt_memcpy.o(.text) for __aeabi_memcpy
    flash_driver.o(i._ZN13InternalFLASH9WriteDataEP9FlashData) refers to stm32f0xx_hal_flash.o(i.HAL_FLASH_Unlock) for HAL_FLASH_Unlock
    flash_driver.o(i._ZN13InternalFLASH9WriteDataEP9FlashData) refers to stm32f0xx_hal_flash.o(i.HAL_FLASH_Program) for HAL_FLASH_Program
    flash_driver.o(i._ZN13InternalFLASH9WriteDataEP9FlashData) refers to stm32f0xx_hal_flash.o(i.HAL_FLASH_Lock) for HAL_FLASH_Lock
    flash_driver.o(i._ZN13InternalFLASH9WriteDataEP9FlashData) refers to delete.o(i._ZdlPv) for operator delete (void*)
    flash_driver.o(i._ZN13InternalFLASH9find_pageEj) refers to flash_driver.o(.data) for ADDR_FLASH_PAGE_SIZE_NTYPE_BEGIN
    flash_driver.o(i._ZN13InternalFLASHC1Ev) refers to flash_driver.o(i._ZN13InternalFLASH9find_pageEj) for InternalFLASH::find_page(unsigned)
    flash_driver.o(i._ZN13InternalFLASHC1Ev) refers to new.o(i._Znwj) for operator new(unsigned)
    flash_driver.o(i._ZN13InternalFLASHC1Ev) refers to flash_driver.o(.data) for FLASH_PAGE_SIZE_NTYPE
    flash_driver.o(i._ZN4DataC1EPS_) refers to delete.o(i._ZdlPv) for operator delete (void*)
    flash_driver.o(i._ZN4DataC1EPhjhh) refers to array_new.o(i._Znaj) for operator new[] (unsigned)
    flash_driver.o(i._ZN4DataC1EPhjhh) refers to rt_memcpy.o(.text) for __aeabi_memcpy
    flash_driver.o(i._ZN9FlashDataC1EP4DataP9FlashMeta) refers to flash_driver.o(i._ZN4DataC1EPS_) for Data::Data(Data*)
    flash_driver.o(i._ZN9FlashDataC1EP4DataP9FlashMeta) refers to new.o(i._Znwj) for operator new(unsigned)
    flash_driver.o(i._ZN9FlashDataC1EP4DataP9FlashMeta) refers to strlen.o(.text) for strlen
    flash_driver.o(i._ZN9FlashDataC1EP4DataP9FlashMeta) refers to fflti.o(.text) for __aeabi_ui2f
    flash_driver.o(i._ZN9FlashDataC1EP4DataP9FlashMeta) refers to fdiv.o(.text) for __aeabi_fdiv
    flash_driver.o(i._ZN9FlashDataC1EP4DataP9FlashMeta) refers to flash_driver.o(i._ZSt4ceilf) for std::ceil(float)
    flash_driver.o(i._ZN9FlashDataC1EP4DataP9FlashMeta) refers to ffixui.o(.text) for __aeabi_f2uiz
    flash_driver.o(i._ZN9FlashDataC1EPhjP9FlashMeta) refers to flash_driver.o(i._ZN4DataC1EPhjhh) for Data::Data(unsigned char*, unsigned, unsigned char, unsigned char)
    flash_driver.o(i._ZN9FlashDataC1EPhjP9FlashMeta) refers to new.o(i._Znwj) for operator new(unsigned)
    flash_driver.o(i._ZN9FlashDataC1EPhjP9FlashMeta) refers to strlen.o(.text) for strlen
    flash_driver.o(i._ZN9FlashDataC1EPhjP9FlashMeta) refers to fflti.o(.text) for __aeabi_ui2f
    flash_driver.o(i._ZN9FlashDataC1EPhjP9FlashMeta) refers to fdiv.o(.text) for __aeabi_fdiv
    flash_driver.o(i._ZN9FlashDataC1EPhjP9FlashMeta) refers to flash_driver.o(i._ZSt4ceilf) for std::ceil(float)
    flash_driver.o(i._ZN9FlashDataC1EPhjP9FlashMeta) refers to ffixui.o(.text) for __aeabi_f2uiz
    flash_driver.o(.ARM.exidx) refers to flash_driver.o(i._ZN4DataC1EPhjhh) for i._ZN4DataC1EPhjhh
    flash_driver.o(.ARM.exidx) refers to flash_driver.o(i._ZN4DataC1Ev) for i._ZN4DataC1Ev
    flash_driver.o(.ARM.exidx) refers to flash_driver.o(i._ZN4DataC1EPS_) for i._ZN4DataC1EPS_
    flash_driver.o(.ARM.exidx) refers to flash_driver.o(i._ZN9FlashDataC1EPhjP9FlashMeta) for i._ZN9FlashDataC1EPhjP9FlashMeta
    flash_driver.o(.ARM.exidx) refers to flash_driver.o(i._ZN9FlashDataC1EP4DataP9FlashMeta) for i._ZN9FlashDataC1EP4DataP9FlashMeta
    flash_driver.o(.ARM.exidx) refers to flash_driver.o(i._ZN13InternalFLASH9find_pageEj) for i._ZN13InternalFLASH9find_pageEj
    flash_driver.o(.ARM.exidx) refers to flash_driver.o(i._ZN13InternalFLASHC1Ev) for i._ZN13InternalFLASHC1Ev
    flash_driver.o(.ARM.exidx) refers to flash_driver.o(i._ZN13InternalFLASH9WriteDataEP9FlashData) for i._ZN13InternalFLASH9WriteDataEP9FlashData
    flash_driver.o(.ARM.exidx) refers to flash_driver.o(i._ZN13InternalFLASH8ReadDataEi) for i._ZN13InternalFLASH8ReadDataEi
    flash_driver.o(.ARM.exidx) refers to flash_driver.o(i._ZN13InternalFLASH15EraseAllRecordsEv) for i._ZN13InternalFLASH15EraseAllRecordsEv
    __2sprintf.o(.text) refers to _printf_char_common.o(.text) for _printf_char_common
    __2sprintf.o(.text) refers to _sputc.o(.text) for _sputc
    noretval__2sprintf.o(.text) refers to _printf_char_common.o(.text) for _printf_char_common
    noretval__2sprintf.o(.text) refers to _sputc.o(.text) for _sputc
    __printf.o(.text) refers to _printf_percent.o(.ARM.Collect$$_printf_percent$$00000000) for _printf_percent
    _printf_hex_ll.o(.text) refers to _printf_intcommon.o(.text) for _printf_int_common
    _printf_hex_ll.o(.text) refers to _printf_hex_ll.o(.constdata) for .constdata
    _printf_hex_int.o(.text) refers to _printf_intcommon.o(.text) for _printf_int_common
    _printf_hex_int.o(.text) refers to _printf_hex_int.o(.constdata) for .constdata
    _printf_hex_int_ll.o(.text) refers to _printf_intcommon.o(.text) for _printf_int_common
    _printf_hex_int_ll.o(.text) refers to _printf_hex_int_ll.o(.constdata) for .constdata
    _printf_hex_ptr.o(.text) refers to _printf_intcommon.o(.text) for _printf_int_common
    _printf_hex_ptr.o(.text) refers to _printf_hex_ptr.o(.constdata) for .constdata
    _printf_hex_int_ptr.o(.text) refers to _printf_intcommon.o(.text) for _printf_int_common
    _printf_hex_int_ptr.o(.text) refers to _printf_hex_int_ptr.o(.constdata) for .constdata
    _printf_hex_ll_ptr.o(.text) refers to _printf_intcommon.o(.text) for _printf_int_common
    _printf_hex_ll_ptr.o(.text) refers to _printf_hex_ll_ptr.o(.constdata) for .constdata
    _printf_hex_int_ll_ptr.o(.text) refers to _printf_intcommon.o(.text) for _printf_int_common
    _printf_hex_int_ll_ptr.o(.text) refers to _printf_hex_int_ll_ptr.o(.constdata) for .constdata
    __printf_flags.o(.text) refers to _printf_percent.o(.ARM.Collect$$_printf_percent$$00000000) for _printf_percent
    __printf_flags.o(.text) refers to __printf_flags.o(.constdata) for .constdata
    __printf_ss.o(.text) refers to _printf_percent.o(.ARM.Collect$$_printf_percent$$00000000) for _printf_percent
    __printf_flags_ss.o(.text) refers to _printf_percent.o(.ARM.Collect$$_printf_percent$$00000000) for _printf_percent
    __printf_flags_ss.o(.text) refers to __printf_flags_ss.o(.constdata) for .constdata
    __printf_wp.o(.text) refers to __printf_wp.o(i._is_digit) for _is_digit
    __printf_wp.o(.text) refers to _printf_percent.o(.ARM.Collect$$_printf_percent$$00000000) for _printf_percent
    __printf_flags_wp.o(.text) refers to __printf_wp.o(i._is_digit) for _is_digit
    __printf_flags_wp.o(.text) refers to _printf_percent.o(.ARM.Collect$$_printf_percent$$00000000) for _printf_percent
    __printf_flags_wp.o(.text) refers to __printf_flags_wp.o(.constdata) for .constdata
    __printf_ss_wp.o(.text) refers to __printf_wp.o(i._is_digit) for _is_digit
    __printf_ss_wp.o(.text) refers to _printf_percent.o(.ARM.Collect$$_printf_percent$$00000000) for _printf_percent
    __printf_flags_ss_wp.o(.text) refers to __printf_wp.o(i._is_digit) for _is_digit
    __printf_flags_ss_wp.o(.text) refers to _printf_percent.o(.ARM.Collect$$_printf_percent$$00000000) for _printf_percent
    __printf_flags_ss_wp.o(.text) refers to __printf_flags_ss_wp.o(.constdata) for .constdata
    _printf_x.o(.ARM.Collect$$_printf_percent$$0000000C) refers (Weak) to _printf_hex_int.o(.text) for _printf_int_hex
    _printf_percent.o(.ARM.Collect$$_printf_percent$$00000000) refers (Special) to _printf_percent_end.o(.ARM.Collect$$_printf_percent$$00000017) for _printf_percent_end
    rt_memcpy.o(.text) refers to rt_memcpy.o(.emb_text) for __aeabi_memcpy4
    __main.o(!!!main) refers to __rtentry.o(.ARM.Collect$$rtentry$$00000000) for __rt_entry
    init_aeabi.o(.emb_text) refers (Special) to libinit2.o(.ARM.Collect$$libinit$$00000031) for __rt_lib_init_cpp_2
    init_aeabi.o(.init_array) refers (Special) to libinit2.o(.ARM.Collect$$libinit$$00000031) for __rt_lib_init_cpp_2
    init_aeabi.o(.init_array) refers to init_aeabi.o(.text) for __cpp_initialize__aeabi_
    init_aeabi.o(.dummy_text) refers (Special) to libinit2.o(.ARM.Collect$$libinit$$00000031) for __rt_lib_init_cpp_2
    init_aeabi.o(.text) refers (Special) to libinit2.o(.ARM.Collect$$libinit$$00000031) for __rt_lib_init_cpp_2
    init_aeabi.o(.ARM.exidx) refers (Special) to libinit2.o(.ARM.Collect$$libinit$$00000031) for __rt_lib_init_cpp_2
    init_aeabi.o(.ARM.exidx) refers to init_aeabi.o(.text) for .text
    array_new.o(i._Znaj) refers to new.o(i._Znwj) for operator new(unsigned)
    array_new.o(.ARM.exidx) refers to array_new.o(i._Znaj) for i._Znaj
    array_new.o(.ARM.exidx) refers to unwind_pr0.o(.text) for __aeabi_unwind_cpp_pr0
    array_new.o(.ARM.exidx) refers to array_new.o(.ARM.extab) for .extab._Znaj
    array_new.o(.ARM.extab) refers to arm_callunex_noexceptions.o(.text) for __cxa_call_unexpected
    array_new.o(.ARM.extab) refers to bad_alloc_dtor.o(.constdata__ZTISt9bad_alloc) for typeinfo for std::bad_alloc
    delete.o(i._ZdlPv) refers to h1_free.o(.text) for free
    delete.o(.ARM.exidx) refers to delete.o(i._ZdlPv) for i._ZdlPv
    new.o(i._Znwj) refers to rt_new_handler_addr_intlibspace.o(.text) for __rt_new_handler_addr
    new.o(i._Znwj) refers to h1_alloc.o(.text) for malloc
    new.o(i._Znwj) refers to arm_newhandler_noexceptions.o(.text) for __default_new_handler()
    new.o(.ARM.exidx) refers to new.o(i._Znwj) for i._Znwj
    new.o(.ARM.exidx) refers to unwind_pr0.o(.text) for __aeabi_unwind_cpp_pr0
    new.o(.ARM.exidx) refers to new.o(.ARM.extab) for .extab._Znwj
    new.o(.ARM.extab) refers to arm_callunex_noexceptions.o(.text) for __cxa_call_unexpected
    new.o(.ARM.extab) refers to bad_alloc_dtor.o(.constdata__ZTISt9bad_alloc) for typeinfo for std::bad_alloc
    fdiv.o(.text) refers (Special) to usenofp.o(x$fpl$usenofp) for __I$use$fp
    fdiv.o(.text) refers to fdiv.o(.constdata) for .constdata
    fdiv.o(.constdata) refers (Special) to usenofp.o(x$fpl$usenofp) for __I$use$fp
    ffixui.o(.text) refers (Special) to usenofp.o(x$fpl$usenofp) for __I$use$fp
    fflti.o(.text) refers (Special) to usenofp.o(x$fpl$usenofp) for __I$use$fp
    ceilf.o(i.__softfp_ceilf) refers (Special) to usenofp.o(x$fpl$usenofp) for __I$use$fp
    ceilf.o(i.__softfp_ceilf) refers to faddsub.o(x$fpl$fadd) for __aeabi_fadd
    ceilf.o(i.ceilf) refers (Special) to usenofp.o(x$fpl$usenofp) for __I$use$fp
    ceilf.o(i.ceilf) refers to faddsub.o(x$fpl$fadd) for __aeabi_fadd
    __rtentry.o(.ARM.Collect$$rtentry$$00000000) refers (Special) to __rtentry2.o(.ARM.Collect$$rtentry$$0000000A) for __rt_entry_li
    __rtentry.o(.ARM.Collect$$rtentry$$00000000) refers (Special) to __rtentry2.o(.ARM.Collect$$rtentry$$0000000D) for __rt_entry_main
    __rtentry.o(.ARM.Collect$$rtentry$$00000000) refers (Special) to __rtentry2.o(.ARM.Collect$$rtentry$$0000000C) for __rt_entry_postli_1
    __rtentry.o(.ARM.Collect$$rtentry$$00000000) refers (Special) to __rtentry2.o(.ARM.Collect$$rtentry$$00000009) for __rt_entry_postsh_1
    __rtentry.o(.ARM.Collect$$rtentry$$00000000) refers (Special) to __rtentry2.o(.ARM.Collect$$rtentry$$00000002) for __rt_entry_presh_1
    __rtentry.o(.ARM.Collect$$rtentry$$00000000) refers (Special) to __rtentry4.o(.ARM.Collect$$rtentry$$00000004) for __rt_entry_sh
    aeabi_idiv0_sigfpe.o(.text) refers to rt_div0.o(.text) for __rt_div0
    aeabi_ldiv0_sigfpe.o(.text) refers to rt_div0.o(.text) for __rt_div0
    rt_new_handler_addr.o(.text) refers to rt_new_handler_addr.o(.bss) for __rt_new_handler_addr_data
    rt_new_handler_addr_intlibspace.o(.text) refers to libspace.o(.bss) for __libspace_start
    malloc.o(.text) refers (Special) to hguard.o(.text) for __heap$guard
    malloc.o(.text) refers (Special) to init_alloc.o(.text) for _init_alloc
    malloc.o(.text) refers to rt_heap_descriptor_intlibspace.o(.text) for __rt_heap_descriptor
    free.o(.text) refers (Special) to hguard.o(.text) for __heap$guard
    free.o(.text) refers to rt_heap_descriptor_intlibspace.o(.text) for __rt_heap_descriptor
    h1_alloc.o(.text) refers (Special) to h1_init.o(.text) for __Heap_Initialize
    h1_alloc.o(.text) refers to rt_heap_descriptor_intlibspace.o(.text) for __rt_heap_descriptor
    h1_alloc.o(.text) refers to init_alloc.o(.text) for __Heap_Full
    h1_free.o(.text) refers to rt_heap_descriptor_intlibspace.o(.text) for __rt_heap_descriptor
    h1_alloc_mt.o(.text) refers (Special) to h1_init.o(.text) for __Heap_Initialize
    h1_alloc_mt.o(.text) refers to init_alloc.o(.text) for __Heap_Full
    h1_alloc_mt.o(.text) refers to rt_heap_descriptor_intlibspace.o(.text) for __rt_heap_descriptor
    h1_free_mt.o(.text) refers to rt_heap_descriptor_intlibspace.o(.text) for __rt_heap_descriptor
    heap2.o(i._FDIterate) refers to heap2.o(.conststring) for .conststring
    heap2.o(i.___Heap_ProvideMemory$realtime) refers to fdtree.o(i._FDTree_Delete) for _FDTree_Delete
    heap2.o(i.___Heap_ProvideMemory$realtime) refers to fdtree.o(i._FDTree_Insert) for _FDTree_Insert
    heap2.o(i.___Heap_Stats$realtime) refers to heap2.o(i._Heap2_StatsIterate) for _Heap2_StatsIterate
    heap2.o(i.___Heap_Stats$realtime) refers to aeabi_sdiv.o(.text) for __aeabi_uidivmod
    heap2.o(i.___Heap_Valid$realtime) refers to heap2.o(i._FDIterate) for _FDIterate
    heap2.o(i.___Heap_Valid$realtime) refers to heap2.o(.conststring) for .conststring
    heap2.o(i._free$realtime) refers to rt_heap_descriptor_intlibspace.o(.text) for __rt_heap_descriptor
    heap2.o(i._free$realtime) refers to fdtree.o(i._FDTree_Delete) for _FDTree_Delete
    heap2.o(i._free$realtime) refers to fdtree.o(i._FDTree_Insert) for _FDTree_Insert
    heap2.o(i._malloc$realtime) refers to rt_heap_descriptor_intlibspace.o(.text) for __rt_heap_descriptor
    heap2.o(i._malloc$realtime) refers to fdtree.o(i._FDTree_FindFirst) for _FDTree_FindFirst
    heap2.o(i._malloc$realtime) refers to init_alloc.o(.text) for __Heap_Full
    heap2.o(i._malloc$realtime) refers to fdtree.o(i._FDTree_RemoveNode) for _FDTree_RemoveNode
    heap2.o(i._malloc$realtime) refers to fdtree.o(i._FDTree_Insert) for _FDTree_Insert
    heap2.o(i._posix_memalign$realtime) refers to rt_heap_descriptor_intlibspace.o(.text) for __rt_heap_descriptor
    heap2.o(i._posix_memalign$realtime) refers to fdtree.o(i._FDTree_FindFirst) for _FDTree_FindFirst
    heap2.o(i._posix_memalign$realtime) refers to init_alloc.o(.text) for __Heap_Full
    heap2.o(i._posix_memalign$realtime) refers to fdtree.o(i._FDTree_RemoveNode) for _FDTree_RemoveNode
    heap2.o(i._posix_memalign$realtime) refers to fdtree.o(i._FDTree_Insert) for _FDTree_Insert
    heap2.o(i._realloc$realtime) refers to rt_heap_descriptor_intlibspace.o(.text) for __rt_heap_descriptor
    heap2.o(i._realloc$realtime) refers to h1_free.o(.text) for free
    heap2.o(i._realloc$realtime) refers to h1_alloc.o(.text) for malloc
    heap2.o(i._realloc$realtime) refers to fdtree.o(i._FDTree_Delete) for _FDTree_Delete
    heap2.o(i._realloc$realtime) refers to fdtree.o(i._FDTree_Insert) for _FDTree_Insert
    heap2.o(i._realloc$realtime) refers to rt_memcpy.o(.emb_text) for __aeabi_memcpy4
    heap2mt.o(i._FDIterate) refers to heap2mt.o(.conststring) for .conststring
    heap2mt.o(i.___Heap_ProvideMemory$realtime$concurrent) refers to fdtree.o(i._FDTree_Delete) for _FDTree_Delete
    heap2mt.o(i.___Heap_ProvideMemory$realtime$concurrent) refers to fdtree.o(i._FDTree_Insert) for _FDTree_Insert
    heap2mt.o(i.___Heap_Stats$realtime$concurrent) refers to heap2mt.o(i._Heap2_StatsIterate) for _Heap2_StatsIterate
    heap2mt.o(i.___Heap_Stats$realtime$concurrent) refers to aeabi_sdiv.o(.text) for __aeabi_uidivmod
    heap2mt.o(i.___Heap_Valid$realtime$concurrent) refers to heap2mt.o(i._FDIterate) for _FDIterate
    heap2mt.o(i.___Heap_Valid$realtime$concurrent) refers to heap2mt.o(.conststring) for .conststring
    heap2mt.o(i._free$realtime$concurrent) refers to rt_heap_descriptor_intlibspace.o(.text) for __rt_heap_descriptor
    heap2mt.o(i._free$realtime$concurrent) refers to fdtree.o(i._FDTree_Delete) for _FDTree_Delete
    heap2mt.o(i._free$realtime$concurrent) refers to fdtree.o(i._FDTree_Insert) for _FDTree_Insert
    heap2mt.o(i._malloc$realtime$concurrent) refers to rt_heap_descriptor_intlibspace.o(.text) for __rt_heap_descriptor
    heap2mt.o(i._malloc$realtime$concurrent) refers to fdtree.o(i._FDTree_FindFirst) for _FDTree_FindFirst
    heap2mt.o(i._malloc$realtime$concurrent) refers to init_alloc.o(.text) for __Heap_Full
    heap2mt.o(i._malloc$realtime$concurrent) refers to fdtree.o(i._FDTree_RemoveNode) for _FDTree_RemoveNode
    heap2mt.o(i._malloc$realtime$concurrent) refers to fdtree.o(i._FDTree_Insert) for _FDTree_Insert
    heap2mt.o(i._posix_memalign$realtime$concurrent) refers to rt_heap_descriptor_intlibspace.o(.text) for __rt_heap_descriptor
    heap2mt.o(i._posix_memalign$realtime$concurrent) refers to fdtree.o(i._FDTree_FindFirst) for _FDTree_FindFirst
    heap2mt.o(i._posix_memalign$realtime$concurrent) refers to init_alloc.o(.text) for __Heap_Full
    heap2mt.o(i._posix_memalign$realtime$concurrent) refers to fdtree.o(i._FDTree_RemoveNode) for _FDTree_RemoveNode
    heap2mt.o(i._posix_memalign$realtime$concurrent) refers to fdtree.o(i._FDTree_Insert) for _FDTree_Insert
    heap2mt.o(i._realloc$realtime$concurrent) refers to rt_heap_descriptor_intlibspace.o(.text) for __rt_heap_descriptor
    heap2mt.o(i._realloc$realtime$concurrent) refers to h1_free.o(.text) for free
    heap2mt.o(i._realloc$realtime$concurrent) refers to h1_alloc.o(.text) for malloc
    heap2mt.o(i._realloc$realtime$concurrent) refers to fdtree.o(i._FDTree_Delete) for _FDTree_Delete
    heap2mt.o(i._realloc$realtime$concurrent) refers to fdtree.o(i._FDTree_Insert) for _FDTree_Insert
    heap2mt.o(i._realloc$realtime$concurrent) refers to rt_memcpy.o(.emb_text) for __aeabi_memcpy4
    _printf_intcommon.o(.text) refers (Weak) to _printf_pad.o(.text) for _printf_pre_padding
    _printf_intcommon.o(.text) refers (Weak) to _printf_pad.o(.text) for _printf_pre_padding
    _printf_intcommon.o(.text) refers (Weak) to _printf_pad.o(.text) for _printf_post_padding
    _printf_char_common.o(.text) refers to __printf_flags_wp.o(.text) for __printf
    libinit2.o(.ARM.Collect$$libinit$$00000005) refers (Weak) to init_alloc.o(.text) for _init_alloc
    libinit2.o(.ARM.Collect$$libinit$$00000010) refers to libinit2.o(.ARM.Collect$$libinit$$0000000F) for .ARM.Collect$$libinit$$0000000F
    libinit2.o(.ARM.Collect$$libinit$$00000012) refers to libinit2.o(.ARM.Collect$$libinit$$0000000F) for .ARM.Collect$$libinit$$0000000F
    libinit2.o(.ARM.Collect$$libinit$$00000014) refers to libinit2.o(.ARM.Collect$$libinit$$0000000F) for .ARM.Collect$$libinit$$0000000F
    libinit2.o(.ARM.Collect$$libinit$$00000016) refers to libinit2.o(.ARM.Collect$$libinit$$0000000F) for .ARM.Collect$$libinit$$0000000F
    libinit2.o(.ARM.Collect$$libinit$$00000018) refers to libinit2.o(.ARM.Collect$$libinit$$0000000F) for .ARM.Collect$$libinit$$0000000F
    libinit2.o(.ARM.Collect$$libinit$$00000026) refers to argv_veneer.o(.text) for __ARM_argv_veneer
    libinit2.o(.ARM.Collect$$libinit$$00000027) refers to argv_veneer.o(.text) for __ARM_argv_veneer
    libinit2.o(.ARM.Collect$$libinit$$00000031) refers (Weak) to init_aeabi.o(.text) for __cpp_initialize__aeabi_
    arm_callunex_noexceptions.o(.ARM.exidx) refers to arm_callunex_noexceptions.o(.text) for .text
    arm_newhandler_noexceptions.o(.text) refers to arm_exceptions_terminate.o(.text) for std::terminate()
    arm_newhandler_noexceptions.o(.ARM.exidx) refers to arm_newhandler_noexceptions.o(.text) for .text
    bad_alloc_dtor.o(i._ZNSt9bad_allocD0Ev) refers to bad_alloc_dtor.o(i._ZNSt9bad_allocD1Ev) for std::bad_alloc::~bad_alloc()
    bad_alloc_dtor.o(i._ZNSt9bad_allocD0Ev) refers to delete.o(i._ZdlPv) for operator delete (void*)
    bad_alloc_dtor.o(.ARM.exidx) refers to bad_alloc_dtor.o(i._ZNSt9bad_allocD1Ev) for i._ZNSt9bad_allocD1Ev
    bad_alloc_dtor.o(.ARM.exidx) refers to bad_alloc_dtor.o(i._ZNSt9bad_allocD0Ev) for i._ZNSt9bad_allocD0Ev
    unwind_pr0.o(.text) refers to unwind_prcommon.o(.text) for __ARM_unwind_cpp_prcommon
    unwind_pr0.o(.ARM.exidx) refers to unwind_pr0.o(.text) for .text
    faddsub.o(x$fpl$fadd) refers (Special) to usenofp.o(x$fpl$usenofp) for __I$use$fp
    faddsub.o(x$fpl$fadd) refers to faddsub.o(x$fpl$fsub) for _fsub1
    faddsub.o(x$fpl$frsb) refers (Special) to usenofp.o(x$fpl$usenofp) for __I$use$fp
    faddsub.o(x$fpl$frsb) refers to faddsub.o(x$fpl$fsub) for _fsub1
    faddsub.o(x$fpl$frsb) refers to faddsub.o(x$fpl$fadd) for _fadd1
    faddsub.o(x$fpl$fsub) refers (Special) to usenofp.o(x$fpl$usenofp) for __I$use$fp
    faddsub.o(x$fpl$fsub) refers to faddsub.o(x$fpl$fadd) for _fadd1
    libspace.o(.text) refers to libspace.o(.bss) for __libspace_start
    __rtentry2.o(.ARM.Collect$$rtentry$$00000008) refers to boardinit2.o(.text) for _platform_post_stackheap_init
    __rtentry2.o(.ARM.Collect$$rtentry$$0000000A) refers to libinit.o(.ARM.Collect$$libinit$$00000000) for __rt_lib_init
    __rtentry2.o(.ARM.Collect$$rtentry$$0000000B) refers to boardinit3.o(.text) for _platform_post_lib_init
    __rtentry2.o(.ARM.Collect$$rtentry$$0000000D) refers to main.o(i.main) for main
    __rtentry2.o(.ARM.Collect$$rtentry$$0000000D) refers to main_1.o(i.main) for main
    __rtentry2.o(.ARM.Collect$$rtentry$$0000000D) refers to exit.o(.text) for exit
    __rtentry2.o(.ARM.exidx) refers to __rtentry2.o(.ARM.Collect$$rtentry$$00000001) for .ARM.Collect$$rtentry$$00000001
    __rtentry2.o(.ARM.exidx) refers to __rtentry2.o(.ARM.Collect$$rtentry$$00000008) for .ARM.Collect$$rtentry$$00000008
    __rtentry2.o(.ARM.exidx) refers to __rtentry2.o(.ARM.Collect$$rtentry$$0000000A) for .ARM.Collect$$rtentry$$0000000A
    __rtentry2.o(.ARM.exidx) refers to __rtentry2.o(.ARM.Collect$$rtentry$$0000000B) for .ARM.Collect$$rtentry$$0000000B
    __rtentry2.o(.ARM.exidx) refers to __rtentry2.o(.ARM.Collect$$rtentry$$0000000D) for .ARM.Collect$$rtentry$$0000000D
    __rtentry4.o(.ARM.Collect$$rtentry$$00000004) refers to sys_stackheap_outer.o(.text) for __user_setup_stackheap
    __rtentry4.o(.ARM.exidx) refers to __rtentry4.o(.ARM.Collect$$rtentry$$00000004) for .ARM.Collect$$rtentry$$00000004
    rt_div0.o(.text) refers to defsig_fpe_outer.o(.text) for __rt_SIGFPE
    rt_heap_descriptor.o(.text) refers to rt_heap_descriptor.o(.bss) for __rt_heap_descriptor_data
    rt_heap_descriptor_intlibspace.o(.text) refers to libspace.o(.bss) for __libspace_start
    init_alloc.o(.text) refers (Special) to hguard.o(.text) for __heap$guard
    init_alloc.o(.text) refers (Special) to libinit2.o(.ARM.Collect$$libinit$$00000005) for __rt_lib_init_heap_2
    init_alloc.o(.text) refers (Special) to maybetermalloc1.o(.emb_text) for _maybe_terminate_alloc
    init_alloc.o(.text) refers to h1_extend.o(.text) for __Heap_ProvideMemory
    init_alloc.o(.text) refers to defsig_rtmem_outer.o(.text) for __rt_SIGRTMEM
    init_alloc.o(.text) refers to rt_heap_descriptor_intlibspace.o(.text) for __rt_heap_descriptor
    init_alloc.o(.text) refers to h1_init.o(.text) for __Heap_Initialize
    _get_argv.o(.text) refers (Special) to hrguard.o(.text) for __heap_region$guard
    _get_argv.o(.text) refers to h1_alloc.o(.text) for malloc
    _get_argv.o(.text) refers to defsig_rtmem_outer.o(.text) for __rt_SIGRTMEM
    _get_argv.o(.text) refers to sys_command.o(.text) for _sys_command_string
    bad_alloc_what.o(.ARM.exidx) refers to bad_alloc_what.o(i._ZNKSt9bad_alloc4whatEv) for i._ZNKSt9bad_alloc4whatEv
    exception_dtor.o(i._ZNSt9exceptionD0Ev) refers to delete.o(i._ZdlPv) for operator delete (void*)
    exception_dtor.o(.ARM.exidx) refers to exception_dtor.o(i._ZNSt9exceptionD1Ev) for i._ZNSt9exceptionD1Ev
    exception_dtor.o(.ARM.exidx) refers to exception_dtor.o(i._ZNSt9exceptionD0Ev) for i._ZNSt9exceptionD0Ev
    lib_rtti_impl.o(i._ZN10__cxxabiv116__enum_type_infoD0Ev) refers to lib_rtti_impl.o(i._ZN10__cxxabiv116__enum_type_infoD1Ev) for __cxxabiv1::__enum_type_info::~__enum_type_info()
    lib_rtti_impl.o(i._ZN10__cxxabiv117__array_type_infoD0Ev) refers to lib_rtti_impl.o(i._ZN10__cxxabiv117__array_type_infoD1Ev) for __cxxabiv1::__array_type_info::~__array_type_info()
    lib_rtti_impl.o(i._ZN10__cxxabiv117__class_type_infoD0Ev) refers to lib_rtti_impl.o(i._ZN10__cxxabiv117__class_type_infoD1Ev) for __cxxabiv1::__class_type_info::~__class_type_info()
    lib_rtti_impl.o(i._ZN10__cxxabiv117__pbase_type_infoD0Ev) refers to lib_rtti_impl.o(i._ZN10__cxxabiv117__pbase_type_infoD1Ev) for __cxxabiv1::__pbase_type_info::~__pbase_type_info()
    lib_rtti_impl.o(i._ZN10__cxxabiv119__pointer_type_infoD0Ev) refers to lib_rtti_impl.o(i._ZN10__cxxabiv119__pointer_type_infoD1Ev) for __cxxabiv1::__pointer_type_info::~__pointer_type_info()
    lib_rtti_impl.o(i._ZN10__cxxabiv119__pointer_type_infoD1Ev) refers to lib_rtti_impl.o(i._ZN10__cxxabiv117__pbase_type_infoD1Ev) for __cxxabiv1::__pbase_type_info::~__pbase_type_info()
    lib_rtti_impl.o(i._ZN10__cxxabiv120__function_type_infoD0Ev) refers to lib_rtti_impl.o(i._ZN10__cxxabiv120__function_type_infoD1Ev) for __cxxabiv1::__function_type_info::~__function_type_info()
    lib_rtti_impl.o(i._ZN10__cxxabiv120__si_class_type_infoD0Ev) refers to lib_rtti_impl.o(i._ZN10__cxxabiv120__si_class_type_infoD1Ev) for __cxxabiv1::__si_class_type_info::~__si_class_type_info()
    lib_rtti_impl.o(i._ZN10__cxxabiv120__si_class_type_infoD1Ev) refers to lib_rtti_impl.o(i._ZN10__cxxabiv117__class_type_infoD1Ev) for __cxxabiv1::__class_type_info::~__class_type_info()
    lib_rtti_impl.o(i._ZN10__cxxabiv121__vmi_class_type_infoD0Ev) refers to lib_rtti_impl.o(i._ZN10__cxxabiv121__vmi_class_type_infoD1Ev) for __cxxabiv1::__vmi_class_type_info::~__vmi_class_type_info()
    lib_rtti_impl.o(i._ZN10__cxxabiv121__vmi_class_type_infoD1Ev) refers to lib_rtti_impl.o(i._ZN10__cxxabiv117__class_type_infoD1Ev) for __cxxabiv1::__class_type_info::~__class_type_info()
    lib_rtti_impl.o(i._ZN10__cxxabiv123__fundamental_type_infoD0Ev) refers to lib_rtti_impl.o(i._ZN10__cxxabiv123__fundamental_type_infoD1Ev) for __cxxabiv1::__fundamental_type_info::~__fundamental_type_info()
    lib_rtti_impl.o(i._ZN10__cxxabiv129__pointer_to_member_type_infoD0Ev) refers to lib_rtti_impl.o(i._ZN10__cxxabiv129__pointer_to_member_type_infoD1Ev) for __cxxabiv1::__pointer_to_member_type_info::~__pointer_to_member_type_info()
    lib_rtti_impl.o(i._ZN10__cxxabiv129__pointer_to_member_type_infoD1Ev) refers to lib_rtti_impl.o(i._ZN10__cxxabiv117__pbase_type_infoD1Ev) for __cxxabiv1::__pbase_type_info::~__pbase_type_info()
    lib_rtti_impl.o(.ARM.exidx) refers to lib_rtti_impl.o(i._ZN10__cxxabiv123__fundamental_type_infoD1Ev) for i._ZN10__cxxabiv123__fundamental_type_infoD1Ev
    lib_rtti_impl.o(.ARM.exidx) refers to lib_rtti_impl.o(i._ZN10__cxxabiv123__fundamental_type_infoD0Ev) for i._ZN10__cxxabiv123__fundamental_type_infoD0Ev
    lib_rtti_impl.o(.ARM.exidx) refers to lib_rtti_impl.o(i._ZN10__cxxabiv117__array_type_infoD1Ev) for i._ZN10__cxxabiv117__array_type_infoD1Ev
    lib_rtti_impl.o(.ARM.exidx) refers to lib_rtti_impl.o(i._ZN10__cxxabiv117__array_type_infoD0Ev) for i._ZN10__cxxabiv117__array_type_infoD0Ev
    lib_rtti_impl.o(.ARM.exidx) refers to lib_rtti_impl.o(i._ZN10__cxxabiv120__function_type_infoD1Ev) for i._ZN10__cxxabiv120__function_type_infoD1Ev
    lib_rtti_impl.o(.ARM.exidx) refers to lib_rtti_impl.o(i._ZN10__cxxabiv120__function_type_infoD0Ev) for i._ZN10__cxxabiv120__function_type_infoD0Ev
    lib_rtti_impl.o(.ARM.exidx) refers to lib_rtti_impl.o(i._ZN10__cxxabiv116__enum_type_infoD1Ev) for i._ZN10__cxxabiv116__enum_type_infoD1Ev
    lib_rtti_impl.o(.ARM.exidx) refers to lib_rtti_impl.o(i._ZN10__cxxabiv116__enum_type_infoD0Ev) for i._ZN10__cxxabiv116__enum_type_infoD0Ev
    lib_rtti_impl.o(.ARM.exidx) refers to lib_rtti_impl.o(i._ZN10__cxxabiv117__class_type_infoD1Ev) for i._ZN10__cxxabiv117__class_type_infoD1Ev
    lib_rtti_impl.o(.ARM.exidx) refers to lib_rtti_impl.o(i._ZN10__cxxabiv117__class_type_infoD0Ev) for i._ZN10__cxxabiv117__class_type_infoD0Ev
    lib_rtti_impl.o(.ARM.exidx) refers to lib_rtti_impl.o(i._ZN10__cxxabiv120__si_class_type_infoD1Ev) for i._ZN10__cxxabiv120__si_class_type_infoD1Ev
    lib_rtti_impl.o(.ARM.exidx) refers to lib_rtti_impl.o(i._ZN10__cxxabiv120__si_class_type_infoD0Ev) for i._ZN10__cxxabiv120__si_class_type_infoD0Ev
    lib_rtti_impl.o(.ARM.exidx) refers to lib_rtti_impl.o(i._ZN10__cxxabiv121__vmi_class_type_infoD1Ev) for i._ZN10__cxxabiv121__vmi_class_type_infoD1Ev
    lib_rtti_impl.o(.ARM.exidx) refers to lib_rtti_impl.o(i._ZN10__cxxabiv121__vmi_class_type_infoD0Ev) for i._ZN10__cxxabiv121__vmi_class_type_infoD0Ev
    lib_rtti_impl.o(.ARM.exidx) refers to lib_rtti_impl.o(i._ZN10__cxxabiv117__pbase_type_infoD1Ev) for i._ZN10__cxxabiv117__pbase_type_infoD1Ev
    lib_rtti_impl.o(.ARM.exidx) refers to lib_rtti_impl.o(i._ZN10__cxxabiv117__pbase_type_infoD0Ev) for i._ZN10__cxxabiv117__pbase_type_infoD0Ev
    lib_rtti_impl.o(.ARM.exidx) refers to lib_rtti_impl.o(i._ZN10__cxxabiv119__pointer_type_infoD1Ev) for i._ZN10__cxxabiv119__pointer_type_infoD1Ev
    lib_rtti_impl.o(.ARM.exidx) refers to lib_rtti_impl.o(i._ZN10__cxxabiv119__pointer_type_infoD0Ev) for i._ZN10__cxxabiv119__pointer_type_infoD0Ev
    lib_rtti_impl.o(.ARM.exidx) refers to lib_rtti_impl.o(i._ZN10__cxxabiv129__pointer_to_member_type_infoD1Ev) for i._ZN10__cxxabiv129__pointer_to_member_type_infoD1Ev
    lib_rtti_impl.o(.ARM.exidx) refers to lib_rtti_impl.o(i._ZN10__cxxabiv129__pointer_to_member_type_infoD0Ev) for i._ZN10__cxxabiv129__pointer_to_member_type_infoD0Ev
    arm_exceptions_terminate.o(.text) refers to arm_exceptions_globs.o(.text) for __cxa_get_globals
    arm_exceptions_terminate.o(.text) refers to abort.o(.text) for abort
    arm_exceptions_terminate.o(.ARM.exidx) refers to arm_exceptions_terminate.o(.text) for .text
    unwind_prcommon.o(.text) refers to unwinder.o(.text) for _Unwind_VRS_Get
    unwind_prcommon.o(.text) refers to unwind_activity.o(.emb_text) for _Unwind_Activity
    unwind_prcommon.o(.text) refers (Weak) to arm_callunex_noexceptions.o(.text) for __cxa_call_unexpected
    unwind_prcommon.o(.ARM.exidx) refers to unwind_prcommon.o(.text) for .text
    sys_command.o(.text) refers (Special) to use_no_semi.o(.text) for __I$use$semihosting
    sys_command.o(.text) refers (Special) to indicate_semi.o(.text) for __semihosting_library_function
    sys_stackheap_outer.o(.text) refers to libspace.o(.text) for __user_perproc_libspace
    sys_stackheap_outer.o(.text) refers to startup_stm32f042x6.o(.text) for __user_initial_stackheap
    sys_stackheap_outer.o(__vectab_stack_and_reset_area) refers to tempstk.o(.text) for __temporary_stack_top
    sys_stackheap_outer.o(__vectab_stack_and_reset_area) refers to __main.o(!!!main) for __main
    maybetermalloc2.o(.emb_text) refers (Special) to term_alloc.o(.text) for _terminate_alloc
    h1_extend.o(.text) refers to h1_free.o(.text) for free
    h1_extend_mt.o(.text) refers to h1_free_mt.o(.text) for _free_internal
    exit.o(.text) refers to rtexit.o(.ARM.Collect$$rtexit$$00000000) for __rt_exit
    abort.o(.text) refers to defsig_abrt_outer.o(.text) for __rt_SIGABRT
    abort.o(.text) refers (Weak) to libshutdown.o(.ARM.Collect$$libshutdown$$00000000) for __rt_lib_shutdown
    abort.o(.text) refers to sys_exit.o(.text) for _sys_exit
    defsig_fpe_outer.o(.text) refers to defsig_fpe_inner.o(.text) for __rt_SIGFPE_inner
    defsig_fpe_outer.o(.text) refers to defsig_exit.o(.text) for __sig_exit
    defsig_fpe_formal.o(.text) refers to rt_raise.o(.text) for __rt_raise
    defsig_rtmem_outer.o(.text) refers to defsig_rtmem_inner.o(.text) for __rt_SIGRTMEM_inner
    defsig_rtmem_outer.o(.text) refers to defsig_exit.o(.text) for __sig_exit
    defsig_rtmem_formal.o(.text) refers to rt_raise.o(.text) for __rt_raise
    heapauxa.o(.text) refers to heapauxa.o(.data) for .data
    _get_argv_nomalloc.o(.text) refers (Special) to hrguard.o(.text) for __heap_region$guard
    _get_argv_nomalloc.o(.text) refers to defsig_rtmem_outer.o(.text) for __rt_SIGRTMEM
    _get_argv_nomalloc.o(.text) refers to sys_command.o(.text) for _sys_command_string
    libinit.o(.ARM.Collect$$libinit$$00000000) refers (Special) to libinit2.o(.ARM.Collect$$libinit$$0000002E) for __rt_lib_init_alloca_1
    libinit.o(.ARM.Collect$$libinit$$00000000) refers (Special) to libinit2.o(.ARM.Collect$$libinit$$0000002C) for __rt_lib_init_argv_1
    libinit.o(.ARM.Collect$$libinit$$00000000) refers (Special) to libinit2.o(.ARM.Collect$$libinit$$0000001B) for __rt_lib_init_atexit_1
    libinit.o(.ARM.Collect$$libinit$$00000000) refers (Special) to libinit2.o(.ARM.Collect$$libinit$$00000021) for __rt_lib_init_clock_1
    libinit.o(.ARM.Collect$$libinit$$00000000) refers (Special) to libinit2.o(.ARM.Collect$$libinit$$00000032) for __rt_lib_init_cpp_1
    libinit.o(.ARM.Collect$$libinit$$00000000) refers (Special) to libinit2.o(.ARM.Collect$$libinit$$00000030) for __rt_lib_init_exceptions_1
    libinit.o(.ARM.Collect$$libinit$$00000000) refers (Special) to libinit2.o(.ARM.Collect$$libinit$$00000002) for __rt_lib_init_fp_1
    libinit.o(.ARM.Collect$$libinit$$00000000) refers (Special) to libinit2.o(.ARM.Collect$$libinit$$0000001F) for __rt_lib_init_fp_trap_1
    libinit.o(.ARM.Collect$$libinit$$00000000) refers (Special) to libinit2.o(.ARM.Collect$$libinit$$00000023) for __rt_lib_init_getenv_1
    libinit.o(.ARM.Collect$$libinit$$00000000) refers (Special) to libinit2.o(.ARM.Collect$$libinit$$0000000A) for __rt_lib_init_heap_1
    libinit.o(.ARM.Collect$$libinit$$00000000) refers (Special) to libinit2.o(.ARM.Collect$$libinit$$00000011) for __rt_lib_init_lc_collate_1
    libinit.o(.ARM.Collect$$libinit$$00000000) refers (Special) to libinit2.o(.ARM.Collect$$libinit$$00000013) for __rt_lib_init_lc_ctype_1
    libinit.o(.ARM.Collect$$libinit$$00000000) refers (Special) to libinit2.o(.ARM.Collect$$libinit$$00000015) for __rt_lib_init_lc_monetary_1
    libinit.o(.ARM.Collect$$libinit$$00000000) refers (Special) to libinit2.o(.ARM.Collect$$libinit$$00000017) for __rt_lib_init_lc_numeric_1
    libinit.o(.ARM.Collect$$libinit$$00000000) refers (Special) to libinit2.o(.ARM.Collect$$libinit$$00000019) for __rt_lib_init_lc_time_1
    libinit.o(.ARM.Collect$$libinit$$00000000) refers (Special) to libinit2.o(.ARM.Collect$$libinit$$00000004) for __rt_lib_init_preinit_1
    libinit.o(.ARM.Collect$$libinit$$00000000) refers (Special) to libinit2.o(.ARM.Collect$$libinit$$0000000E) for __rt_lib_init_rand_1
    libinit.o(.ARM.Collect$$libinit$$00000000) refers (Special) to libinit2.o(.ARM.Collect$$libinit$$00000033) for __rt_lib_init_return
    libinit.o(.ARM.Collect$$libinit$$00000000) refers (Special) to libinit2.o(.ARM.Collect$$libinit$$0000001D) for __rt_lib_init_signal_1
    libinit.o(.ARM.Collect$$libinit$$00000000) refers (Special) to libinit2.o(.ARM.Collect$$libinit$$00000025) for __rt_lib_init_stdio_1
    libinit.o(.ARM.Collect$$libinit$$00000000) refers (Special) to libinit2.o(.ARM.Collect$$libinit$$0000000C) for __rt_lib_init_user_alloc_1
    exception_what.o(.ARM.exidx) refers to exception_what.o(i._ZNKSt9exception4whatEv) for i._ZNKSt9exception4whatEv
    type_info_dtor.o(.ARM.exidx) refers to type_info_dtor.o(i._ZNSt9type_infoD1Ev) for i._ZNSt9type_infoD1Ev
    type_info_dtor.o(.ARM.exidx) refers to type_info_dtor.o(i._ZNSt9type_infoD0Ev) for i._ZNSt9type_infoD0Ev
    arm_exceptions_callterm.o(.text) refers to arm_exceptions_globs.o(.text) for __cxa_get_globals
    arm_exceptions_callterm.o(.text) refers to arm_exceptions_support.o(.text) for __ARM::is_foreign_exception(_Unwind_Control_Block*)
    arm_exceptions_callterm.o(.text) refers to arm_exceptions_terminate.o(.text) for std::terminate()
    arm_exceptions_callterm.o(.ARM.exidx) refers to arm_exceptions_callterm.o(.text) for .text
    arm_exceptions_globs.o(.text) refers to abort.o(.text) for abort
    arm_exceptions_globs.o(.text) refers to rt_eh_globals_addr_intlibspace.o(.text) for __rt_eh_globals_addr
    arm_exceptions_globs.o(.text) refers to h1_alloc.o(.text) for malloc
    arm_exceptions_globs.o(.text) refers to arm_exceptions_mem.o(.text) for __ARM_exceptions_buffer_init
    arm_exceptions_globs.o(.ARM.exidx) refers to arm_exceptions_globs.o(.text) for .text
    unwinder.o(.emb_text) refers to unwinder.o(.text) for __ARM_Unwind_RaiseException
    unwinder.o(.text) refers to bsearchnoex.o(.text) for bsearch
    unwinder.o(.text) refers to unwind_activity.o(.emb_text) for _Unwind_Activity
    unwinder.o(.text) refers to abort.o(.text) for abort
    unwinder.o(.text) refers to unwinder.o(.emb_text) for __ARM_Unwind_VRS_corerestore
    unwinder.o(.text) refers to h1_alloc.o(.text) for malloc
    unwinder.o(.text) refers to rt_memcpy.o(.emb_text) for __aeabi_memcpy4
    unwinder.o(.text) refers to h1_free.o(.text) for free
    unwinder.o(.text) refers (Weak) to unwind_pr0.o(.text) for __aeabi_unwind_cpp_pr0
    unwinder.o(.ARM.exidx) refers to unwinder.o(.text) for .text
    sys_exit.o(.text) refers (Special) to use_no_semi.o(.text) for __I$use$semihosting
    sys_exit.o(.text) refers (Special) to indicate_semi.o(.text) for __semihosting_library_function
    rtexit.o(.ARM.Collect$$rtexit$$00000000) refers (Special) to rtexit2.o(.ARM.Collect$$rtexit$$00000004) for __rt_exit_exit
    rtexit.o(.ARM.Collect$$rtexit$$00000000) refers (Special) to rtexit2.o(.ARM.Collect$$rtexit$$00000003) for __rt_exit_ls
    rtexit.o(.ARM.Collect$$rtexit$$00000000) refers (Special) to rtexit2.o(.ARM.Collect$$rtexit$$00000002) for __rt_exit_prels_1
    rtexit.o(.ARM.exidx) refers (Special) to rtexit2.o(.ARM.Collect$$rtexit$$00000004) for __rt_exit_exit
    rtexit.o(.ARM.exidx) refers (Special) to rtexit2.o(.ARM.Collect$$rtexit$$00000003) for __rt_exit_ls
    rtexit.o(.ARM.exidx) refers (Special) to rtexit2.o(.ARM.Collect$$rtexit$$00000002) for __rt_exit_prels_1
    rtexit.o(.ARM.exidx) refers to rtexit.o(.ARM.Collect$$rtexit$$00000000) for .ARM.Collect$$rtexit$$00000000
    rt_raise.o(.text) refers to __raise.o(.text) for __raise
    rt_raise.o(.text) refers to sys_exit.o(.text) for _sys_exit
    rt_eh_globals_addr.o(.text) refers to rt_eh_globals_addr.o(.bss) for __rt_eh_globals_addr_data
    rt_eh_globals_addr_intlibspace.o(.text) refers to libspace.o(.bss) for __libspace_start
    term_alloc.o(.text) refers (Special) to libshutdown2.o(.ARM.Collect$$libshutdown$$0000000E) for __rt_lib_shutdown_heap_2
    term_alloc.o(.text) refers to rt_heap_descriptor_intlibspace.o(.text) for __rt_heap_descriptor
    defsig_exit.o(.text) refers to sys_exit.o(.text) for _sys_exit
    defsig_abrt_outer.o(.text) refers to defsig_abrt_inner.o(.text) for __rt_SIGABRT_inner
    defsig_abrt_outer.o(.text) refers to defsig_exit.o(.text) for __sig_exit
    defsig_abrt_formal.o(.text) refers to rt_raise.o(.text) for __rt_raise
    defsig_fpe_inner.o(.text) refers to defsig_general.o(.text) for __default_signal_display
    defsig_rtmem_inner.o(.text) refers to defsig_general.o(.text) for __default_signal_display
    arm_begincatch_noexceptions.o(.ARM.exidx) refers to arm_begincatch_noexceptions.o(.text) for .text
    arm_exceptions_mem.o(.text) refers to h1_alloc.o(.text) for malloc
    arm_exceptions_mem.o(.ARM.exidx) refers to arm_exceptions_mem.o(.text) for .text
    arm_exceptions_support.o(.text) refers to arm_exceptions_support.o(.constdata) for .constdata
    arm_exceptions_support.o(.ARM.exidx) refers to arm_exceptions_support.o(.text) for .text
    rtexit2.o(.ARM.Collect$$rtexit$$00000003) refers to libshutdown.o(.ARM.Collect$$libshutdown$$00000000) for __rt_lib_shutdown
    rtexit2.o(.ARM.Collect$$rtexit$$00000004) refers to sys_exit.o(.text) for _sys_exit
    rtexit2.o(.ARM.exidx) refers to rtexit2.o(.ARM.Collect$$rtexit$$00000001) for .ARM.Collect$$rtexit$$00000001
    rtexit2.o(.ARM.exidx) refers to rtexit2.o(.ARM.Collect$$rtexit$$00000003) for .ARM.Collect$$rtexit$$00000003
    rtexit2.o(.ARM.exidx) refers to rtexit2.o(.ARM.Collect$$rtexit$$00000004) for .ARM.Collect$$rtexit$$00000004
    __raise.o(.text) refers to defsig.o(CL$$defsig) for __default_signal_handler
    defsig_general.o(.text) refers to sys_wrch.o(.text) for _ttywrch
    defsig_abrt_inner.o(.text) refers to defsig_general.o(.text) for __default_signal_display
    libshutdown2.o(.ARM.Collect$$libshutdown$$0000000D) refers (Weak) to term_alloc.o(.text) for _terminate_alloc
    sys_wrch.o(.text) refers (Special) to use_no_semi.o(.text) for __I$use$semihosting
    sys_wrch.o(.text) refers (Special) to indicate_semi.o(.text) for __semihosting_library_function
    defsig.o(CL$$defsig) refers to defsig_abrt_inner.o(.text) for __rt_SIGABRT_inner
    defsig.o(CL$$defsig) refers to defsig_fpe_inner.o(.text) for __rt_SIGFPE_inner
    defsig.o(CL$$defsig) refers to defsig_rtmem_inner.o(.text) for __rt_SIGRTMEM_inner
    libshutdown.o(.ARM.Collect$$libshutdown$$00000000) refers (Special) to libshutdown2.o(.ARM.Collect$$libshutdown$$00000002) for __rt_lib_shutdown_cpp_1
    libshutdown.o(.ARM.Collect$$libshutdown$$00000000) refers (Special) to libshutdown2.o(.ARM.Collect$$libshutdown$$00000007) for __rt_lib_shutdown_fp_trap_1
    libshutdown.o(.ARM.Collect$$libshutdown$$00000000) refers (Special) to libshutdown2.o(.ARM.Collect$$libshutdown$$0000000F) for __rt_lib_shutdown_heap_1
    libshutdown.o(.ARM.Collect$$libshutdown$$00000000) refers (Special) to libshutdown2.o(.ARM.Collect$$libshutdown$$00000010) for __rt_lib_shutdown_return
    libshutdown.o(.ARM.Collect$$libshutdown$$00000000) refers (Special) to libshutdown2.o(.ARM.Collect$$libshutdown$$0000000A) for __rt_lib_shutdown_signal_1
    libshutdown.o(.ARM.Collect$$libshutdown$$00000000) refers (Special) to libshutdown2.o(.ARM.Collect$$libshutdown$$00000004) for __rt_lib_shutdown_stdio_1
    libshutdown.o(.ARM.Collect$$libshutdown$$00000000) refers (Special) to libshutdown2.o(.ARM.Collect$$libshutdown$$0000000C) for __rt_lib_shutdown_user_alloc_1
    defsig_rtred_inner.o(.text) refers to defsig_general.o(.text) for __default_signal_display
    defsig_stak_inner.o(.text) refers to defsig_general.o(.text) for __default_signal_display
    defsig_pvfn_inner.o(.text) refers to defsig_general.o(.text) for __default_signal_display
    defsig_cppl_inner.o(.text) refers to defsig_general.o(.text) for __default_signal_display
    defsig_segv_inner.o(.text) refers to defsig_general.o(.text) for __default_signal_display
    defsig_other.o(.text) refers to defsig_general.o(.text) for __default_signal_display
    stm32f0xx_hal_rcc.o(.ARM.exidx) refers to stm32f0xx_hal_rcc.o(i.__ARM_common_ll_muluu) for i.__ARM_common_ll_muluu
    stm32f0xx_hal_dma.o(.ARM.exidx) refers to stm32f0xx_hal_dma.o(i.__ARM_common_switch8) for i.__ARM_common_switch8
    flash_driver.o(i._ZSt4ceilf) refers to ceilf.o(i.ceilf) for ceilf
    flash_driver.o(.ARM.exidx) refers to flash_driver.o(i._ZSt4ceilf) for i._ZSt4ceilf
    bad_alloc_dtor.o(.constdata__ZTVSt9bad_alloc) refers to bad_alloc_dtor.o(.constdata__ZTISt9bad_alloc) for typeinfo for std::bad_alloc
    bad_alloc_dtor.o(.constdata__ZTVSt9bad_alloc) refers to bad_alloc_dtor.o(i._ZNSt9bad_allocD1Ev) for std::bad_alloc::~bad_alloc()
    bad_alloc_dtor.o(.constdata__ZTVSt9bad_alloc) refers to bad_alloc_dtor.o(i._ZNSt9bad_allocD0Ev) for std::bad_alloc::~bad_alloc__deallocating()
    bad_alloc_dtor.o(.constdata__ZTVSt9bad_alloc) refers to bad_alloc_what.o(i._ZNKSt9bad_alloc4whatEv) for std::bad_alloc::what() const
    bad_alloc_dtor.o(.constdata__ZTISt9bad_alloc) refers to lib_rtti_impl.o(.constdata__ZTVN10__cxxabiv120__si_class_type_infoE) for vtable for __cxxabiv1::__si_class_type_info
    bad_alloc_dtor.o(.constdata__ZTISt9bad_alloc) refers to bad_alloc_dtor.o(.constdata__ZTSSt9bad_alloc) for typeinfo name for std::bad_alloc
    bad_alloc_dtor.o(.constdata__ZTISt9bad_alloc) refers to exception_dtor.o(.constdata__ZTISt9exception) for typeinfo for std::exception
    exception_dtor.o(.constdata__ZTVSt9exception) refers to exception_dtor.o(.constdata__ZTISt9exception) for typeinfo for std::exception
    exception_dtor.o(.constdata__ZTVSt9exception) refers to exception_dtor.o(i._ZNSt9exceptionD1Ev) for std::exception::~exception()
    exception_dtor.o(.constdata__ZTVSt9exception) refers to exception_dtor.o(i._ZNSt9exceptionD0Ev) for std::exception::~exception__deallocating()
    exception_dtor.o(.constdata__ZTVSt9exception) refers to exception_what.o(i._ZNKSt9exception4whatEv) for std::exception::what() const
    exception_dtor.o(.constdata__ZTISt9exception) refers to lib_rtti_impl.o(.constdata__ZTVN10__cxxabiv117__class_type_infoE) for vtable for __cxxabiv1::__class_type_info
    exception_dtor.o(.constdata__ZTISt9exception) refers to exception_dtor.o(.constdata__ZTSSt9exception) for typeinfo name for std::exception
    lib_rtti_impl.o(.constdata__ZTVN10__cxxabiv123__fundamental_type_infoE) refers to lib_rtti_impl.o(.constdata__ZTIN10__cxxabiv123__fundamental_type_infoE) for typeinfo for __cxxabiv1::__fundamental_type_info
    lib_rtti_impl.o(.constdata__ZTVN10__cxxabiv123__fundamental_type_infoE) refers to lib_rtti_impl.o(i._ZN10__cxxabiv123__fundamental_type_infoD1Ev) for __cxxabiv1::__fundamental_type_info::~__fundamental_type_info()
    lib_rtti_impl.o(.constdata__ZTVN10__cxxabiv123__fundamental_type_infoE) refers to lib_rtti_impl.o(i._ZN10__cxxabiv123__fundamental_type_infoD0Ev) for __cxxabiv1::__fundamental_type_info::~__fundamental_type_info__deallocating()
    lib_rtti_impl.o(.constdata__ZTVN10__cxxabiv117__array_type_infoE) refers to lib_rtti_impl.o(.constdata__ZTIN10__cxxabiv117__array_type_infoE) for typeinfo for __cxxabiv1::__array_type_info
    lib_rtti_impl.o(.constdata__ZTVN10__cxxabiv117__array_type_infoE) refers to lib_rtti_impl.o(i._ZN10__cxxabiv117__array_type_infoD1Ev) for __cxxabiv1::__array_type_info::~__array_type_info()
    lib_rtti_impl.o(.constdata__ZTVN10__cxxabiv117__array_type_infoE) refers to lib_rtti_impl.o(i._ZN10__cxxabiv117__array_type_infoD0Ev) for __cxxabiv1::__array_type_info::~__array_type_info__deallocating()
    lib_rtti_impl.o(.constdata__ZTVN10__cxxabiv120__function_type_infoE) refers to lib_rtti_impl.o(.constdata__ZTIN10__cxxabiv120__function_type_infoE) for typeinfo for __cxxabiv1::__function_type_info
    lib_rtti_impl.o(.constdata__ZTVN10__cxxabiv120__function_type_infoE) refers to lib_rtti_impl.o(i._ZN10__cxxabiv120__function_type_infoD1Ev) for __cxxabiv1::__function_type_info::~__function_type_info()
    lib_rtti_impl.o(.constdata__ZTVN10__cxxabiv120__function_type_infoE) refers to lib_rtti_impl.o(i._ZN10__cxxabiv120__function_type_infoD0Ev) for __cxxabiv1::__function_type_info::~__function_type_info__deallocating()
    lib_rtti_impl.o(.constdata__ZTVN10__cxxabiv116__enum_type_infoE) refers to lib_rtti_impl.o(.constdata__ZTIN10__cxxabiv116__enum_type_infoE) for typeinfo for __cxxabiv1::__enum_type_info
    lib_rtti_impl.o(.constdata__ZTVN10__cxxabiv116__enum_type_infoE) refers to lib_rtti_impl.o(i._ZN10__cxxabiv116__enum_type_infoD1Ev) for __cxxabiv1::__enum_type_info::~__enum_type_info()
    lib_rtti_impl.o(.constdata__ZTVN10__cxxabiv116__enum_type_infoE) refers to lib_rtti_impl.o(i._ZN10__cxxabiv116__enum_type_infoD0Ev) for __cxxabiv1::__enum_type_info::~__enum_type_info__deallocating()
    lib_rtti_impl.o(.constdata__ZTVN10__cxxabiv117__class_type_infoE) refers to lib_rtti_impl.o(.constdata__ZTIN10__cxxabiv117__class_type_infoE) for typeinfo for __cxxabiv1::__class_type_info
    lib_rtti_impl.o(.constdata__ZTVN10__cxxabiv117__class_type_infoE) refers to lib_rtti_impl.o(i._ZN10__cxxabiv117__class_type_infoD1Ev) for __cxxabiv1::__class_type_info::~__class_type_info()
    lib_rtti_impl.o(.constdata__ZTVN10__cxxabiv117__class_type_infoE) refers to lib_rtti_impl.o(i._ZN10__cxxabiv117__class_type_infoD0Ev) for __cxxabiv1::__class_type_info::~__class_type_info__deallocating()
    lib_rtti_impl.o(.constdata__ZTVN10__cxxabiv120__si_class_type_infoE) refers to lib_rtti_impl.o(.constdata__ZTIN10__cxxabiv120__si_class_type_infoE) for typeinfo for __cxxabiv1::__si_class_type_info
    lib_rtti_impl.o(.constdata__ZTVN10__cxxabiv120__si_class_type_infoE) refers to lib_rtti_impl.o(i._ZN10__cxxabiv120__si_class_type_infoD1Ev) for __cxxabiv1::__si_class_type_info::~__si_class_type_info()
    lib_rtti_impl.o(.constdata__ZTVN10__cxxabiv120__si_class_type_infoE) refers to lib_rtti_impl.o(i._ZN10__cxxabiv120__si_class_type_infoD0Ev) for __cxxabiv1::__si_class_type_info::~__si_class_type_info__deallocating()
    lib_rtti_impl.o(.constdata__ZTVN10__cxxabiv121__vmi_class_type_infoE) refers to lib_rtti_impl.o(.constdata__ZTIN10__cxxabiv121__vmi_class_type_infoE) for typeinfo for __cxxabiv1::__vmi_class_type_info
    lib_rtti_impl.o(.constdata__ZTVN10__cxxabiv121__vmi_class_type_infoE) refers to lib_rtti_impl.o(i._ZN10__cxxabiv121__vmi_class_type_infoD1Ev) for __cxxabiv1::__vmi_class_type_info::~__vmi_class_type_info()
    lib_rtti_impl.o(.constdata__ZTVN10__cxxabiv121__vmi_class_type_infoE) refers to lib_rtti_impl.o(i._ZN10__cxxabiv121__vmi_class_type_infoD0Ev) for __cxxabiv1::__vmi_class_type_info::~__vmi_class_type_info__deallocating()
    lib_rtti_impl.o(.constdata__ZTVN10__cxxabiv117__pbase_type_infoE) refers to lib_rtti_impl.o(.constdata__ZTIN10__cxxabiv117__pbase_type_infoE) for typeinfo for __cxxabiv1::__pbase_type_info
    lib_rtti_impl.o(.constdata__ZTVN10__cxxabiv117__pbase_type_infoE) refers to lib_rtti_impl.o(i._ZN10__cxxabiv117__pbase_type_infoD1Ev) for __cxxabiv1::__pbase_type_info::~__pbase_type_info()
    lib_rtti_impl.o(.constdata__ZTVN10__cxxabiv117__pbase_type_infoE) refers to lib_rtti_impl.o(i._ZN10__cxxabiv117__pbase_type_infoD0Ev) for __cxxabiv1::__pbase_type_info::~__pbase_type_info__deallocating()
    lib_rtti_impl.o(.constdata__ZTVN10__cxxabiv119__pointer_type_infoE) refers to lib_rtti_impl.o(.constdata__ZTIN10__cxxabiv119__pointer_type_infoE) for typeinfo for __cxxabiv1::__pointer_type_info
    lib_rtti_impl.o(.constdata__ZTVN10__cxxabiv119__pointer_type_infoE) refers to lib_rtti_impl.o(i._ZN10__cxxabiv119__pointer_type_infoD1Ev) for __cxxabiv1::__pointer_type_info::~__pointer_type_info()
    lib_rtti_impl.o(.constdata__ZTVN10__cxxabiv119__pointer_type_infoE) refers to lib_rtti_impl.o(i._ZN10__cxxabiv119__pointer_type_infoD0Ev) for __cxxabiv1::__pointer_type_info::~__pointer_type_info__deallocating()
    lib_rtti_impl.o(.constdata__ZTVN10__cxxabiv129__pointer_to_member_type_infoE) refers to lib_rtti_impl.o(.constdata__ZTIN10__cxxabiv129__pointer_to_member_type_infoE) for typeinfo for __cxxabiv1::__pointer_to_member_type_info
    lib_rtti_impl.o(.constdata__ZTVN10__cxxabiv129__pointer_to_member_type_infoE) refers to lib_rtti_impl.o(i._ZN10__cxxabiv129__pointer_to_member_type_infoD1Ev) for __cxxabiv1::__pointer_to_member_type_info::~__pointer_to_member_type_info()
    lib_rtti_impl.o(.constdata__ZTVN10__cxxabiv129__pointer_to_member_type_infoE) refers to lib_rtti_impl.o(i._ZN10__cxxabiv129__pointer_to_member_type_infoD0Ev) for __cxxabiv1::__pointer_to_member_type_info::~__pointer_to_member_type_info__deallocating()
    lib_rtti_impl.o(.ARM.exidx) refers to lib_rtti_impl.o(i._ZNSt9type_infodlEPv) for i._ZNSt9type_infodlEPv
    lib_rtti_impl.o(.constdata__ZTIN10__cxxabiv123__fundamental_type_infoE) refers to lib_rtti_impl.o(.constdata__ZTVN10__cxxabiv120__si_class_type_infoE) for vtable for __cxxabiv1::__si_class_type_info
    lib_rtti_impl.o(.constdata__ZTIN10__cxxabiv123__fundamental_type_infoE) refers to lib_rtti_impl.o(.constdata__ZTSN10__cxxabiv123__fundamental_type_infoE) for typeinfo name for __cxxabiv1::__fundamental_type_info
    lib_rtti_impl.o(.constdata__ZTIN10__cxxabiv123__fundamental_type_infoE) refers to type_info_dtor.o(.constdata__ZTISt9type_info) for typeinfo for std::type_info
    lib_rtti_impl.o(.constdata__ZTIN10__cxxabiv117__array_type_infoE) refers to lib_rtti_impl.o(.constdata__ZTVN10__cxxabiv120__si_class_type_infoE) for vtable for __cxxabiv1::__si_class_type_info
    lib_rtti_impl.o(.constdata__ZTIN10__cxxabiv117__array_type_infoE) refers to lib_rtti_impl.o(.constdata__ZTSN10__cxxabiv117__array_type_infoE) for typeinfo name for __cxxabiv1::__array_type_info
    lib_rtti_impl.o(.constdata__ZTIN10__cxxabiv117__array_type_infoE) refers to type_info_dtor.o(.constdata__ZTISt9type_info) for typeinfo for std::type_info
    lib_rtti_impl.o(.constdata__ZTIN10__cxxabiv120__function_type_infoE) refers to lib_rtti_impl.o(.constdata__ZTVN10__cxxabiv120__si_class_type_infoE) for vtable for __cxxabiv1::__si_class_type_info
    lib_rtti_impl.o(.constdata__ZTIN10__cxxabiv120__function_type_infoE) refers to lib_rtti_impl.o(.constdata__ZTSN10__cxxabiv120__function_type_infoE) for typeinfo name for __cxxabiv1::__function_type_info
    lib_rtti_impl.o(.constdata__ZTIN10__cxxabiv120__function_type_infoE) refers to type_info_dtor.o(.constdata__ZTISt9type_info) for typeinfo for std::type_info
    lib_rtti_impl.o(.constdata__ZTIN10__cxxabiv116__enum_type_infoE) refers to lib_rtti_impl.o(.constdata__ZTVN10__cxxabiv120__si_class_type_infoE) for vtable for __cxxabiv1::__si_class_type_info
    lib_rtti_impl.o(.constdata__ZTIN10__cxxabiv116__enum_type_infoE) refers to lib_rtti_impl.o(.constdata__ZTSN10__cxxabiv116__enum_type_infoE) for typeinfo name for __cxxabiv1::__enum_type_info
    lib_rtti_impl.o(.constdata__ZTIN10__cxxabiv116__enum_type_infoE) refers to type_info_dtor.o(.constdata__ZTISt9type_info) for typeinfo for std::type_info
    lib_rtti_impl.o(.constdata__ZTIN10__cxxabiv117__class_type_infoE) refers to lib_rtti_impl.o(.constdata__ZTVN10__cxxabiv120__si_class_type_infoE) for vtable for __cxxabiv1::__si_class_type_info
    lib_rtti_impl.o(.constdata__ZTIN10__cxxabiv117__class_type_infoE) refers to lib_rtti_impl.o(.constdata__ZTSN10__cxxabiv117__class_type_infoE) for typeinfo name for __cxxabiv1::__class_type_info
    lib_rtti_impl.o(.constdata__ZTIN10__cxxabiv117__class_type_infoE) refers to type_info_dtor.o(.constdata__ZTISt9type_info) for typeinfo for std::type_info
    lib_rtti_impl.o(.constdata__ZTIN10__cxxabiv120__si_class_type_infoE) refers to lib_rtti_impl.o(.constdata__ZTVN10__cxxabiv120__si_class_type_infoE) for vtable for __cxxabiv1::__si_class_type_info
    lib_rtti_impl.o(.constdata__ZTIN10__cxxabiv120__si_class_type_infoE) refers to lib_rtti_impl.o(.constdata__ZTSN10__cxxabiv120__si_class_type_infoE) for typeinfo name for __cxxabiv1::__si_class_type_info
    lib_rtti_impl.o(.constdata__ZTIN10__cxxabiv120__si_class_type_infoE) refers to lib_rtti_impl.o(.constdata__ZTIN10__cxxabiv117__class_type_infoE) for typeinfo for __cxxabiv1::__class_type_info
    lib_rtti_impl.o(.constdata__ZTIN10__cxxabiv121__vmi_class_type_infoE) refers to lib_rtti_impl.o(.constdata__ZTVN10__cxxabiv120__si_class_type_infoE) for vtable for __cxxabiv1::__si_class_type_info
    lib_rtti_impl.o(.constdata__ZTIN10__cxxabiv121__vmi_class_type_infoE) refers to lib_rtti_impl.o(.constdata__ZTSN10__cxxabiv121__vmi_class_type_infoE) for typeinfo name for __cxxabiv1::__vmi_class_type_info
    lib_rtti_impl.o(.constdata__ZTIN10__cxxabiv121__vmi_class_type_infoE) refers to lib_rtti_impl.o(.constdata__ZTIN10__cxxabiv117__class_type_infoE) for typeinfo for __cxxabiv1::__class_type_info
    lib_rtti_impl.o(.constdata__ZTIN10__cxxabiv117__pbase_type_infoE) refers to lib_rtti_impl.o(.constdata__ZTVN10__cxxabiv120__si_class_type_infoE) for vtable for __cxxabiv1::__si_class_type_info
    lib_rtti_impl.o(.constdata__ZTIN10__cxxabiv117__pbase_type_infoE) refers to lib_rtti_impl.o(.constdata__ZTSN10__cxxabiv117__pbase_type_infoE) for typeinfo name for __cxxabiv1::__pbase_type_info
    lib_rtti_impl.o(.constdata__ZTIN10__cxxabiv117__pbase_type_infoE) refers to type_info_dtor.o(.constdata__ZTISt9type_info) for typeinfo for std::type_info
    lib_rtti_impl.o(.constdata__ZTIN10__cxxabiv119__pointer_type_infoE) refers to lib_rtti_impl.o(.constdata__ZTVN10__cxxabiv120__si_class_type_infoE) for vtable for __cxxabiv1::__si_class_type_info
    lib_rtti_impl.o(.constdata__ZTIN10__cxxabiv119__pointer_type_infoE) refers to lib_rtti_impl.o(.constdata__ZTSN10__cxxabiv119__pointer_type_infoE) for typeinfo name for __cxxabiv1::__pointer_type_info
    lib_rtti_impl.o(.constdata__ZTIN10__cxxabiv119__pointer_type_infoE) refers to lib_rtti_impl.o(.constdata__ZTIN10__cxxabiv117__pbase_type_infoE) for typeinfo for __cxxabiv1::__pbase_type_info
    lib_rtti_impl.o(.constdata__ZTIN10__cxxabiv129__pointer_to_member_type_infoE) refers to lib_rtti_impl.o(.constdata__ZTVN10__cxxabiv120__si_class_type_infoE) for vtable for __cxxabiv1::__si_class_type_info
    lib_rtti_impl.o(.constdata__ZTIN10__cxxabiv129__pointer_to_member_type_infoE) refers to lib_rtti_impl.o(.constdata__ZTSN10__cxxabiv129__pointer_to_member_type_infoE) for typeinfo name for __cxxabiv1::__pointer_to_member_type_info
    lib_rtti_impl.o(.constdata__ZTIN10__cxxabiv129__pointer_to_member_type_infoE) refers to lib_rtti_impl.o(.constdata__ZTIN10__cxxabiv117__pbase_type_infoE) for typeinfo for __cxxabiv1::__pbase_type_info
    lib_rtti_impl.o(i.__ARM_common_noexcept_landing) refers to arm_exceptions_callterm.o(.text) for __cxa_call_terminate
    lib_rtti_impl.o(.ARM.exidx) refers to lib_rtti_impl.o(i.__ARM_common_noexcept_landing) for i.__ARM_common_noexcept_landing
    type_info_dtor.o(.constdata__ZTVSt9type_info) refers to type_info_dtor.o(.constdata__ZTISt9type_info) for typeinfo for std::type_info
    type_info_dtor.o(.constdata__ZTVSt9type_info) refers to type_info_dtor.o(i._ZNSt9type_infoD1Ev) for std::type_info::~type_info()
    type_info_dtor.o(.constdata__ZTVSt9type_info) refers to type_info_dtor.o(i._ZNSt9type_infoD0Ev) for std::type_info::~type_info__deallocating()
    type_info_dtor.o(.constdata__ZTISt9type_info) refers to lib_rtti_impl.o(.constdata__ZTVN10__cxxabiv117__class_type_infoE) for vtable for __cxxabiv1::__class_type_info
    type_info_dtor.o(.constdata__ZTISt9type_info) refers to type_info_dtor.o(.constdata__ZTSSt9type_info) for typeinfo name for std::type_info

