Component: ARM Compiler 5.06 update 6 (build 750) Tool: armlink [4d35ed]

==============================================================================

Section Cross References

    startup_stm32f042x6.o(STACK) refers (Special) to heapauxi.o(.text) for __use_two_region_memory
    startup_stm32f042x6.o(HEAP) refers (Special) to heapauxi.o(.text) for __use_two_region_memory
    startup_stm32f042x6.o(RESET) refers (Special) to heapauxi.o(.text) for __use_two_region_memory
    startup_stm32f042x6.o(RESET) refers to startup_stm32f042x6.o(STACK) for __initial_sp
    startup_stm32f042x6.o(RESET) refers to startup_stm32f042x6.o(.text) for Reset_Handler
    startup_stm32f042x6.o(RESET) refers to stm32f0xx_it.o(i.NMI_Handler) for NMI_Handler
    startup_stm32f042x6.o(RESET) refers to stm32f0xx_it.o(i.HardFault_Handler) for HardFault_Handler
    startup_stm32f042x6.o(RESET) refers to stm32f0xx_it.o(i.SVC_Handler) for SVC_Handler
    startup_stm32f042x6.o(RESET) refers to stm32f0xx_it.o(i.PendSV_Handler) for PendSV_Handler
    startup_stm32f042x6.o(RESET) refers to stm32f0xx_it.o(i.SysTick_Handler) for SysTick_Handler
    startup_stm32f042x6.o(RESET) refers to stm32f0xx_it.o(i.CEC_CAN_IRQHandler) for CEC_CAN_IRQHandler
    startup_stm32f042x6.o(.text) refers (Special) to heapauxi.o(.text) for __use_two_region_memory
    startup_stm32f042x6.o(.text) refers to startup_stm32f042x6.o(STACK) for __initial_sp
    startup_stm32f042x6.o(.text) refers to system_stm32f0xx.o(i.SystemInit) for SystemInit
    startup_stm32f042x6.o(.text) refers to __main.o(!!!main) for __main
    startup_stm32f042x6.o(.text) refers to startup_stm32f042x6.o(HEAP) for Heap_Mem
    main.o(i.HAL_CAN_RxFifo0MsgPendingCallback) refers to stm32f0xx_hal_can.o(i.HAL_CAN_GetRxMessage) for HAL_CAN_GetRxMessage
    main.o(i.HAL_CAN_RxFifo0MsgPendingCallback) refers to main.o(i._Z21CAN_SendDataFromFlashv) for CAN_SendDataFromFlash()
    main.o(i.HAL_CAN_RxFifo0MsgPendingCallback) refers to main.o(i._Z18CAN_SendFlyingDatav) for CAN_SendFlyingData()
    main.o(i.HAL_CAN_RxFifo0MsgPendingCallback) refers to main.o(i._Z13CAN_SaveFalshv) for CAN_SaveFalsh()
    main.o(i.HAL_CAN_RxFifo0MsgPendingCallback) refers to main.o(i._Z8check_txv) for check_tx()
    main.o(i.HAL_CAN_RxFifo0MsgPendingCallback) refers to main.o(.data) for RxData
    main.o(i.HAL_CAN_RxFifo0MsgPendingCallback) refers to main.o(.bss) for RxHeader
    main.o(i._Z18SystemClock_Configv) refers to rt_memclr.o(.text) for __aeabi_memclr4
    main.o(i._Z18SystemClock_Configv) refers to stm32f0xx_hal_rcc.o(i.HAL_RCC_OscConfig) for HAL_RCC_OscConfig
    main.o(i._Z18SystemClock_Configv) refers to main.o(i.Error_Handler) for Error_Handler
    main.o(i._Z18SystemClock_Configv) refers to stm32f0xx_hal_rcc.o(i.HAL_RCC_ClockConfig) for HAL_RCC_ClockConfig
    main.o(i._Z18SystemClock_Configv) refers to stm32f0xx_hal_rcc_ex.o(i.HAL_RCCEx_PeriphCLKConfig) for HAL_RCCEx_PeriphCLKConfig
    main.o(i._ZN25_INTERNAL_6_main_c_TxData11MX_CAN_InitEv) refers to stm32f0xx_hal_can.o(i.HAL_CAN_Init) for HAL_CAN_Init
    main.o(i._ZN25_INTERNAL_6_main_c_TxData11MX_CAN_InitEv) refers to main.o(i.Error_Handler) for Error_Handler
    main.o(i._ZN25_INTERNAL_6_main_c_TxData11MX_CAN_InitEv) refers to stm32f0xx_hal_can.o(i.HAL_CAN_ConfigFilter) for HAL_CAN_ConfigFilter
    main.o(i._ZN25_INTERNAL_6_main_c_TxData11MX_CAN_InitEv) refers to main.o(.bss) for hcan
    main.o(i._ZN25_INTERNAL_6_main_c_TxData12MX_I2C1_InitEv) refers to stm32f0xx_hal_i2c.o(i.HAL_I2C_Init) for HAL_I2C_Init
    main.o(i._ZN25_INTERNAL_6_main_c_TxData12MX_I2C1_InitEv) refers to main.o(i.Error_Handler) for Error_Handler
    main.o(i._ZN25_INTERNAL_6_main_c_TxData12MX_I2C1_InitEv) refers to stm32f0xx_hal_i2c_ex.o(i.HAL_I2CEx_ConfigAnalogFilter) for HAL_I2CEx_ConfigAnalogFilter
    main.o(i._ZN25_INTERNAL_6_main_c_TxData12MX_I2C1_InitEv) refers to stm32f0xx_hal_i2c_ex.o(i.HAL_I2CEx_ConfigDigitalFilter) for HAL_I2CEx_ConfigDigitalFilter
    main.o(i._ZN25_INTERNAL_6_main_c_TxData12MX_I2C1_InitEv) refers to main.o(.bss) for hi2c1
    main.o(i.main) refers to _printf_pad.o(.text) for _printf_pre_padding
    main.o(i.main) refers to _printf_percent.o(.ARM.Collect$$_printf_percent$$00000000) for _printf_percent
    main.o(i.main) refers to _printf_x.o(.ARM.Collect$$_printf_percent$$0000000C) for _printf_x
    main.o(i.main) refers to _printf_hex_int.o(.text) for _printf_longlong_hex
    main.o(i.main) refers to stm32f0xx_hal.o(i.HAL_Init) for HAL_Init
    main.o(i.main) refers to noretval__2sprintf.o(.text) for __2sprintf
    main.o(i.main) refers to main.o(i._Z18SystemClock_Configv) for SystemClock_Config()
    main.o(i.main) refers to stm32f0xx_hal.o(i.HAL_Delay) for HAL_Delay
    main.o(i.main) refers to main.o(i._ZN25_INTERNAL_6_main_c_TxData12MX_GPIO_InitEv) for [local to main_c]::MX_GPIO_Init()
    main.o(i.main) refers to main.o(i._ZN25_INTERNAL_6_main_c_TxData11MX_CAN_InitEv) for [local to main_c]::MX_CAN_Init()
[...]
    ../clib/heapalloc.c                      0x00000000   Number         0  maybetermalloc1.o ABSOLUTE
    ../clib/heapalloc.c                      0x00000000   Number         0  maybetermalloc1.o ABSOLUTE
    ../clib/heapalloc.c                      0x00000000   Number         0  heapstubs.o ABSOLUTE
    ../clib/heapalloc.c                      0x00000000   Number         0  init_alloc.o ABSOLUTE
    ../clib/heapalloc.c                      0x00000000   Number         0  hguard.o ABSOLUTE
    ../clib/heapalloc.c                      0x00000000   Number         0  maybetermalloc2.o ABSOLUTE
    ../clib/heapaux.c                        0x00000000   Number         0  heapauxi.o ABSOLUTE
    ../clib/heapaux.c                        0x00000000   Number         0  heapauxa.o ABSOLUTE
    ../clib/libinit.s                        0x00000000   Number         0  libinit.o ABSOLUTE
    ../clib/libinit.s                        0x00000000   Number         0  libinit2.o ABSOLUTE
    ../clib/libinit.s                        0x00000000   Number         0  libshutdown.o ABSOLUTE
    ../clib/libinit.s                        0x00000000   Number         0  libshutdown2.o ABSOLUTE
    ../clib/longlong.c                       0x00000000   Number         0  llushr.o ABSOLUTE
    ../clib/memcpset.c                       0x00000000   Number         0  rt_memcpy.o ABSOLUTE
    ../clib/memcpset.c                       0x00000000   Number         0  rt_memclr.o ABSOLUTE
    ../clib/memcpset.c                       0x00000000   Number         0  rt_memcpy.o ABSOLUTE
    ../clib/misc.s                           0x00000000   Number         0  printf_stubs.o ABSOLUTE
    ../clib/printf.c                         0x00000000   Number         0  _printf_hex_int_ll_ptr.o ABSOLUTE
    ../clib/printf.c                         0x00000000   Number         0  _printf_intcommon.o ABSOLUTE
    ../clib/printf.c                         0x00000000   Number         0  __printf_nopercent.o ABSOLUTE
    ../clib/printf.c                         0x00000000   Number         0  __printf_flags.o ABSOLUTE
    ../clib/printf.c                         0x00000000   Number         0  __printf_flags_wp.o ABSOLUTE
    ../clib/printf.c                         0x00000000   Number         0  _printf_char_common.o ABSOLUTE
    ../clib/printf.c                         0x00000000   Number         0  noretval__2sprintf.o ABSOLUTE
    ../clib/printf.c                         0x00000000   Number         0  __printf_ss.o ABSOLUTE
    ../clib/printf.c                         0x00000000   Number         0  __printf.o ABSOLUTE
    ../clib/printf.c                         0x00000000   Number         0  __printf_flags_ss.o ABSOLUTE
    ../clib/printf.c                         0x00000000   Number         0  __printf_wp.o ABSOLUTE
    ../clib/printf.c                         0x00000000   Number         0  __printf_flags_ss_wp.o ABSOLUTE
    ../clib/printf.c                         0x00000000   Number         0  __2sprintf.o ABSOLUTE
    ../clib/printf.c                         0x00000000   Number         0  _printf_pad.o ABSOLUTE
    ../clib/printf.c                         0x00000000   Number         0  _printf_hex_int.o ABSOLUTE
    ../clib/printf.c                         0x00000000   Number         0  _printf_hex_int_ll.o ABSOLUTE
    ../clib/printf.c                         0x00000000   Number         0  _printf_hex_ptr.o ABSOLUTE
    ../clib/printf.c                         0x00000000   Number         0  _printf_hex_int_ptr.o ABSOLUTE
    ../clib/printf.c                         0x00000000   Number         0  _printf_hex_ll.o ABSOLUTE
    ../clib/printf.c                         0x00000000   Number         0  _printf_hex_ll_ptr.o ABSOLUTE
    ../clib/printf.c                         0x00000000   Number         0  __printf_ss_wp.o ABSOLUTE
    ../clib/printf.c                         0x00000000   Number         0  _sputc.o ABSOLUTE
    ../clib/printf_percent.s                 0x00000000   Number         0  _printf_x.o ABSOLUTE
    ../clib/printf_percent.s                 0x00000000   Number         0  _printf_percent_end.o ABSOLUTE
    ../clib/printf_percent.s                 0x00000000   Number         0  _printf_percent.o ABSOLUTE
    ../clib/signal.c                         0x00000000   Number         0  defsig_exit.o ABSOLUTE
    ../clib/signal.c                         0x00000000   Number         0  defsig_rtmem_formal.o ABSOLUTE
    ../clib/signal.c                         0x00000000   Number         0  defsig_rtmem_outer.o ABSOLUTE
    ../clib/signal.c                         0x00000000   Number         0  defsig_fpe_formal.o ABSOLUTE
    ../clib/signal.c                         0x00000000   Number         0  defsig_fpe_outer.o ABSOLUTE
    ../clib/signal.c                         0x00000000   Number         0  defsig_abrt_inner.o ABSOLUTE
    ../clib/signal.c                         0x00000000   Number         0  __raise.o ABSOLUTE
    ../clib/signal.c                         0x00000000   Number         0  defsig_general.o ABSOLUTE
    ../clib/signal.c                         0x00000000   Number         0  defsig_abrt_outer.o ABSOLUTE
    ../clib/signal.c                         0x00000000   Number         0  defsig_rtred_inner.o ABSOLUTE
    ../clib/signal.c                         0x00000000   Number         0  defsig_stak_inner.o ABSOLUTE
    ../clib/signal.c                         0x00000000   Number         0  defsig_pvfn_inner.o ABSOLUTE
    ../clib/signal.c                         0x00000000   Number         0  defsig_cppl_inner.o ABSOLUTE
    ../clib/signal.c                         0x00000000   Number         0  defsig_segv_inner.o ABSOLUTE
    ../clib/signal.c                         0x00000000   Number         0  defsig_other.o ABSOLUTE
    ../clib/signal.c                         0x00000000   Number         0  defsig_fpe_inner.o ABSOLUTE
    ../clib/signal.c                         0x00000000   Number         0  defsig_rtmem_inner.o ABSOLUTE
    ../clib/signal.c                         0x00000000   Number         0  defsig_abrt_formal.o ABSOLUTE
    ../clib/signal.s                         0x00000000   Number         0  defsig.o ABSOLUTE
    ../clib/stdlib.c                         0x00000000   Number         0  exit.o ABSOLUTE
    ../clib/stdlib.c                         0x00000000   Number         0  bsearchnoex.o ABSOLUTE
    ../clib/stdlib.c                         0x00000000   Number         0  abort.o ABSOLUTE
    ../fplib/cfplib/fpinit.c                 0x00000000   Number         0  fpinit.o ABSOLUTE
    ..\Core\Src\main.c                       0x00000000   Number         0  main.o ABSOLUTE
    ..\Core\Src\smart_battery.cpp            0x00000000   Number         0  smart_battery.o ABSOLUTE
    ..\Core\Src\stm32f0xx_hal_msp.c          0x00000000   Number         0  stm32f0xx_hal_msp.o ABSOLUTE
    ..\Core\Src\stm32f0xx_it.c               0x00000000   Number         0  stm32f0xx_it.o ABSOLUTE
    ..\Core\Src\system_stm32f0xx.c           0x00000000   Number         0  system_stm32f0xx.o ABSOLUTE
    ..\Drivers\STM32F0xx_HAL_Driver\Src\stm32f0xx_hal.c 0x00000000   Number         0  stm32f0xx_hal.o ABSOLUTE
    ..\Drivers\STM32F0xx_HAL_Driver\Src\stm32f0xx_hal_can.c 0x00000000   Number         0  stm32f0xx_hal_can.o ABSOLUTE
    ..\Drivers\STM32F0xx_HAL_Driver\Src\stm32f0xx_hal_cortex.c 0x00000000   Number         0  stm32f0xx_hal_cortex.o ABSOLUTE
    ..\Drivers\STM32F0xx_HAL_Driver\Src\stm32f0xx_hal_dma.c 0x00000000   Number         0  stm32f0xx_hal_dma.o ABSOLUTE
    ..\Drivers\STM32F0xx_HAL_Driver\Src\stm32f0xx_hal_exti.c 0x00000000   Number         0  stm32f0xx_hal_exti.o ABSOLUTE
    ..\Drivers\STM32F0xx_HAL_Driver\Src\stm32f0xx_hal_flash.c 0x00000000   Number         0  stm32f0xx_hal_flash.o ABSOLUTE
    ..\Drivers\STM32F0xx_HAL_Driver\Src\stm32f0xx_hal_flash_ex.c 0x00000000   Number         0  stm32f0xx_hal_flash_ex.o ABSOLUTE
    ..\Drivers\STM32F0xx_HAL_Driver\Src\stm32f0xx_hal_gpio.c 0x00000000   Number         0  stm32f0xx_hal_gpio.o ABSOLUTE
    ..\Drivers\STM32F0xx_HAL_Driver\Src\stm32f0xx_hal_i2c.c 0x00000000   Number         0  stm32f0xx_hal_i2c.o ABSOLUTE
    ..\Drivers\STM32F0xx_HAL_Driver\Src\stm32f0xx_hal_i2c_ex.c 0x00000000   Number         0  stm32f0xx_hal_i2c_ex.o ABSOLUTE
    ..\Drivers\STM32F0xx_HAL_Driver\Src\stm32f0xx_hal_pwr.c 0x00000000   Number         0  stm32f0xx_hal_pwr.o ABSOLUTE
    ..\Drivers\STM32F0xx_HAL_Driver\Src\stm32f0xx_hal_pwr_ex.c 0x00000000   Number         0  stm32f0xx_hal_pwr_ex.o ABSOLUTE
    ..\Drivers\STM32F0xx_HAL_Driver\Src\stm32f0xx_hal_rcc.c 0x00000000   Number         0  stm32f0xx_hal_rcc.o ABSOLUTE
    ..\Drivers\STM32F0xx_HAL_Driver\Src\stm32f0xx_hal_rcc_ex.c 0x00000000   Number         0  stm32f0xx_hal_rcc_ex.o ABSOLUTE
    ..\Drivers\STM32F0xx_HAL_Driver\Src\stm32f0xx_hal_tim.c 0x00000000   Number         0  stm32f0xx_hal_tim.o ABSOLUTE
    ..\Drivers\STM32F0xx_HAL_Driver\Src\stm32f0xx_hal_tim_ex.c 0x00000000   Number         0  stm32f0xx_hal_tim_ex.o ABSOLUTE
    ..\\Core\\Src\\smart_battery.cpp         0x00000000   Number         0  smart_battery.o ABSOLUTE
    Flash_Driver.cpp                         0x00000000   Number         0  flash_driver.o ABSOLUTE
    dc.s                                     0x00000000   Number         0  dc.o ABSOLUTE
    startup_stm32f042x6.s                    0x00000000   Number         0  startup_stm32f042x6.o ABSOLUTE
    RESET                                    0x08000000   Section      192  startup_stm32f042x6.o(RESET)
    !!!main                                  0x080000c0   Section        8  __main.o(!!!main)
    !!!scatter                               0x080000c8   Section       60  __scatter.o(!!!scatter)
    !!handler_copy                           0x08000104   Section       26  __scatter_copy.o(!!handler_copy)
    !!handler_zi                             0x08000120   Section       28  __scatter_zi.o(!!handler_zi)
    .ARM.Collect$$_printf_percent$$00000000  0x0800013c   Section        2  _printf_percent.o(.ARM.Collect$$_printf_percent$$00000000)
    .ARM.Collect$$_printf_percent$$0000000C  0x0800013e   Section       10  _printf_x.o(.ARM.Collect$$_printf_percent$$0000000C)
    .ARM.Collect$$_printf_percent$$00000017  0x08000148   Section        4  _printf_percent_end.o(.ARM.Collect$$_printf_percent$$00000017)
    .ARM.Collect$$libinit$$00000000          0x0800014c   Section        2  libinit.o(.ARM.Collect$$libinit$$00000000)
    .ARM.Collect$$libinit$$00000002          0x0800014e   Section        0  libinit2.o(.ARM.Collect$$libinit$$00000002)
    .ARM.Collect$$libinit$$00000004          0x0800014e   Section        0  libinit2.o(.ARM.Collect$$libinit$$00000004)
    .ARM.Collect$$libinit$$00000005          0x0800014e   Section        8  libinit2.o(.ARM.Collect$$libinit$$00000005)
    .ARM.Collect$$libinit$$0000000A          0x08000156   Section        0  libinit2.o(.ARM.Collect$$libinit$$0000000A)
    .ARM.Collect$$libinit$$0000000C          0x08000156   Section        0  libinit2.o(.ARM.Collect$$libinit$$0000000C)
    .ARM.Collect$$libinit$$0000000E          0x08000156   Section        0  libinit2.o(.ARM.Collect$$libinit$$0000000E)
    .ARM.Collect$$libinit$$00000011          0x08000156   Section        0  libinit2.o(.ARM.Collect$$libinit$$00000011)
    .ARM.Collect$$libinit$$00000013          0x08000156   Section        0  libinit2.o(.ARM.Collect$$libinit$$00000013)
    .ARM.Collect$$libinit$$00000015          0x08000156   Section        0  libinit2.o(.ARM.Collect$$libinit$$00000015)
    .ARM.Collect$$libinit$$00000017          0x08000156   Section        0  libinit2.o(.ARM.Collect$$libinit$$00000017)
    .ARM.Collect$$libinit$$00000019          0x08000156   Section        0  libinit2.o(.ARM.Collect$$libinit$$00000019)
    .ARM.Collect$$libinit$$0000001B          0x08000156   Section        0  libinit2.o(.ARM.Collect$$libinit$$0000001B)
    .ARM.Collect$$libinit$$0000001D          0x08000156   Section        0  libinit2.o(.ARM.Collect$$libinit$$0000001D)
    .ARM.Collect$$libinit$$0000001F          0x08000156   Section        0  libinit2.o(.ARM.Collect$$libinit$$0000001F)
    .ARM.Collect$$libinit$$00000021          0x08000156   Section        0  libinit2.o(.ARM.Collect$$libinit$$00000021)
    .ARM.Collect$$libinit$$00000023          0x08000156   Section        0  libinit2.o(.ARM.Collect$$libinit$$00000023)
    .ARM.Collect$$libinit$$00000025          0x08000156   Section        0  libinit2.o(.ARM.Collect$$libinit$$00000025)
    .ARM.Collect$$libinit$$0000002C          0x08000156   Section        0  libinit2.o(.ARM.Collect$$libinit$$0000002C)
    .ARM.Collect$$libinit$$0000002E          0x08000156   Section        0  libinit2.o(.ARM.Collect$$libinit$$0000002E)
    .ARM.Collect$$libinit$$00000030          0x08000156   Section        0  libinit2.o(.ARM.Collect$$libinit$$00000030)
    .ARM.Collect$$libinit$$00000032          0x08000156   Section        0  libinit2.o(.ARM.Collect$$libinit$$00000032)
    .ARM.Collect$$libinit$$00000033          0x08000156   Section        2  libinit2.o(.ARM.Collect$$libinit$$00000033)
    .ARM.Collect$$libshutdown$$00000000      0x08000158   Section        2  libshutdown.o(.ARM.Collect$$libshutdown$$00000000)
    .ARM.Collect$$libshutdown$$00000002      0x0800015a   Section        0  libshutdown2.o(.ARM.Collect$$libshutdown$$00000002)
    .ARM.Collect$$libshutdown$$00000004      0x0800015a   Section        0  libshutdown2.o(.ARM.Collect$$libshutdown$$00000004)
    .ARM.Collect$$libshutdown$$00000007      0x0800015a   Section        0  libshutdown2.o(.ARM.Collect$$libshutdown$$00000007)
    .ARM.Collect$$libshutdown$$0000000A      0x0800015a   Section        0  libshutdown2.o(.ARM.Collect$$libshutdown$$0000000A)
    .ARM.Collect$$libshutdown$$0000000C      0x0800015a   Section        0  libshutdown2.o(.ARM.Collect$$libshutdown$$0000000C)
    .ARM.Collect$$libshutdown$$0000000F      0x0800015a   Section        0  libshutdown2.o(.ARM.Collect$$libshutdown$$0000000F)
    .ARM.Collect$$libshutdown$$00000010      0x0800015a   Section        2  libshutdown2.o(.ARM.Collect$$libshutdown$$00000010)
    .ARM.Collect$$rtentry$$00000000          0x0800015c   Section        0  __rtentry.o(.ARM.Collect$$rtentry$$00000000)
    .ARM.Collect$$rtentry$$00000002          0x0800015c   Section        0  __rtentry2.o(.ARM.Collect$$rtentry$$00000002)
    .ARM.Collect$$rtentry$$00000004          0x0800015c   Section        6  __rtentry4.o(.ARM.Collect$$rtentry$$00000004)
    .ARM.Collect$$rtentry$$00000009          0x08000162   Section        0  __rtentry2.o(.ARM.Collect$$rtentry$$00000009)
    .ARM.Collect$$rtentry$$0000000A          0x08000162   Section        4  __rtentry2.o(.ARM.Collect$$rtentry$$0000000A)
    .ARM.Collect$$rtentry$$0000000C          0x08000166   Section        0  __rtentry2.o(.ARM.Collect$$rtentry$$0000000C)
    .ARM.Collect$$rtentry$$0000000D          0x08000166   Section        8  __rtentry2.o(.ARM.Collect$$rtentry$$0000000D)
    .ARM.Collect$$rtexit$$00000000           0x0800016e   Section        2  rtexit.o(.ARM.Collect$$rtexit$$00000000)
    .ARM.Collect$$rtexit$$00000002           0x08000170   Section        0  rtexit2.o(.ARM.Collect$$rtexit$$00000002)
    .ARM.Collect$$rtexit$$00000003           0x08000170   Section        4  rtexit2.o(.ARM.Collect$$rtexit$$00000003)
    .ARM.Collect$$rtexit$$00000004           0x08000174   Section        6  rtexit2.o(.ARM.Collect$$rtexit$$00000004)
    .emb_text                                0x0800017c   Section       56  rt_memcpy.o(.emb_text)
    .emb_text                                0x080001b4   Section        0  maybetermalloc1.o(.emb_text)
    .text                                    0x080001b4   Section      116  startup_stm32f042x6.o(.text)
    .text                                    0x08000228   Section        0  lludiv.o(.text)
    .text                                    0x0800032c   Section        0  noretval__2sprintf.o(.text)
    .text                                    0x08000354   Section        0  _printf_pad.o(.text)
    .text                                    0x080003a4   Section        0  _printf_hex_int.o(.text)
    .text                                    0x080003fc   Section        0  __printf_flags_wp.o(.text)
    .text                                    0x08000534   Section        0  rt_memcpy.o(.text)
    .text                                    0x080005b6   Section        0  rt_memclr.o(.text)
    .text                                    0x080005f6   Section      346  aeabi_sdiv.o(.text)
    .text                                    0x08000750   Section        0  heapauxi.o(.text)
    .text                                    0x08000756   Section        0  _printf_intcommon.o(.text)
    .text                                    0x08000808   Section        0  _printf_char_common.o(.text)
    _printf_input_char                       0x08000809   Thumb Code    10  _printf_char_common.o(.text)
    .text                                    0x08000838   Section        0  _sputc.o(.text)
    .text                                    0x08000844   Section        8  rt_new_handler_addr_intlibspace.o(.text)
    .text                                    0x0800084c   Section        0  h1_alloc.o(.text)
    .text                                    0x080008ae   Section        0  h1_free.o(.text)
    .text                                    0x080008fa   Section        0  arm_newhandler_noexceptions.o(.text)
    .text                                    0x08000904   Section        8  libspace.o(.text)
    .text                                    0x0800090c   Section       62  sys_stackheap_outer.o(.text)
    .text                                    0x0800094c   Section        8  rt_heap_descriptor_intlibspace.o(.text)
    .text                                    0x08000954   Section        0  hguard.o(.text)
    .text                                    0x08000958   Section        0  init_alloc.o(.text)
    .text                                    0x080009e0   Section        0  h1_init.o(.text)
    .text                                    0x080009ee   Section        0  exit.o(.text)
    .text                                    0x080009fe   Section        0  arm_exceptions_terminate.o(.text)
    .text                                    0x08000a1a   Section        0  h1_extend.o(.text)
    .text                                    0x08000a4e   Section        0  abort.o(.text)
    .text                                    0x08000a62   Section        0  defsig_exit.o(.text)
    .text                                    0x08000a6e   Section        0  defsig_rtmem_outer.o(.text)
    .text                                    0x08000a7c   Section        0  arm_exceptions_globs.o(.text)
    [local to arm_exceptions_c]::__default_terminate_handler() 0x08000a7d   Thumb Code     6  arm_exceptions_globs.o(.text)
    .text                                    0x08000ad0   Section        0  sys_exit.o(.text)
    .text                                    0x08000adc   Section        2  use_no_semi.o(.text)
    .text                                    0x08000ade   Section        0  indicate_semi.o(.text)
    .text                                    0x08000ae0   Section        8  rt_eh_globals_addr_intlibspace.o(.text)
    .text                                    0x08000ae8   Section        0  defsig_general.o(.text)
    .text                                    0x08000b1c   Section        0  defsig_abrt_outer.o(.text)
    .text                                    0x08000b28   Section        0  defsig_rtmem_inner.o(.text)
    .text                                    0x08000b78   Section        0  arm_exceptions_mem.o(.text)
    .text                                    0x08000bba   Section        0  sys_wrch.o(.text)
    .text                                    0x08000bc8   Section        0  defsig_abrt_inner.o(.text)
    i.CEC_CAN_IRQHandler                     0x08000bf8   Section        0  stm32f0xx_it.o(i.CEC_CAN_IRQHandler)
    i.Error_Handler                          0x08000c08   Section        0  main.o(i.Error_Handler)
    i.HAL_CAN_ActivateNotification           0x08000c0e   Section        0  stm32f0xx_hal_can.o(i.HAL_CAN_ActivateNotification)
    i.HAL_CAN_AddTxMessage                   0x08000c3a   Section        0  stm32f0xx_hal_can.o(i.HAL_CAN_AddTxMessage)
    i.HAL_CAN_ConfigFilter                   0x08000d70   Section        0  stm32f0xx_hal_can.o(i.HAL_CAN_ConfigFilter)
    i.HAL_CAN_ErrorCallback                  0x08000eae   Section        0  stm32f0xx_hal_can.o(i.HAL_CAN_ErrorCallback)
    i.HAL_CAN_GetRxMessage                   0x08000eb0   Section        0  stm32f0xx_hal_can.o(i.HAL_CAN_GetRxMessage)
    i.HAL_CAN_GetTxMailboxesFreeLevel        0x08001056   Section        0  stm32f0xx_hal_can.o(i.HAL_CAN_GetTxMailboxesFreeLevel)
    i.HAL_CAN_IRQHandler                     0x0800109a   Section        0  stm32f0xx_hal_can.o(i.HAL_CAN_IRQHandler)
    i.HAL_CAN_Init                           0x0800136e   Section        0  stm32f0xx_hal_can.o(i.HAL_CAN_Init)
    i.HAL_CAN_MspInit                        0x080014f8   Section        0  stm32f0xx_hal_msp.o(i.HAL_CAN_MspInit)
    i.HAL_CAN_RxFifo0FullCallback            0x08001588   Section        0  stm32f0xx_hal_can.o(i.HAL_CAN_RxFifo0FullCallback)
    i.HAL_CAN_RxFifo0MsgPendingCallback      0x0800158c   Section        0  main.o(i.HAL_CAN_RxFifo0MsgPendingCallback)
    i.HAL_CAN_RxFifo1FullCallback            0x080015d8   Section        0  stm32f0xx_hal_can.o(i.HAL_CAN_RxFifo1FullCallback)
    i.HAL_CAN_RxFifo1MsgPendingCallback      0x080015da   Section        0  stm32f0xx_hal_can.o(i.HAL_CAN_RxFifo1MsgPendingCallback)
    i.HAL_CAN_SleepCallback                  0x080015dc   Section        0  stm32f0xx_hal_can.o(i.HAL_CAN_SleepCallback)
    i.HAL_CAN_Start                          0x080015de   Section        0  stm32f0xx_hal_can.o(i.HAL_CAN_Start)
    i.HAL_CAN_TxMailbox0AbortCallback        0x08001640   Section        0  stm32f0xx_hal_can.o(i.HAL_CAN_TxMailbox0AbortCallback)
    i.HAL_CAN_TxMailbox0CompleteCallback     0x08001642   Section        0  stm32f0xx_hal_can.o(i.HAL_CAN_TxMailbox0CompleteCallback)
    i.HAL_CAN_TxMailbox1AbortCallback        0x08001644   Section        0  stm32f0xx_hal_can.o(i.HAL_CAN_TxMailbox1AbortCallback)
    i.HAL_CAN_TxMailbox1CompleteCallback     0x08001646   Section        0  stm32f0xx_hal_can.o(i.HAL_CAN_TxMailbox1CompleteCallback)
    i.HAL_CAN_TxMailbox2AbortCallback        0x08001648   Section        0  stm32f0xx_hal_can.o(i.HAL_CAN_TxMailbox2AbortCallback)
    i.HAL_CAN_TxMailbox2CompleteCallback     0x0800164a   Section        0  stm32f0xx_hal_can.o(i.HAL_CAN_TxMailbox2CompleteCallback)
    i.HAL_CAN_WakeUpFromRxMsgCallback        0x0800164c   Section        0  stm32f0xx_hal_can.o(i.HAL_CAN_WakeUpFromRxMsgCallback)
    i.HAL_Delay                              0x08001650   Section        0  stm32f0xx_hal.o(i.HAL_Delay)
    i.HAL_GPIO_Init                          0x0800167c   Section        0  stm32f0xx_hal_gpio.o(i.HAL_GPIO_Init)
    i.HAL_GetTick                            0x0800185c   Section        0  stm32f0xx_hal.o(i.HAL_GetTick)
    i.HAL_I2CEx_ConfigAnalogFilter           0x08001868   Section        0  stm32f0xx_hal_i2c_ex.o(i.HAL_I2CEx_ConfigAnalogFilter)
    i.HAL_I2CEx_ConfigDigitalFilter          0x080018d6   Section        0  stm32f0xx_hal_i2c_ex.o(i.HAL_I2CEx_ConfigDigitalFilter)
    i.HAL_I2C_Init                           0x08001948   Section        0  stm32f0xx_hal_i2c.o(i.HAL_I2C_Init)
    i.HAL_I2C_Master_Receive                 0x08001a1c   Section        0  stm32f0xx_hal_i2c.o(i.HAL_I2C_Master_Receive)
    i.HAL_I2C_Master_Transmit                0x08001b88   Section        0  stm32f0xx_hal_i2c.o(i.HAL_I2C_Master_Transmit)
    i.HAL_I2C_MspInit                        0x08001cf4   Section        0  stm32f0xx_hal_msp.o(i.HAL_I2C_MspInit)
    i.HAL_IncTick                            0x08001d78   Section        0  stm32f0xx_hal.o(i.HAL_IncTick)
    i.HAL_Init                               0x08001d90   Section        0  stm32f0xx_hal.o(i.HAL_Init)
    i.HAL_InitTick                           0x08001db0   Section        0  stm32f0xx_hal.o(i.HAL_InitTick)
    i.HAL_MspInit                            0x08001e04   Section        0  stm32f0xx_hal_msp.o(i.HAL_MspInit)
    i.HAL_NVIC_EnableIRQ                     0x08001e44   Section        0  stm32f0xx_hal_cortex.o(i.HAL_NVIC_EnableIRQ)
    i.HAL_NVIC_SetPriority                   0x08001e60   Section        0  stm32f0xx_hal_cortex.o(i.HAL_NVIC_SetPriority)
    i.HAL_RCCEx_PeriphCLKConfig              0x08001e74   Section        0  stm32f0xx_hal_rcc_ex.o(i.HAL_RCCEx_PeriphCLKConfig)
    i.HAL_RCC_ClockConfig                    0x08001ffc   Section        0  stm32f0xx_hal_rcc.o(i.HAL_RCC_ClockConfig)
    i.HAL_RCC_GetSysClockFreq                0x08002180   Section        0  stm32f0xx_hal_rcc.o(i.HAL_RCC_GetSysClockFreq)
    i.HAL_RCC_OscConfig                      0x08002250   Section        0  stm32f0xx_hal_rcc.o(i.HAL_RCC_OscConfig)
    i.HAL_SYSTICK_Config                     0x0800288c   Section        0  stm32f0xx_hal_cortex.o(i.HAL_SYSTICK_Config)
    i.HardFault_Handler                      0x080028c4   Section        0  stm32f0xx_it.o(i.HardFault_Handler)
    i.NMI_Handler                            0x080028c8   Section        0  stm32f0xx_it.o(i.NMI_Handler)
    i.PendSV_Handler                         0x080028cc   Section        0  stm32f0xx_it.o(i.PendSV_Handler)
    i.SVC_Handler                            0x080028ce   Section        0  stm32f0xx_it.o(i.SVC_Handler)
    i.SysTick_Handler                        0x080028d0   Section        0  stm32f0xx_it.o(i.SysTick_Handler)
    i.SystemInit                             0x080028d8   Section        0  system_stm32f0xx.o(i.SystemInit)
    i._Z13CAN_SaveFalshv                     0x080028da   Section        0  main.o(i._Z13CAN_SaveFalshv)
    i._Z18CAN_SendFlyingDatav                0x080028dc   Section        0  main.o(i._Z18CAN_SendFlyingDatav)
    i._Z18SystemClock_Configv                0x080028de   Section        0  main.o(i._Z18SystemClock_Configv)
    i._Z21CAN_SendDataFromFlashv             0x0800295e   Section        0  main.o(i._Z21CAN_SendDataFromFlashv)
    i._Z8check_txv                           0x08002960   Section        0  main.o(i._Z8check_txv)
    i._ZN12SmartBattery3CMDEh                0x08002962   Section        0  smart_battery.o(i._ZN12SmartBattery3CMDEh)
    i._ZN12SmartBattery7GetDataEv            0x0800298a   Section        0  smart_battery.o(i._ZN12SmartBattery7GetDataEv)
    i._ZN12SmartBatteryC1EP19__I2C_HandleTypeDef 0x08002a0c   Section        0  smart_battery.o(i._ZN12SmartBatteryC1EP19__I2C_HandleTypeDef)
    i._ZN25_INTERNAL_6_main_c_TxData11MX_CAN_InitEv 0x08002a14   Section        0  main.o(i._ZN25_INTERNAL_6_main_c_TxData11MX_CAN_InitEv)
    [local to main_c]::MX_CAN_Init()         0x08002a15   Thumb Code   112  main.o(i._ZN25_INTERNAL_6_main_c_TxData11MX_CAN_InitEv)
    i._ZN25_INTERNAL_6_main_c_TxData12MX_GPIO_InitEv 0x08002a8c   Section        0  main.o(i._ZN25_INTERNAL_6_main_c_TxData12MX_GPIO_InitEv)
    [local to main_c]::MX_GPIO_Init()        0x08002a8d   Thumb Code    36  main.o(i._ZN25_INTERNAL_6_main_c_TxData12MX_GPIO_InitEv)
    i._ZN25_INTERNAL_6_main_c_TxData12MX_I2C1_InitEv 0x08002ab4   Section        0  main.o(i._ZN25_INTERNAL_6_main_c_TxData12MX_I2C1_InitEv)
    [local to main_c]::MX_I2C1_Init()        0x08002ab5   Thumb Code    80  main.o(i._ZN25_INTERNAL_6_main_c_TxData12MX_I2C1_InitEv)
    i._ZN41_INTERNAL_19_stm32f0xx_hal_i2c_c_0eb271f414I2C_Flush_TXDREP19__I2C_HandleTypeDef 0x08002b10   Section        0  stm32f0xx_hal_i2c.o(i._ZN41_INTERNAL_19_stm32f0xx_hal_i2c_c_0eb271f414I2C_Flush_TXDREP19__I2C_HandleTypeDef)
    [local to stm32f0xx_hal_i2c_c]::I2C_Flush_TXDR(__I2C_HandleTypeDef*) 0x08002b11   Thumb Code    50  stm32f0xx_hal_i2c.o(i._ZN41_INTERNAL_19_stm32f0xx_hal_i2c_c_0eb271f414I2C_Flush_TXDREP19__I2C_HandleTypeDef)
    i._ZN41_INTERNAL_19_stm32f0xx_hal_i2c_c_0eb271f418I2C_TransferConfigEP19__I2C_HandleTypeDefthjj 0x08002b44   Section        0  stm32f0xx_hal_i2c.o(i._ZN41_INTERNAL_19_stm32f0xx_hal_i2c_c_0eb271f418I2C_TransferConfigEP19__I2C_HandleTypeDefthjj)
    [local to stm32f0xx_hal_i2c_c]::I2C_TransferConfig(__I2C_HandleTypeDef*, unsigned short, unsigned char, unsigned, unsigned) 0x08002b45   Thumb Code    56  stm32f0xx_hal_i2c.o(i._ZN41_INTERNAL_19_stm32f0xx_hal_i2c_c_0eb271f418I2C_TransferConfigEP19__I2C_HandleTypeDefthjj)
    i._ZN41_INTERNAL_19_stm32f0xx_hal_i2c_c_0eb271f419I2C_IsErrorOccurredEP19__I2C_HandleTypeDefjj 0x08002b80   Section        0  stm32f0xx_hal_i2c.o(i._ZN41_INTERNAL_19_stm32f0xx_hal_i2c_c_0eb271f419I2C_IsErrorOccurredEP19__I2C_HandleTypeDefjj)
    [local to stm32f0xx_hal_i2c_c]::I2C_IsErrorOccurred(__I2C_HandleTypeDef*, unsigned, unsigned) 0x08002b81   Thumb Code   344  stm32f0xx_hal_i2c.o(i._ZN41_INTERNAL_19_stm32f0xx_hal_i2c_c_0eb271f419I2C_IsErrorOccurredEP19__I2C_HandleTypeDefjj)
    i._ZN41_INTERNAL_19_stm32f0xx_hal_i2c_c_0eb271f426I2C_WaitOnFlagUntilTimeoutEP19__I2C_HandleTypeDefj10FlagStatusjj 0x08002cdc   Section        0  stm32f0xx_hal_i2c.o(i._ZN41_INTERNAL_19_stm32f0xx_hal_i2c_c_0eb271f426I2C_WaitOnFlagUntilTimeoutEP19__I2C_HandleTypeDefj10FlagStatusjj)
    [local to stm32f0xx_hal_i2c_c]::I2C_WaitOnFlagUntilTimeout(__I2C_HandleTypeDef*, unsigned, FlagStatus, unsigned, unsigned) 0x08002cdd   Thumb Code   108  stm32f0xx_hal_i2c.o(i._ZN41_INTERNAL_19_stm32f0xx_hal_i2c_c_0eb271f426I2C_WaitOnFlagUntilTimeoutEP19__I2C_HandleTypeDefj10FlagStatusjj)
    i._ZN41_INTERNAL_19_stm32f0xx_hal_i2c_c_0eb271f430I2C_WaitOnRXNEFlagUntilTimeoutEP19__I2C_HandleTypeDefjj 0x08002d48   Section        0  stm32f0xx_hal_i2c.o(i._ZN41_INTERNAL_19_stm32f0xx_hal_i2c_c_0eb271f430I2C_WaitOnRXNEFlagUntilTimeoutEP19__I2C_HandleTypeDefjj)
    [local to stm32f0xx_hal_i2c_c]::I2C_WaitOnRXNEFlagUntilTimeout(__I2C_HandleTypeDef*, unsigned, unsigned) 0x08002d49   Thumb Code   210  stm32f0xx_hal_i2c.o(i._ZN41_INTERNAL_19_stm32f0xx_hal_i2c_c_0eb271f430I2C_WaitOnRXNEFlagUntilTimeoutEP19__I2C_HandleTypeDefjj)
    i._ZN41_INTERNAL_19_stm32f0xx_hal_i2c_c_0eb271f430I2C_WaitOnSTOPFlagUntilTimeoutEP19__I2C_HandleTypeDefjj 0x08002e20   Section        0  stm32f0xx_hal_i2c.o(i._ZN41_INTERNAL_19_stm32f0xx_hal_i2c_c_0eb271f430I2C_WaitOnSTOPFlagUntilTimeoutEP19__I2C_HandleTypeDefjj)
    [local to stm32f0xx_hal_i2c_c]::I2C_WaitOnSTOPFlagUntilTimeout(__I2C_HandleTypeDef*, unsigned, unsigned) 0x08002e21   Thumb Code   102  stm32f0xx_hal_i2c.o(i._ZN41_INTERNAL_19_stm32f0xx_hal_i2c_c_0eb271f430I2C_WaitOnSTOPFlagUntilTimeoutEP19__I2C_HandleTypeDefjj)
    i._ZN41_INTERNAL_19_stm32f0xx_hal_i2c_c_0eb271f430I2C_WaitOnTXISFlagUntilTimeoutEP19__I2C_HandleTypeDefjj 0x08002e86   Section        0  stm32f0xx_hal_i2c.o(i._ZN41_INTERNAL_19_stm32f0xx_hal_i2c_c_0eb271f430I2C_WaitOnTXISFlagUntilTimeoutEP19__I2C_HandleTypeDefjj)
    [local to stm32f0xx_hal_i2c_c]::I2C_WaitOnTXISFlagUntilTimeout(__I2C_HandleTypeDef*, unsigned, unsigned) 0x08002e87   Thumb Code   110  stm32f0xx_hal_i2c.o(i._ZN41_INTERNAL_19_stm32f0xx_hal_i2c_c_0eb271f430I2C_WaitOnTXISFlagUntilTimeoutEP19__I2C_HandleTypeDefjj)
    i._ZN44_INTERNAL_22_stm32f0xx_hal_cortex_c_910ac08718__NVIC_SetPriorityE9IRQn_Typej 0x08002ef4   Section        0  stm32f0xx_hal_cortex.o(i._ZN44_INTERNAL_22_stm32f0xx_hal_cortex_c_910ac08718__NVIC_SetPriorityE9IRQn_Typej)
    [local to stm32f0xx_hal_cortex_c]::__NVIC_SetPriority(IRQn_Type, unsigned) 0x08002ef5   Thumb Code   110  stm32f0xx_hal_cortex.o(i._ZN44_INTERNAL_22_stm32f0xx_hal_cortex_c_910ac08718__NVIC_SetPriorityE9IRQn_Typej)
    i._ZdaPv                                 0x08002f6c   Section        0  array_del.o(i._ZdaPv)
    i._ZdlPv                                 0x08002f74   Section        0  delete.o(i._ZdlPv)
    i._Znaj                                  0x08002f7c   Section        0  array_new.o(i._Znaj)
    i._Znwj                                  0x08002f84   Section        0  new.o(i._Znwj)
    i.__ARM_common_ll_muluu                  0x08002fac   Section        0  stm32f0xx_hal_rcc.o(i.__ARM_common_ll_muluu)
    i._is_digit                              0x08002fdc   Section        0  __printf_wp.o(i._is_digit)
    i.main                                   0x08002fec   Section        0  main.o(i.main)
    .constdata                               0x080030b4   Section       32  stm32f0xx_hal_rcc.o(.constdata)
    HAL_RCC_GetSysClockFreq::aPLLMULFactorTable 0x080030b4   Data          16  stm32f0xx_hal_rcc.o(.constdata)
    HAL_RCC_GetSysClockFreq::aPredivFactorTable 0x080030c4   Data          16  stm32f0xx_hal_rcc.o(.constdata)
    .constdata                               0x080030d4   Section       24  system_stm32f0xx.o(.constdata)
    .constdata                               0x080030ec   Section       40  _printf_hex_int.o(.constdata)
    uc_hextab                                0x080030ec   Data          20  _printf_hex_int.o(.constdata)
    lc_hextab                                0x08003100   Data          20  _printf_hex_int.o(.constdata)
    .constdata                               0x08003114   Section       17  __printf_flags_wp.o(.constdata)
    maptable                                 0x08003114   Data          17  __printf_flags_wp.o(.constdata)
    .data                                    0x20000000   Section       20  main.o(.data)
    .data                                    0x20000014   Section        9  stm32f0xx_hal.o(.data)
    .data                                    0x20000020   Section        4  system_stm32f0xx.o(.data)
    .bss                                     0x20000024   Section      176  main.o(.bss)
    .bss                                     0x200000d4   Section       96  libspace.o(.bss)
    HEAP                                     0x20000138   Section      512  startup_stm32f042x6.o(HEAP)
    Heap_Mem                                 0x20000138   Data         512  startup_stm32f042x6.o(HEAP)
    STACK                                    0x20000338   Section     1024  startup_stm32f042x6.o(STACK)
    Stack_Mem                                0x20000338   Data        1024  startup_stm32f042x6.o(STACK)
    __initial_sp                             0x20000738   Data           0  startup_stm32f042x6.o(STACK)

    Global Symbols

    Symbol Name                              Value     Ov Type        Size  Object(Section)

    BuildAttributes$$THM_ISAv3M$S$PE$A:L22$X:L11$S22$IEEE1$IW$USESV6$~STKCKD$USESV7$~SHL$OTIME$ROPI$EBA8$UX$STANDARDLIB$REQ8$PRES8$EABIv2 0x00000000   Number         0  anon$$obj.o ABSOLUTE
    __ARM_use_no_argv                        0x00000000   Number         0  main.o ABSOLUTE
    _printf_flags                            0x00000000   Number         0  printf_stubs.o ABSOLUTE
    _printf_return_value                     0x00000000   Number         0  printf_stubs.o ABSOLUTE
    _printf_sizespec                         0x00000000   Number         0  printf_stubs.o ABSOLUTE
    _printf_widthprec                        0x00000000   Number         0  printf_stubs.o ABSOLUTE
    SHT$$ARM_EXIDX$$Base                      - Undefined Reference
    SHT$$ARM_EXIDX$$Limit                     - Undefined Reference
    __ARM::default_unexpected_handler()       - Undefined Weak Reference
    __ARM_exceptions_buffer_required          - Undefined Weak Reference
    __ARM_exceptions_init                     - Undefined Weak Reference
    __aeabi_unwind_cpp_pr1                    - Undefined Weak Reference
    __aeabi_unwind_cpp_pr2                    - Undefined Weak Reference
    __alloca_initialize                       - Undefined Weak Reference
    __arm_preinit_                            - Undefined Weak Reference
    __cpp_initialize__aeabi_                  - Undefined Weak Reference
    __cxa_begin_cleanup                       - Undefined Weak Reference
    __cxa_finalize                            - Undefined Weak Reference
    __cxa_type_match                          - Undefined Weak Reference
    __rt_locale                               - Undefined Weak Reference
    __sigvec_lookup                           - Undefined Weak Reference
    __user_heap_extent                        - Undefined Weak Reference
    _atexit_init                              - Undefined Weak Reference
    _call_atexit_fns                          - Undefined Weak Reference
    _clock_init                               - Undefined Weak Reference
    _fp_trap_init                             - Undefined Weak Reference
    _fp_trap_shutdown                         - Undefined Weak Reference
    _get_lc_collate                           - Undefined Weak Reference
    _get_lc_ctype                             - Undefined Weak Reference
    _get_lc_monetary                          - Undefined Weak Reference
    _get_lc_numeric                           - Undefined Weak Reference
    _get_lc_time                              - Undefined Weak Reference
    _getenv_init                              - Undefined Weak Reference
    _handle_redirection                       - Undefined Weak Reference
    _initio                                   - Undefined Weak Reference
    _mutex_acquire                            - Undefined Weak Reference
    _mutex_free                               - Undefined Weak Reference
    _mutex_release                            - Undefined Weak Reference
    _printf_truncate_unsigned                 - Undefined Weak Reference
    _rand_init                                - Undefined Weak Reference
    _signal_finish                            - Undefined Weak Reference
    _signal_init                              - Undefined Weak Reference
    _terminateio                              - Undefined Weak Reference
    __Vectors_Size                           0x000000c0   Number         0  startup_stm32f042x6.o ABSOLUTE
    __Vectors                                0x08000000   Data           4  startup_stm32f042x6.o(RESET)
    __Vectors_End                            0x080000c0   Data           0  startup_stm32f042x6.o(RESET)
    __main                                   0x080000c1   Thumb Code     8  __main.o(!!!main)
    __scatterload                            0x080000c9   Thumb Code     0  __scatter.o(!!!scatter)
    __scatterload_rt2                        0x080000c9   Thumb Code    52  __scatter.o(!!!scatter)
    __scatterload_rt2_thumb_only             0x080000c9   Thumb Code     0  __scatter.o(!!!scatter)
    __scatterload_null                       0x080000d9   Thumb Code     0  __scatter.o(!!!scatter)
    __scatterload_copy                       0x08000105   Thumb Code    26  __scatter_copy.o(!!handler_copy)
    __scatterload_zeroinit                   0x08000121   Thumb Code    28  __scatter_zi.o(!!handler_zi)
    _printf_percent                          0x0800013d   Thumb Code     0  _printf_percent.o(.ARM.Collect$$_printf_percent$$00000000)
    _printf_x                                0x0800013f   Thumb Code     0  _printf_x.o(.ARM.Collect$$_printf_percent$$0000000C)
    _printf_percent_end                      0x08000149   Thumb Code     0  _printf_percent_end.o(.ARM.Collect$$_printf_percent$$00000017)
    __rt_lib_init                            0x0800014d   Thumb Code     0  libinit.o(.ARM.Collect$$libinit$$00000000)
    __rt_lib_init_fp_1                       0x0800014f   Thumb Code     0  libinit2.o(.ARM.Collect$$libinit$$00000002)
    __rt_lib_init_heap_2                     0x0800014f   Thumb Code     0  libinit2.o(.ARM.Collect$$libinit$$00000005)
    __rt_lib_init_preinit_1                  0x0800014f   Thumb Code     0  libinit2.o(.ARM.Collect$$libinit$$00000004)
    __rt_lib_init_alloca_1                   0x08000157   Thumb Code     0  libinit2.o(.ARM.Collect$$libinit$$0000002E)
    __rt_lib_init_argv_1                     0x08000157   Thumb Code     0  libinit2.o(.ARM.Collect$$libinit$$0000002C)
    __rt_lib_init_atexit_1                   0x08000157   Thumb Code     0  libinit2.o(.ARM.Collect$$libinit$$0000001B)
    __rt_lib_init_clock_1                    0x08000157   Thumb Code     0  libinit2.o(.ARM.Collect$$libinit$$00000021)
    __rt_lib_init_cpp_1                      0x08000157   Thumb Code     0  libinit2.o(.ARM.Collect$$libinit$$00000032)
    __rt_lib_init_exceptions_1               0x08000157   Thumb Code     0  libinit2.o(.ARM.Collect$$libinit$$00000030)
    __rt_lib_init_fp_trap_1                  0x08000157   Thumb Code     0  libinit2.o(.ARM.Collect$$libinit$$0000001F)
    __rt_lib_init_getenv_1                   0x08000157   Thumb Code     0  libinit2.o(.ARM.Collect$$libinit$$00000023)
    __rt_lib_init_heap_1                     0x08000157   Thumb Code     0  libinit2.o(.ARM.Collect$$libinit$$0000000A)
    __rt_lib_init_lc_collate_1               0x08000157   Thumb Code     0  libinit2.o(.ARM.Collect$$libinit$$00000011)
    __rt_lib_init_lc_ctype_1                 0x08000157   Thumb Code     0  libinit2.o(.ARM.Collect$$libinit$$00000013)
    __rt_lib_init_lc_monetary_1              0x08000157   Thumb Code     0  libinit2.o(.ARM.Collect$$libinit$$00000015)
    __rt_lib_init_lc_numeric_1               0x08000157   Thumb Code     0  libinit2.o(.ARM.Collect$$libinit$$00000017)
    __rt_lib_init_lc_time_1                  0x08000157   Thumb Code     0  libinit2.o(.ARM.Collect$$libinit$$00000019)
    __rt_lib_init_rand_1                     0x08000157   Thumb Code     0  libinit2.o(.ARM.Collect$$libinit$$0000000E)
    __rt_lib_init_return                     0x08000157   Thumb Code     0  libinit2.o(.ARM.Collect$$libinit$$00000033)
    __rt_lib_init_signal_1                   0x08000157   Thumb Code     0  libinit2.o(.ARM.Collect$$libinit$$0000001D)
    __rt_lib_init_stdio_1                    0x08000157   Thumb Code     0  libinit2.o(.ARM.Collect$$libinit$$00000025)
    __rt_lib_init_user_alloc_1               0x08000157   Thumb Code     0  libinit2.o(.ARM.Collect$$libinit$$0000000C)
    __rt_lib_shutdown                        0x08000159   Thumb Code     0  libshutdown.o(.ARM.Collect$$libshutdown$$00000000)
    __rt_lib_shutdown_cpp_1                  0x0800015b   Thumb Code     0  libshutdown2.o(.ARM.Collect$$libshutdown$$00000002)
    __rt_lib_shutdown_fp_trap_1              0x0800015b   Thumb Code     0  libshutdown2.o(.ARM.Collect$$libshutdown$$00000007)
    __rt_lib_shutdown_heap_1                 0x0800015b   Thumb Code     0  libshutdown2.o(.ARM.Collect$$libshutdown$$0000000F)
    __rt_lib_shutdown_return                 0x0800015b   Thumb Code     0  libshutdown2.o(.ARM.Collect$$libshutdown$$00000010)
    __rt_lib_shutdown_signal_1               0x0800015b   Thumb Code     0  libshutdown2.o(.ARM.Collect$$libshutdown$$0000000A)
    __rt_lib_shutdown_stdio_1                0x0800015b   Thumb Code     0  libshutdown2.o(.ARM.Collect$$libshutdown$$00000004)
    __rt_lib_shutdown_user_alloc_1           0x0800015b   Thumb Code     0  libshutdown2.o(.ARM.Collect$$libshutdown$$0000000C)
    __rt_entry                               0x0800015d   Thumb Code     0  __rtentry.o(.ARM.Collect$$rtentry$$00000000)
    __rt_entry_presh_1                       0x0800015d   Thumb Code     0  __rtentry2.o(.ARM.Collect$$rtentry$$00000002)
    __rt_entry_sh                            0x0800015d   Thumb Code     0  __rtentry4.o(.ARM.Collect$$rtentry$$00000004)
    __rt_entry_li                            0x08000163   Thumb Code     0  __rtentry2.o(.ARM.Collect$$rtentry$$0000000A)
    __rt_entry_postsh_1                      0x08000163   Thumb Code     0  __rtentry2.o(.ARM.Collect$$rtentry$$00000009)
    __rt_entry_main                          0x08000167   Thumb Code     0  __rtentry2.o(.ARM.Collect$$rtentry$$0000000D)
    __rt_entry_postli_1                      0x08000167   Thumb Code     0  __rtentry2.o(.ARM.Collect$$rtentry$$0000000C)
    __rt_exit                                0x0800016f   Thumb Code     0  rtexit.o(.ARM.Collect$$rtexit$$00000000)
    __rt_exit_ls                             0x08000171   Thumb Code     0  rtexit2.o(.ARM.Collect$$rtexit$$00000003)
    __rt_exit_prels_1                        0x08000171   Thumb Code     0  rtexit2.o(.ARM.Collect$$rtexit$$00000002)
    __rt_exit_exit                           0x08000175   Thumb Code     0  rtexit2.o(.ARM.Collect$$rtexit$$00000004)
    __aeabi_memcpy4                          0x0800017d   Thumb Code    56  rt_memcpy.o(.emb_text)
    __aeabi_memcpy8                          0x0800017d   Thumb Code     0  rt_memcpy.o(.emb_text)
    Reset_Handler                            0x080001b5   Thumb Code    38  startup_stm32f042x6.o(.text)
    _maybe_terminate_alloc                   0x080001b5   Thumb Code     0  maybetermalloc1.o(.emb_text)
    ADC1_IRQHandler                          0x080001e5   Thumb Code     0  startup_stm32f042x6.o(.text)
    DMA1_Channel1_IRQHandler                 0x080001e5   Thumb Code     0  startup_stm32f042x6.o(.text)
    DMA1_Channel2_3_IRQHandler               0x080001e5   Thumb Code     0  startup_stm32f042x6.o(.text)
    DMA1_Channel4_5_IRQHandler               0x080001e5   Thumb Code     0  startup_stm32f042x6.o(.text)
    EXTI0_1_IRQHandler                       0x080001e5   Thumb Code     0  startup_stm32f042x6.o(.text)
    EXTI2_3_IRQHandler                       0x080001e5   Thumb Code     0  startup_stm32f042x6.o(.text)
    EXTI4_15_IRQHandler                      0x080001e5   Thumb Code     0  startup_stm32f042x6.o(.text)
    FLASH_IRQHandler                         0x080001e5   Thumb Code     0  startup_stm32f042x6.o(.text)
    I2C1_IRQHandler                          0x080001e5   Thumb Code     0  startup_stm32f042x6.o(.text)
    PVD_VDDIO2_IRQHandler                    0x080001e5   Thumb Code     0  startup_stm32f042x6.o(.text)
    RCC_CRS_IRQHandler                       0x080001e5   Thumb Code     0  startup_stm32f042x6.o(.text)
    RTC_IRQHandler                           0x080001e5   Thumb Code     0  startup_stm32f042x6.o(.text)
    SPI1_IRQHandler                          0x080001e5   Thumb Code     0  startup_stm32f042x6.o(.text)
    SPI2_IRQHandler                          0x080001e5   Thumb Code     0  startup_stm32f042x6.o(.text)
    TIM14_IRQHandler                         0x080001e5   Thumb Code     0  startup_stm32f042x6.o(.text)
    TIM16_IRQHandler                         0x080001e5   Thumb Code     0  startup_stm32f042x6.o(.text)
    TIM17_IRQHandler                         0x080001e5   Thumb Code     0  startup_stm32f042x6.o(.text)
    TIM1_BRK_UP_TRG_COM_IRQHandler           0x080001e5   Thumb Code     0  startup_stm32f042x6.o(.text)
    TIM1_CC_IRQHandler                       0x080001e5   Thumb Code     0  startup_stm32f042x6.o(.text)
    TIM2_IRQHandler                          0x080001e5   Thumb Code     0  startup_stm32f042x6.o(.text)
    TIM3_IRQHandler                          0x080001e5   Thumb Code     0  startup_stm32f042x6.o(.text)
    TSC_IRQHandler                           0x080001e5   Thumb Code     0  startup_stm32f042x6.o(.text)
    USART1_IRQHandler                        0x080001e5   Thumb Code     0  startup_stm32f042x6.o(.text)
    USART2_IRQHandler                        0x080001e5   Thumb Code     0  startup_stm32f042x6.o(.text)
    USB_IRQHandler                           0x080001e5   Thumb Code     0  startup_stm32f042x6.o(.text)
    WWDG_IRQHandler                          0x080001e5   Thumb Code     0  startup_stm32f042x6.o(.text)
    __user_initial_stackheap                 0x080001e9   Thumb Code     0  startup_stm32f042x6.o(.text)
    __aeabi_uldivmod                         0x08000229   Thumb Code   258  lludiv.o(.text)
    _ll_udiv                                 0x08000229   Thumb Code     0  lludiv.o(.text)
    __2sprintf                               0x0800032d   Thumb Code    36  noretval__2sprintf.o(.text)
    _printf_pre_padding                      0x08000355   Thumb Code    44  _printf_pad.o(.text)
    _printf_post_padding                     0x08000381   Thumb Code    34  _printf_pad.o(.text)
    _printf_int_hex                          0x080003a5   Thumb Code    84  _printf_hex_int.o(.text)
    _printf_longlong_hex                     0x080003a5   Thumb Code     0  _printf_hex_int.o(.text)
    __printf                                 0x080003fd   Thumb Code   306  __printf_flags_wp.o(.text)
    __aeabi_memcpy                           0x08000535   Thumb Code   130  rt_memcpy.o(.text)
    __rt_memcpy                              0x08000535   Thumb Code     0  rt_memcpy.o(.text)
    _memset_w                                0x080005b7   Thumb Code    26  rt_memclr.o(.text)
    _memset                                  0x080005d1   Thumb Code    30  rt_memclr.o(.text)
    __aeabi_memclr                           0x080005ef   Thumb Code     4  rt_memclr.o(.text)
    __rt_memclr                              0x080005ef   Thumb Code     0  rt_memclr.o(.text)
    __aeabi_memclr4                          0x080005f3   Thumb Code     0  rt_memclr.o(.text)
    __aeabi_memclr8                          0x080005f3   Thumb Code     0  rt_memclr.o(.text)
    __rt_memclr_w                            0x080005f3   Thumb Code     4  rt_memclr.o(.text)
    __aeabi_uidiv                            0x080005f7   Thumb Code     0  aeabi_sdiv.o(.text)
    __aeabi_uidivmod                         0x080005f7   Thumb Code    20  aeabi_sdiv.o(.text)
    __aeabi_idiv                             0x0800060b   Thumb Code     0  aeabi_sdiv.o(.text)
    __aeabi_idivmod                          0x0800060b   Thumb Code   326  aeabi_sdiv.o(.text)
    __use_two_region_memory                  0x08000751   Thumb Code     2  heapauxi.o(.text)
    __rt_heap_escrow                         0x08000753   Thumb Code     2  heapauxi.o(.text)
    __rt_heap_expand                         0x08000755   Thumb Code     2  heapauxi.o(.text)
    _printf_int_common                       0x08000757   Thumb Code   176  _printf_intcommon.o(.text)
    _printf_char_common                      0x08000813   Thumb Code    32  _printf_char_common.o(.text)
    _sputc                                   0x08000839   Thumb Code    10  _sputc.o(.text)
    __rt_new_handler_addr                    0x08000845   Thumb Code     8  rt_new_handler_addr_intlibspace.o(.text)
    malloc                                   0x0800084d   Thumb Code    98  h1_alloc.o(.text)
    free                                     0x080008af   Thumb Code    76  h1_free.o(.text)
    __default_new_handler()                  0x080008fb   Thumb Code     8  arm_newhandler_noexceptions.o(.text)
    __user_libspace                          0x08000905   Thumb Code     8  libspace.o(.text)
    __user_perproc_libspace                  0x08000905   Thumb Code     0  libspace.o(.text)
    __user_perthread_libspace                0x08000905   Thumb Code     0  libspace.o(.text)
    __user_setup_stackheap                   0x0800090d   Thumb Code    62  sys_stackheap_outer.o(.text)
    __rt_heap_descriptor                     0x0800094d   Thumb Code     8  rt_heap_descriptor_intlibspace.o(.text)
    __use_no_heap                            0x08000955   Thumb Code     2  hguard.o(.text)
    __heap$guard                             0x08000957   Thumb Code     2  hguard.o(.text)
    _terminate_user_alloc                    0x08000959   Thumb Code     2  init_alloc.o(.text)
    _init_user_alloc                         0x0800095b   Thumb Code     2  init_alloc.o(.text)
    __Heap_Full                              0x0800095d   Thumb Code    32  init_alloc.o(.text)
    __Heap_Broken                            0x0800097d   Thumb Code    10  init_alloc.o(.text)
    _init_alloc                              0x08000987   Thumb Code    90  init_alloc.o(.text)
    __Heap_Initialize                        0x080009e1   Thumb Code    10  h1_init.o(.text)
    __Heap_DescSize                          0x080009eb   Thumb Code     4  h1_init.o(.text)
    exit                                     0x080009ef   Thumb Code    16  exit.o(.text)
    std::terminate()                         0x080009ff   Thumb Code    28  arm_exceptions_terminate.o(.text)
    __Heap_ProvideMemory                     0x08000a1b   Thumb Code    52  h1_extend.o(.text)
    abort                                    0x08000a4f   Thumb Code    20  abort.o(.text)
    __sig_exit                               0x08000a63   Thumb Code    12  defsig_exit.o(.text)
    __rt_SIGRTMEM                            0x08000a6f   Thumb Code    12  defsig_rtmem_outer.o(.text)
    __cxa_get_globals                        0x08000a83   Thumb Code    66  arm_exceptions_globs.o(.text)
    _sys_exit                                0x08000ad1   Thumb Code     8  sys_exit.o(.text)
    __I$use$semihosting                      0x08000add   Thumb Code     0  use_no_semi.o(.text)
    __use_no_semihosting_swi                 0x08000add   Thumb Code     2  use_no_semi.o(.text)
    __semihosting_library_function           0x08000adf   Thumb Code     0  indicate_semi.o(.text)
    __rt_eh_globals_addr                     0x08000ae1   Thumb Code     8  rt_eh_globals_addr_intlibspace.o(.text)
    __default_signal_display                 0x08000ae9   Thumb Code    52  defsig_general.o(.text)
    __rt_SIGABRT                             0x08000b1d   Thumb Code    12  defsig_abrt_outer.o(.text)
    __rt_SIGRTMEM_inner                      0x08000b29   Thumb Code    22  defsig_rtmem_inner.o(.text)
    __ARM_exceptions_buffer_init             0x08000b79   Thumb Code    18  arm_exceptions_mem.o(.text)
    __ARM_exceptions_buffer_allocate         0x08000b8b   Thumb Code    26  arm_exceptions_mem.o(.text)
    __ARM_exceptions_buffer_free             0x08000ba5   Thumb Code    22  arm_exceptions_mem.o(.text)
    _ttywrch                                 0x08000bbb   Thumb Code    12  sys_wrch.o(.text)
    __rt_SIGABRT_inner                       0x08000bc9   Thumb Code    14  defsig_abrt_inner.o(.text)
    CEC_CAN_IRQHandler                       0x08000bf9   Thumb Code    10  stm32f0xx_it.o(i.CEC_CAN_IRQHandler)
    Error_Handler                            0x08000c09   Thumb Code     6  main.o(i.Error_Handler)
    HAL_CAN_ActivateNotification             0x08000c0f   Thumb Code    44  stm32f0xx_hal_can.o(i.HAL_CAN_ActivateNotification)
    HAL_CAN_AddTxMessage                     0x08000c3b   Thumb Code   310  stm32f0xx_hal_can.o(i.HAL_CAN_AddTxMessage)
    HAL_CAN_ConfigFilter                     0x08000d71   Thumb Code   318  stm32f0xx_hal_can.o(i.HAL_CAN_ConfigFilter)
    HAL_CAN_ErrorCallback                    0x08000eaf   Thumb Code     2  stm32f0xx_hal_can.o(i.HAL_CAN_ErrorCallback)
    HAL_CAN_GetRxMessage                     0x08000eb1   Thumb Code   422  stm32f0xx_hal_can.o(i.HAL_CAN_GetRxMessage)
    HAL_CAN_GetTxMailboxesFreeLevel          0x08001057   Thumb Code    68  stm32f0xx_hal_can.o(i.HAL_CAN_GetTxMailboxesFreeLevel)
    HAL_CAN_IRQHandler                       0x0800109b   Thumb Code   724  stm32f0xx_hal_can.o(i.HAL_CAN_IRQHandler)
    HAL_CAN_Init                             0x0800136f   Thumb Code   392  stm32f0xx_hal_can.o(i.HAL_CAN_Init)
    HAL_CAN_MspInit                          0x080014f9   Thumb Code   136  stm32f0xx_hal_msp.o(i.HAL_CAN_MspInit)
    HAL_CAN_RxFifo0FullCallback              0x08001589   Thumb Code     2  stm32f0xx_hal_can.o(i.HAL_CAN_RxFifo0FullCallback)
    HAL_CAN_RxFifo0MsgPendingCallback        0x0800158d   Thumb Code    66  main.o(i.HAL_CAN_RxFifo0MsgPendingCallback)
    HAL_CAN_RxFifo1FullCallback              0x080015d9   Thumb Code     2  stm32f0xx_hal_can.o(i.HAL_CAN_RxFifo1FullCallback)
    HAL_CAN_RxFifo1MsgPendingCallback        0x080015db   Thumb Code     2  stm32f0xx_hal_can.o(i.HAL_CAN_RxFifo1MsgPendingCallback)
    HAL_CAN_SleepCallback                    0x080015dd   Thumb Code     2  stm32f0xx_hal_can.o(i.HAL_CAN_SleepCallback)
    HAL_CAN_Start                            0x080015df   Thumb Code    98  stm32f0xx_hal_can.o(i.HAL_CAN_Start)
    HAL_CAN_TxMailbox0AbortCallback          0x08001641   Thumb Code     2  stm32f0xx_hal_can.o(i.HAL_CAN_TxMailbox0AbortCallback)
    HAL_CAN_TxMailbox0CompleteCallback       0x08001643   Thumb Code     2  stm32f0xx_hal_can.o(i.HAL_CAN_TxMailbox0CompleteCallback)
    HAL_CAN_TxMailbox1AbortCallback          0x08001645   Thumb Code     2  stm32f0xx_hal_can.o(i.HAL_CAN_TxMailbox1AbortCallback)
    HAL_CAN_TxMailbox1CompleteCallback       0x08001647   Thumb Code     2  stm32f0xx_hal_can.o(i.HAL_CAN_TxMailbox1CompleteCallback)
    HAL_CAN_TxMailbox2AbortCallback          0x08001649   Thumb Code     2  stm32f0xx_hal_can.o(i.HAL_CAN_TxMailbox2AbortCallback)
    HAL_CAN_TxMailbox2CompleteCallback       0x0800164b   Thumb Code     2  stm32f0xx_hal_can.o(i.HAL_CAN_TxMailbox2CompleteCallback)
    HAL_CAN_WakeUpFromRxMsgCallback          0x0800164d   Thumb Code     2  stm32f0xx_hal_can.o(i.HAL_CAN_WakeUpFromRxMsgCallback)
    HAL_Delay                                0x08001651   Thumb Code    38  stm32f0xx_hal.o(i.HAL_Delay)
    HAL_GPIO_Init                            0x0800167d   Thumb Code   460  stm32f0xx_hal_gpio.o(i.HAL_GPIO_Init)
    HAL_GetTick                              0x0800185d   Thumb Code     6  stm32f0xx_hal.o(i.HAL_GetTick)
    HAL_I2CEx_ConfigAnalogFilter             0x08001869   Thumb Code   110  stm32f0xx_hal_i2c_ex.o(i.HAL_I2CEx_ConfigAnalogFilter)
    HAL_I2CEx_ConfigDigitalFilter            0x080018d7   Thumb Code   112  stm32f0xx_hal_i2c_ex.o(i.HAL_I2CEx_ConfigDigitalFilter)
    HAL_I2C_Init                             0x08001949   Thumb Code   208  stm32f0xx_hal_i2c.o(i.HAL_I2C_Init)
    HAL_I2C_Master_Receive                   0x08001a1d   Thumb Code   354  stm32f0xx_hal_i2c.o(i.HAL_I2C_Master_Receive)
    HAL_I2C_Master_Transmit                  0x08001b89   Thumb Code   354  stm32f0xx_hal_i2c.o(i.HAL_I2C_Master_Transmit)
    HAL_I2C_MspInit                          0x08001cf5   Thumb Code   122  stm32f0xx_hal_msp.o(i.HAL_I2C_MspInit)
    HAL_IncTick                              0x08001d79   Thumb Code    16  stm32f0xx_hal.o(i.HAL_IncTick)
    HAL_Init                                 0x08001d91   Thumb Code    28  stm32f0xx_hal.o(i.HAL_Init)
    HAL_InitTick                             0x08001db1   Thumb Code    70  stm32f0xx_hal.o(i.HAL_InitTick)
    HAL_MspInit                              0x08001e05   Thumb Code    60  stm32f0xx_hal_msp.o(i.HAL_MspInit)
    HAL_NVIC_EnableIRQ                       0x08001e45   Thumb Code    22  stm32f0xx_hal_cortex.o(i.HAL_NVIC_EnableIRQ)
    HAL_NVIC_SetPriority                     0x08001e61   Thumb Code    18  stm32f0xx_hal_cortex.o(i.HAL_NVIC_SetPriority)
    HAL_RCCEx_PeriphCLKConfig                0x08001e75   Thumb Code   378  stm32f0xx_hal_rcc_ex.o(i.HAL_RCCEx_PeriphCLKConfig)
    HAL_RCC_ClockConfig                      0x08001ffd   Thumb Code   366  stm32f0xx_hal_rcc.o(i.HAL_RCC_ClockConfig)
    HAL_RCC_GetSysClockFreq                  0x08002181   Thumb Code   186  stm32f0xx_hal_rcc.o(i.HAL_RCC_GetSysClockFreq)
    HAL_RCC_OscConfig                        0x08002251   Thumb Code  1592  stm32f0xx_hal_rcc.o(i.HAL_RCC_OscConfig)
    HAL_SYSTICK_Config                       0x0800288d   Thumb Code    46  stm32f0xx_hal_cortex.o(i.HAL_SYSTICK_Config)
    HardFault_Handler                        0x080028c5   Thumb Code     4  stm32f0xx_it.o(i.HardFault_Handler)
    NMI_Handler                              0x080028c9   Thumb Code     4  stm32f0xx_it.o(i.NMI_Handler)
    PendSV_Handler                           0x080028cd   Thumb Code     2  stm32f0xx_it.o(i.PendSV_Handler)
    SVC_Handler                              0x080028cf   Thumb Code     2  stm32f0xx_it.o(i.SVC_Handler)
    SysTick_Handler                          0x080028d1   Thumb Code     8  stm32f0xx_it.o(i.SysTick_Handler)
    SystemInit                               0x080028d9   Thumb Code     2  system_stm32f0xx.o(i.SystemInit)
    CAN_SaveFalsh()                          0x080028db   Thumb Code     2  main.o(i._Z13CAN_SaveFalshv)
    CAN_SendFlyingData()                     0x080028dd   Thumb Code     2  main.o(i._Z18CAN_SendFlyingDatav)
    SystemClock_Config()                     0x080028df   Thumb Code   128  main.o(i._Z18SystemClock_Configv)
    CAN_SendDataFromFlash()                  0x0800295f   Thumb Code     2  main.o(i._Z21CAN_SendDataFromFlashv)
    check_tx()                               0x08002961   Thumb Code     2  main.o(i._Z8check_txv)
    SmartBattery::CMD(unsigned char)         0x08002963   Thumb Code    40  smart_battery.o(i._ZN12SmartBattery3CMDEh)
    SmartBattery::GetData()                  0x0800298b   Thumb Code   130  smart_battery.o(i._ZN12SmartBattery7GetDataEv)
    SmartBattery::SmartBattery(__I2C_HandleTypeDef*) 0x08002a0d   Thumb Code     8  smart_battery.o(i._ZN12SmartBatteryC1EP19__I2C_HandleTypeDef)
    SmartBattery::SmartBattery__sub_object(__I2C_HandleTypeDef*) 0x08002a0d   Thumb Code     0  smart_battery.o(i._ZN12SmartBatteryC1EP19__I2C_HandleTypeDef)
    operator delete[] (void*)                0x08002f6d   Thumb Code     8  array_del.o(i._ZdaPv)
    operator delete (void*)                  0x08002f75   Thumb Code     8  delete.o(i._ZdlPv)
    operator new[] (unsigned)                0x08002f7d   Thumb Code     8  array_new.o(i._Znaj)
    operator new(unsigned)                   0x08002f85   Thumb Code    36  new.o(i._Znwj)
    __ARM_common_ll_muluu                    0x08002fad   Thumb Code    48  stm32f0xx_hal_rcc.o(i.__ARM_common_ll_muluu)
    _is_digit                                0x08002fdd   Thumb Code    14  __printf_wp.o(i._is_digit)
    main                                     0x08002fed   Thumb Code   160  main.o(i.main)
    AHBPrescTable                            0x080030d4   Data          16  system_stm32f0xx.o(.constdata)
    APBPrescTable                            0x080030e4   Data           8  system_stm32f0xx.o(.constdata)
    Region$$Table$$Base                      0x08003128   Number         0  anon$$obj.o(Region$$Table)
    Region$$Table$$Limit                     0x08003148   Number         0  anon$$obj.o(Region$$Table)
    Load$$LR$$LR_IROM1$$Limit                0x0800316c   Number         0  anon$$obj.o ABSOLUTE
    TxData                                   0x20000000   Data           8  main.o(.data)
    RxData                                   0x20000008   Data           8  main.o(.data)
    TxMailbox                                0x20000010   Data           4  main.o(.data)
    uwTick                                   0x20000014   Data           4  stm32f0xx_hal.o(.data)
    uwTickPrio                               0x20000018   Data           4  stm32f0xx_hal.o(.data)
    uwTickFreq                               0x2000001c   Data           1  stm32f0xx_hal.o(.data)
    SystemCoreClock                          0x20000020   Data           4  system_stm32f0xx.o(.data)
    hcan                                     0x20000024   Data          40  main.o(.bss)
    hi2c1                                    0x2000004c   Data          84  main.o(.bss)
    TxHeader                                 0x200000a0   Data          24  main.o(.bss)
    RxHeader                                 0x200000b8   Data          28  main.o(.bss)
    __libspace_start                         0x200000d4   Data          96  libspace.o(.bss)
    __temporary_stack_top$libspace           0x20000134   Data           0  libspace.o(.bss)



==============================================================================

Memory Map of the image

  Image Entry point : 0x080000c1

  Load Region LR_IROM1 (Base: 0x08000000, Size: 0x0000316c, Max: 0x00008000, ABSOLUTE)

    Execution Region ER_IROM1 (Exec base: 0x08000000, Load base: 0x08000000, Size: 0x00003148, Max: 0x00008000, ABSOLUTE)

    Exec Addr    Load Addr    Size         Type   Attr      Idx    E Section Name        Object

    0x08000000   0x08000000   0x000000c0   Data   RO            3    RESET               startup_stm32f042x6.o
    0x080000c0   0x080000c0   0x00000008   Code   RO         2526  * !!!main             c_p.l(__main.o)
    0x080000c8   0x080000c8   0x0000003c   Code   RO         3026    !!!scatter          c_p.l(__scatter.o)
    0x08000104   0x08000104   0x0000001a   Code   RO         3028    !!handler_copy      c_p.l(__scatter_copy.o)
    0x0800011e   0x0800011e   0x00000002   PAD
    0x08000120   0x08000120   0x0000001c   Code   RO         3030    !!handler_zi        c_p.l(__scatter_zi.o)
    0x0800013c   0x0800013c   0x00000002   Code   RO         2513    .ARM.Collect$$_printf_percent$$00000000  c_p.l(_printf_percent.o)
    0x0800013e   0x0800013e   0x0000000a   Code   RO         2512    .ARM.Collect$$_printf_percent$$0000000C  c_p.l(_printf_x.o)
    0x08000148   0x08000148   0x00000004   Code   RO         2550    .ARM.Collect$$_printf_percent$$00000017  c_p.l(_printf_percent_end.o)
    0x0800014c   0x0800014c   0x00000002   Code   RO         2831    .ARM.Collect$$libinit$$00000000  c_p.l(libinit.o)
    0x0800014e   0x0800014e   0x00000000   Code   RO         2833    .ARM.Collect$$libinit$$00000002  c_p.l(libinit2.o)
    0x0800014e   0x0800014e   0x00000000   Code   RO         2835    .ARM.Collect$$libinit$$00000004  c_p.l(libinit2.o)
    0x0800014e   0x0800014e   0x00000008   Code   RO         2836    .ARM.Collect$$libinit$$00000005  c_p.l(libinit2.o)
    0x08000156   0x08000156   0x00000000   Code   RO         2838    .ARM.Collect$$libinit$$0000000A  c_p.l(libinit2.o)
    0x08000156   0x08000156   0x00000000   Code   RO         2840    .ARM.Collect$$libinit$$0000000C  c_p.l(libinit2.o)
    0x08000156   0x08000156   0x00000000   Code   RO         2842    .ARM.Collect$$libinit$$0000000E  c_p.l(libinit2.o)
    0x08000156   0x08000156   0x00000000   Code   RO         2845    .ARM.Collect$$libinit$$00000011  c_p.l(libinit2.o)
    0x08000156   0x08000156   0x00000000   Code   RO         2847    .ARM.Collect$$libinit$$00000013  c_p.l(libinit2.o)
    0x08000156   0x08000156   0x00000000   Code   RO         2849    .ARM.Collect$$libinit$$00000015  c_p.l(libinit2.o)
    0x08000156   0x08000156   0x00000000   Code   RO         2851    .ARM.Collect$$libinit$$00000017  c_p.l(libinit2.o)
    0x08000156   0x08000156   0x00000000   Code   RO         2853    .ARM.Collect$$libinit$$00000019  c_p.l(libinit2.o)
    0x08000156   0x08000156   0x00000000   Code   RO         2855    .ARM.Collect$$libinit$$0000001B  c_p.l(libinit2.o)
    0x08000156   0x08000156   0x00000000   Code   RO         2857    .ARM.Collect$$libinit$$0000001D  c_p.l(libinit2.o)
    0x08000156   0x08000156   0x00000000   Code   RO         2859    .ARM.Collect$$libinit$$0000001F  c_p.l(libinit2.o)
    0x08000156   0x08000156   0x00000000   Code   RO         2861    .ARM.Collect$$libinit$$00000021  c_p.l(libinit2.o)
    0x08000156   0x08000156   0x00000000   Code   RO         2863    .ARM.Collect$$libinit$$00000023  c_p.l(libinit2.o)
    0x08000156   0x08000156   0x00000000   Code   RO         2865    .ARM.Collect$$libinit$$00000025  c_p.l(libinit2.o)
    0x08000156   0x08000156   0x00000000   Code   RO         2869    .ARM.Collect$$libinit$$0000002C  c_p.l(libinit2.o)
    0x08000156   0x08000156   0x00000000   Code   RO         2871    .ARM.Collect$$libinit$$0000002E  c_p.l(libinit2.o)
    0x08000156   0x08000156   0x00000000   Code   RO         2873    .ARM.Collect$$libinit$$00000030  c_p.l(libinit2.o)
    0x08000156   0x08000156   0x00000000   Code   RO         2875    .ARM.Collect$$libinit$$00000032  c_p.l(libinit2.o)
    0x08000156   0x08000156   0x00000002   Code   RO         2876    .ARM.Collect$$libinit$$00000033  c_p.l(libinit2.o)
    0x08000158   0x08000158   0x00000002   Code   RO         2995    .ARM.Collect$$libshutdown$$00000000  c_p.l(libshutdown.o)
    0x0800015a   0x0800015a   0x00000000   Code   RO         2997    .ARM.Collect$$libshutdown$$00000002  c_p.l(libshutdown2.o)
    0x0800015a   0x0800015a   0x00000000   Code   RO         2999    .ARM.Collect$$libshutdown$$00000004  c_p.l(libshutdown2.o)
    0x0800015a   0x0800015a   0x00000000   Code   RO         3002    .ARM.Collect$$libshutdown$$00000007  c_p.l(libshutdown2.o)
    0x0800015a   0x0800015a   0x00000000   Code   RO         3005    .ARM.Collect$$libshutdown$$0000000A  c_p.l(libshutdown2.o)
    0x0800015a   0x0800015a   0x00000000   Code   RO         3007    .ARM.Collect$$libshutdown$$0000000C  c_p.l(libshutdown2.o)
    0x0800015a   0x0800015a   0x00000000   Code   RO         3010    .ARM.Collect$$libshutdown$$0000000F  c_p.l(libshutdown2.o)
    0x0800015a   0x0800015a   0x00000002   Code   RO         3011    .ARM.Collect$$libshutdown$$00000010  c_p.l(libshutdown2.o)
    0x0800015c   0x0800015c   0x00000000   Code   RO         2535    .ARM.Collect$$rtentry$$00000000  c_p.l(__rtentry.o)
    0x0800015c   0x0800015c   0x00000000   Code   RO         2575    .ARM.Collect$$rtentry$$00000002  c_p.l(__rtentry2.o)
    0x0800015c   0x0800015c   0x00000006   Code   RO         2587    .ARM.Collect$$rtentry$$00000004  c_p.l(__rtentry4.o)
    0x08000162   0x08000162   0x00000000   Code   RO         2577    .ARM.Collect$$rtentry$$00000009  c_p.l(__rtentry2.o)
    0x08000162   0x08000162   0x00000004   Code   RO         2578    .ARM.Collect$$rtentry$$0000000A  c_p.l(__rtentry2.o)
    0x08000166   0x08000166   0x00000000   Code   RO         2580    .ARM.Collect$$rtentry$$0000000C  c_p.l(__rtentry2.o)
    0x08000166   0x08000166   0x00000008   Code   RO         2581    .ARM.Collect$$rtentry$$0000000D  c_p.l(__rtentry2.o)
    0x0800016e   0x0800016e   0x00000002   Code   RO         2906    .ARM.Collect$$rtexit$$00000000  c_p.l(rtexit.o)
    0x08000170   0x08000170   0x00000000   Code   RO         2953    .ARM.Collect$$rtexit$$00000002  c_p.l(rtexit2.o)
    0x08000170   0x08000170   0x00000004   Code   RO         2954    .ARM.Collect$$rtexit$$00000003  c_p.l(rtexit2.o)
    0x08000174   0x08000174   0x00000006   Code   RO         2955    .ARM.Collect$$rtexit$$00000004  c_p.l(rtexit2.o)
    0x0800017a   0x0800017a   0x00000002   PAD
    0x0800017c   0x0800017c   0x00000038   Code   RO         2514    .emb_text           c_p.l(rt_memcpy.o)
    0x080001b4   0x080001b4   0x00000000   Code   RO         2912    .emb_text           c_p.l(maybetermalloc1.o)
    0x080001b4   0x080001b4   0x00000074   Code   RO            4    .text               startup_stm32f042x6.o
    0x08000228   0x08000228   0x00000102   Code   RO         2461    .text               c_p.l(lludiv.o)
    0x0800032a   0x0800032a   0x00000002   PAD
    0x0800032c   0x0800032c   0x00000028   Code   RO         2465    .text               c_p.l(noretval__2sprintf.o)
    0x08000354   0x08000354   0x0000004e   Code   RO         2469    .text               c_p.l(_printf_pad.o)
    0x080003a2   0x080003a2   0x00000002   PAD
    0x080003a4   0x080003a4   0x00000058   Code   RO         2474    .text               c_p.l(_printf_hex_int.o)
    0x080003fc   0x080003fc   0x00000138   Code   RO         2504    .text               c_p.l(__printf_flags_wp.o)
    0x08000534   0x08000534   0x00000082   Code   RO         2515    .text               c_p.l(rt_memcpy.o)
    0x080005b6   0x080005b6   0x00000040   Code   RO         2518    .text               c_p.l(rt_memclr.o)
    0x080005f6   0x080005f6   0x0000015a   Code   RO         2520    .text               c_p.l(aeabi_sdiv.o)
    0x08000750   0x08000750   0x00000006   Code   RO         2524    .text               c_p.l(heapauxi.o)
    0x08000756   0x08000756   0x000000b0   Code   RO         2544    .text               c_p.l(_printf_intcommon.o)
    0x08000806   0x08000806   0x00000002   PAD
    0x08000808   0x08000808   0x00000030   Code   RO         2546    .text               c_p.l(_printf_char_common.o)
    0x08000838   0x08000838   0x0000000a   Code   RO         2548    .text               c_p.l(_sputc.o)
    0x08000842   0x08000842   0x00000002   PAD
    0x08000844   0x08000844   0x00000008   Code   RO         2594    .text               c_p.l(rt_new_handler_addr_intlibspace.o)
    0x0800084c   0x0800084c   0x00000062   Code   RO         2600    .text               c_p.l(h1_alloc.o)
    0x080008ae   0x080008ae   0x0000004c   Code   RO         2602    .text               c_p.l(h1_free.o)
    0x080008fa   0x080008fa   0x00000008   Code   RO         2660    .text               cpprt_p.l(arm_newhandler_noexceptions.o)
    0x08000902   0x08000902   0x00000002   PAD
    0x08000904   0x08000904   0x00000008   Code   RO         2785    .text               c_p.l(libspace.o)
    0x0800090c   0x0800090c   0x0000003e   Code   RO         2790    .text               c_p.l(sys_stackheap_outer.o)
    0x0800094a   0x0800094a   0x00000002   PAD
    0x0800094c   0x0800094c   0x00000008   Code   RO         2796    .text               c_p.l(rt_heap_descriptor_intlibspace.o)
    0x08000954   0x08000954   0x00000004   Code   RO         2798    .text               c_p.l(hguard.o)
    0x08000958   0x08000958   0x00000088   Code   RO         2800    .text               c_p.l(init_alloc.o)
    0x080009e0   0x080009e0   0x0000000e   Code   RO         2804    .text               c_p.l(h1_init.o)
    0x080009ee   0x080009ee   0x00000010   Code   RO         2818    .text               c_p.l(exit.o)
    0x080009fe   0x080009fe   0x0000001c   Code   RO         2890    .text               cpprt_p.l(arm_exceptions_terminate.o)
    0x08000a1a   0x08000a1a   0x00000034   Code   RO         2914    .text               c_p.l(h1_extend.o)
    0x08000a4e   0x08000a4e   0x00000014   Code   RO         2918    .text               c_p.l(abort.o)
    0x08000a62   0x08000a62   0x0000000c   Code   RO         2922    .text               c_p.l(defsig_exit.o)
    0x08000a6e   0x08000a6e   0x0000000c   Code   RO         2926    .text               c_p.l(defsig_rtmem_outer.o)
    0x08000a7a   0x08000a7a   0x00000002   PAD
    0x08000a7c   0x08000a7c   0x00000054   Code   RO         2942    .text               cpprt_p.l(arm_exceptions_globs.o)
    0x08000ad0   0x08000ad0   0x0000000c   Code   RO         2947    .text               c_p.l(sys_exit.o)
    0x08000adc   0x08000adc   0x00000002   Code   RO         2949    .text               c_p.l(use_no_semi.o)
    0x08000ade   0x08000ade   0x00000000   Code   RO         2951    .text               c_p.l(indicate_semi.o)
    0x08000ade   0x08000ade   0x00000002   PAD
    0x08000ae0   0x08000ae0   0x00000008   Code   RO         2962    .text               c_p.l(rt_eh_globals_addr_intlibspace.o)
    0x08000ae8   0x08000ae8   0x00000034   Code   RO         2968    .text               c_p.l(defsig_general.o)
    0x08000b1c   0x08000b1c   0x0000000c   Code   RO         2970    .text               c_p.l(defsig_abrt_outer.o)
    0x08000b28   0x08000b28   0x00000050   Code   RO         2974    .text               c_p.l(defsig_rtmem_inner.o)
    0x08000b78   0x08000b78   0x00000042   Code   RO         2980    .text               cpprt_p.l(arm_exceptions_mem.o)
    0x08000bba   0x08000bba   0x0000000c   Code   RO         2983    .text               c_p.l(sys_wrch.o)
    0x08000bc6   0x08000bc6   0x00000002   PAD
    0x08000bc8   0x08000bc8   0x00000030   Code   RO         2989    .text               c_p.l(defsig_abrt_inner.o)
    0x08000bf8   0x08000bf8   0x00000010   Code   RO          215    i.CEC_CAN_IRQHandler  stm32f0xx_it.o
    0x08000c08   0x08000c08   0x00000006   Code   RO           12    i.Error_Handler     main.o
    0x08000c0e   0x08000c0e   0x0000002c   Code   RO          325    i.HAL_CAN_ActivateNotification  stm32f0xx_hal_can.o
    0x08000c3a   0x08000c3a   0x00000136   Code   RO          326    i.HAL_CAN_AddTxMessage  stm32f0xx_hal_can.o
    0x08000d70   0x08000d70   0x0000013e   Code   RO          327    i.HAL_CAN_ConfigFilter  stm32f0xx_hal_can.o
    0x08000eae   0x08000eae   0x00000002   Code   RO          330    i.HAL_CAN_ErrorCallback  stm32f0xx_hal_can.o
    0x08000eb0   0x08000eb0   0x000001a6   Code   RO          333    i.HAL_CAN_GetRxMessage  stm32f0xx_hal_can.o
    0x08001056   0x08001056   0x00000044   Code   RO          335    i.HAL_CAN_GetTxMailboxesFreeLevel  stm32f0xx_hal_can.o
    0x0800109a   0x0800109a   0x000002d4   Code   RO          337    i.HAL_CAN_IRQHandler  stm32f0xx_hal_can.o
    0x0800136e   0x0800136e   0x00000188   Code   RO          338    i.HAL_CAN_Init      stm32f0xx_hal_can.o
    0x080014f6   0x080014f6   0x00000002   PAD
    0x080014f8   0x080014f8   0x00000090   Code   RO          276    i.HAL_CAN_MspInit   stm32f0xx_hal_msp.o
    0x08001588   0x08001588   0x00000002   Code   RO          345    i.HAL_CAN_RxFifo0FullCallback  stm32f0xx_hal_can.o
    0x0800158a   0x0800158a   0x00000002   PAD
    0x0800158c   0x0800158c   0x0000004c   Code   RO           13    i.HAL_CAN_RxFifo0MsgPendingCallback  main.o
    0x080015d8   0x080015d8   0x00000002   Code   RO          347    i.HAL_CAN_RxFifo1FullCallback  stm32f0xx_hal_can.o
    0x080015da   0x080015da   0x00000002   Code   RO          348    i.HAL_CAN_RxFifo1MsgPendingCallback  stm32f0xx_hal_can.o
    0x080015dc   0x080015dc   0x00000002   Code   RO          349    i.HAL_CAN_SleepCallback  stm32f0xx_hal_can.o
    0x080015de   0x080015de   0x00000062   Code   RO          350    i.HAL_CAN_Start     stm32f0xx_hal_can.o
    0x08001640   0x08001640   0x00000002   Code   RO          352    i.HAL_CAN_TxMailbox0AbortCallback  stm32f0xx_hal_can.o
    0x08001642   0x08001642   0x00000002   Code   RO          353    i.HAL_CAN_TxMailbox0CompleteCallback  stm32f0xx_hal_can.o
    0x08001644   0x08001644   0x00000002   Code   RO          354    i.HAL_CAN_TxMailbox1AbortCallback  stm32f0xx_hal_can.o
    0x08001646   0x08001646   0x00000002   Code   RO          355    i.HAL_CAN_TxMailbox1CompleteCallback  stm32f0xx_hal_can.o
    0x08001648   0x08001648   0x00000002   Code   RO          356    i.HAL_CAN_TxMailbox2AbortCallback  stm32f0xx_hal_can.o
    0x0800164a   0x0800164a   0x00000002   Code   RO          357    i.HAL_CAN_TxMailbox2CompleteCallback  stm32f0xx_hal_can.o
    0x0800164c   0x0800164c   0x00000002   Code   RO          359    i.HAL_CAN_WakeUpFromRxMsgCallback  stm32f0xx_hal_can.o
    0x0800164e   0x0800164e   0x00000002   PAD
    0x08001650   0x08001650   0x0000002c   Code   RO          802    i.HAL_Delay         stm32f0xx_hal.o
    0x0800167c   0x0800167c   0x000001e0   Code   RO         1586    i.HAL_GPIO_Init     stm32f0xx_hal_gpio.o
    0x0800185c   0x0800185c   0x0000000c   Code   RO          806    i.HAL_GetTick       stm32f0xx_hal.o
    0x08001868   0x08001868   0x0000006e   Code   RO         1527    i.HAL_I2CEx_ConfigAnalogFilter  stm32f0xx_hal_i2c_ex.o
    0x080018d6   0x080018d6   0x00000070   Code   RO         1528    i.HAL_I2CEx_ConfigDigitalFilter  stm32f0xx_hal_i2c_ex.o
    0x08001946   0x08001946   0x00000002   PAD
    0x08001948   0x08001948   0x000000d4   Code   RO          989    i.HAL_I2C_Init      stm32f0xx_hal_i2c.o
    0x08001a1c   0x08001a1c   0x0000016c   Code   RO          995    i.HAL_I2C_Master_Receive  stm32f0xx_hal_i2c.o
    0x08001b88   0x08001b88   0x0000016c   Code   RO         1002    i.HAL_I2C_Master_Transmit  stm32f0xx_hal_i2c.o
    0x08001cf4   0x08001cf4   0x00000084   Code   RO          278    i.HAL_I2C_MspInit   stm32f0xx_hal_msp.o
    0x08001d78   0x08001d78   0x00000018   Code   RO          812    i.HAL_IncTick       stm32f0xx_hal.o
    0x08001d90   0x08001d90   0x00000020   Code   RO          813    i.HAL_Init          stm32f0xx_hal.o
    0x08001db0   0x08001db0   0x00000054   Code   RO          814    i.HAL_InitTick      stm32f0xx_hal.o
    0x08001e04   0x08001e04   0x00000040   Code   RO          279    i.HAL_MspInit       stm32f0xx_hal_msp.o
    0x08001e44   0x08001e44   0x0000001c   Code   RO         1768    i.HAL_NVIC_EnableIRQ  stm32f0xx_hal_cortex.o
    0x08001e60   0x08001e60   0x00000012   Code   RO         1772    i.HAL_NVIC_SetPriority  stm32f0xx_hal_cortex.o
    0x08001e72   0x08001e72   0x00000002   PAD
    0x08001e74   0x08001e74   0x00000188   Code   RO          710    i.HAL_RCCEx_PeriphCLKConfig  stm32f0xx_hal_rcc_ex.o
    0x08001ffc   0x08001ffc   0x00000184   Code   RO          591    i.HAL_RCC_ClockConfig  stm32f0xx_hal_rcc.o
    0x08002180   0x08002180   0x000000d0   Code   RO          599    i.HAL_RCC_GetSysClockFreq  stm32f0xx_hal_rcc.o
    0x08002250   0x08002250   0x0000063c   Code   RO          602    i.HAL_RCC_OscConfig  stm32f0xx_hal_rcc.o
    0x0800288c   0x0800288c   0x00000038   Code   RO         1776    i.HAL_SYSTICK_Config  stm32f0xx_hal_cortex.o
    0x080028c4   0x080028c4   0x00000004   Code   RO          216    i.HardFault_Handler  stm32f0xx_it.o
    0x080028c8   0x080028c8   0x00000004   Code   RO          217    i.NMI_Handler       stm32f0xx_it.o
    0x080028cc   0x080028cc   0x00000002   Code   RO          218    i.PendSV_Handler    stm32f0xx_it.o
    0x080028ce   0x080028ce   0x00000002   Code   RO          219    i.SVC_Handler       stm32f0xx_it.o
    0x080028d0   0x080028d0   0x00000008   Code   RO          220    i.SysTick_Handler   stm32f0xx_it.o
    0x080028d8   0x080028d8   0x00000002   Code   RO         2385    i.SystemInit        system_stm32f0xx.o
    0x080028da   0x080028da   0x00000002   Code   RO           14    i._Z13CAN_SaveFalshv  main.o
    0x080028dc   0x080028dc   0x00000002   Code   RO           15    i._Z18CAN_SendFlyingDatav  main.o
    0x080028de   0x080028de   0x00000080   Code   RO           16    i._Z18SystemClock_Configv  main.o
    0x0800295e   0x0800295e   0x00000002   Code   RO           17    i._Z21CAN_SendDataFromFlashv  main.o
    0x08002960   0x08002960   0x00000002   Code   RO           18    i._Z8check_txv      main.o
    0x08002962   0x08002962   0x00000028   Code   RO         2419    i._ZN12SmartBattery3CMDEh  smart_battery.o
    0x0800298a   0x0800298a   0x00000082   Code   RO         2420    i._ZN12SmartBattery7GetDataEv  smart_battery.o
    0x08002a0c   0x08002a0c   0x00000008   Code   RO         2421    i._ZN12SmartBatteryC1EP19__I2C_HandleTypeDef  smart_battery.o
    0x08002a14   0x08002a14   0x00000078   Code   RO           20    i._ZN25_INTERNAL_6_main_c_TxData11MX_CAN_InitEv  main.o
    0x08002a8c   0x08002a8c   0x00000028   Code   RO           21    i._ZN25_INTERNAL_6_main_c_TxData12MX_GPIO_InitEv  main.o
    0x08002ab4   0x08002ab4   0x0000005c   Code   RO           22    i._ZN25_INTERNAL_6_main_c_TxData12MX_I2C1_InitEv  main.o
    0x08002b10   0x08002b10   0x00000032   Code   RO         1031    i._ZN41_INTERNAL_19_stm32f0xx_hal_i2c_c_0eb271f414I2C_Flush_TXDREP19__I2C_HandleTypeDef  stm32f0xx_hal_i2c.o
    0x08002b42   0x08002b42   0x00000002   PAD
    0x08002b44   0x08002b44   0x0000003c   Code   RO         1044    i._ZN41_INTERNAL_19_stm32f0xx_hal_i2c_c_0eb271f418I2C_TransferConfigEP19__I2C_HandleTypeDefthjj  stm32f0xx_hal_i2c.o
    0x08002b80   0x08002b80   0x0000015c   Code   RO         1046    i._ZN41_INTERNAL_19_stm32f0xx_hal_i2c_c_0eb271f419I2C_IsErrorOccurredEP19__I2C_HandleTypeDefjj  stm32f0xx_hal_i2c.o
    0x08002cdc   0x08002cdc   0x0000006c   Code   RO         1054    i._ZN41_INTERNAL_19_stm32f0xx_hal_i2c_c_0eb271f426I2C_WaitOnFlagUntilTimeoutEP19__I2C_HandleTypeDefj10FlagStatusjj  stm32f0xx_hal_i2c.o
    0x08002d48   0x08002d48   0x000000d8   Code   RO         1056    i._ZN41_INTERNAL_19_stm32f0xx_hal_i2c_c_0eb271f430I2C_WaitOnRXNEFlagUntilTimeoutEP19__I2C_HandleTypeDefjj  stm32f0xx_hal_i2c.o
    0x08002e20   0x08002e20   0x00000066   Code   RO         1057    i._ZN41_INTERNAL_19_stm32f0xx_hal_i2c_c_0eb271f430I2C_WaitOnSTOPFlagUntilTimeoutEP19__I2C_HandleTypeDefjj  stm32f0xx_hal_i2c.o
    0x08002e86   0x08002e86   0x0000006e   Code   RO         1058    i._ZN41_INTERNAL_19_stm32f0xx_hal_i2c_c_0eb271f430I2C_WaitOnTXISFlagUntilTimeoutEP19__I2C_HandleTypeDefjj  stm32f0xx_hal_i2c.o
    0x08002ef4   0x08002ef4   0x00000078   Code   RO         1778    i._ZN44_INTERNAL_22_stm32f0xx_hal_cortex_c_910ac08718__NVIC_SetPriorityE9IRQn_Typej  stm32f0xx_hal_cortex.o
    0x08002f6c   0x08002f6c   0x00000008   Code   RO         2528    i._ZdaPv            cpprt_p.l(array_del.o)
    0x08002f74   0x08002f74   0x00000008   Code   RO         2551    i._ZdlPv            cpprt_p.l(delete.o)
    0x08002f7c   0x08002f7c   0x00000008   Code   RO         2531    i._Znaj             cpprt_p.l(array_new.o)
    0x08002f84   0x08002f84   0x00000028   Code   RO         2554    i._Znwj             cpprt_p.l(new.o)
    0x08002fac   0x08002fac   0x00000030   Code   RO          691    i.__ARM_common_ll_muluu  stm32f0xx_hal_rcc.o
    0x08002fdc   0x08002fdc   0x0000000e   Code   RO         2502    i._is_digit         c_p.l(__printf_wp.o)
    0x08002fea   0x08002fea   0x00000002   PAD
    0x08002fec   0x08002fec   0x000000c8   Code   RO           23    i.main              main.o
    0x080030b4   0x080030b4   0x00000020   Data   RO          616    .constdata          stm32f0xx_hal_rcc.o
    0x080030d4   0x080030d4   0x00000018   Data   RO         2388    .constdata          system_stm32f0xx.o
    0x080030ec   0x080030ec   0x00000028   Data   RO         2475    .constdata          c_p.l(_printf_hex_int.o)
    0x08003114   0x08003114   0x00000011   Data   RO         2505    .constdata          c_p.l(__printf_flags_wp.o)
    0x08003125   0x08003125   0x00000003   PAD
    0x08003128   0x08003128   0x00000020   Data   RO         3024    Region$$Table       anon$$obj.o


    Execution Region RW_IRAM1 (Exec base: 0x20000000, Load base: 0x08003148, Size: 0x00000738, Max: 0x00001800, ABSOLUTE)

    Exec Addr    Load Addr    Size         Type   Attr      Idx    E Section Name        Object

    0x20000000   0x08003148   0x00000014   Data   RW           37    .data               main.o
    0x20000014   0x0800315c   0x00000009   Data   RW          843    .data               stm32f0xx_hal.o
    0x2000001d   0x08003165   0x00000003   PAD
    0x20000020   0x08003168   0x00000004   Data   RW         2389    .data               system_stm32f0xx.o
    0x20000024        -       0x000000b0   Zero   RW           36    .bss                main.o
    0x200000d4        -       0x00000060   Zero   RW         2786    .bss                c_p.l(libspace.o)
    0x20000134   0x0800316c   0x00000004   PAD
    0x20000138        -       0x00000200   Zero   RW            2    HEAP                startup_stm32f042x6.o
    0x20000338        -       0x00000400   Zero   RW            1    STACK               startup_stm32f042x6.o


==============================================================================

Image component sizes


      Code (inc. data)   RO Data    RW Data    ZI Data      Debug   Object Name

       670         74          0         20        176     443604   main.o
       178          0          0          0          0       1828   smart_battery.o
       116         56        192          0       1536        632   startup_stm32f042x6.o
       196         38          0          9          0       8417   stm32f0xx_hal.o
      2400          0          0          0          0      13721   stm32f0xx_hal_can.o
       222         26          0          0          0      10181   stm32f0xx_hal_cortex.o
       480         20          0          0          0       1328   stm32f0xx_hal_gpio.o
      1934         38          0          0          0      10090   stm32f0xx_hal_i2c.o
       222          0          0          0          0       1827   stm32f0xx_hal_i2c_ex.o
       340         22          0          0          0       2102   stm32f0xx_hal_msp.o
      2240         60         32          0          0       4080   stm32f0xx_hal_rcc.o
       392         14          0          0          0       1476   stm32f0xx_hal_rcc_ex.o
        36          6          0          0          0       2400   stm32f0xx_it.o
         2          0         24          4          0       1043   system_stm32f0xx.o

    ----------------------------------------------------------------------
      9440        354        280         36       1712     502729   Object Totals
         0          0         32          0          0          0   (incl. Generated)
        12          0          0          3          0          0   (incl. Padding)

    ----------------------------------------------------------------------

      Code (inc. data)   RO Data    RW Data    ZI Data      Debug   Library Member Name

         8          0          0          0          0         68   __main.o
       312          6         17          0          0         76   __printf_flags_wp.o
        14          0          0          0          0         60   __printf_wp.o
         0          0          0          0          0          0   __rtentry.o
        12          0          0          0          0          0   __rtentry2.o
         6          0          0          0          0          0   __rtentry4.o
        60          8          0          0          0          0   __scatter.o
        26          0          0          0          0          0   __scatter_copy.o
        28          0          0          0          0          0   __scatter_zi.o
        48          6          0          0          0         88   _printf_char_common.o
        88          4         40          0          0         72   _printf_hex_int.o
       176          0          0          0          0         84   _printf_intcommon.o
        78          0          0          0          0        100   _printf_pad.o
         2          0          0          0          0          0   _printf_percent.o
         4          0          0          0          0          0   _printf_percent_end.o
        10          0          0          0          0          0   _printf_x.o
        10          0          0          0          0         60   _sputc.o
        20          0          0          0          0         68   abort.o
       346          0          0          0          0         92   aeabi_sdiv.o
        48         34          0          0          0         68   defsig_abrt_inner.o
        12          0          0          0          0         68   defsig_abrt_outer.o
        12          0          0          0          0         68   defsig_exit.o
        52          0          0          0          0         72   defsig_general.o
        80         58          0          0          0         68   defsig_rtmem_inner.o
        12          0          0          0          0         68   defsig_rtmem_outer.o
        16          0          0          0          0         68   exit.o
        98          0          0          0          0         72   h1_alloc.o
        52          0          0          0          0         68   h1_extend.o
        76          0          0          0          0         72   h1_free.o
        14          0          0          0          0         76   h1_init.o
         6          0          0          0          0        136   heapauxi.o
         4          0          0          0          0        120   hguard.o
         0          0          0          0          0          0   indicate_semi.o
       136          0          0          0          0        160   init_alloc.o
         2          0          0          0          0          0   libinit.o
        10          0          0          0          0          0   libinit2.o
         2          0          0          0          0          0   libshutdown.o
         2          0          0          0          0          0   libshutdown2.o
         8          4          0          0         96         68   libspace.o
       258          0          0          0          0         88   lludiv.o
         0          0          0          0          0          0   maybetermalloc1.o
        40          4          0          0          0         84   noretval__2sprintf.o
         8          4          0          0          0         68   rt_eh_globals_addr_intlibspace.o
         8          4          0          0          0         68   rt_heap_descriptor_intlibspace.o
        64          0          0          0          0        108   rt_memclr.o
       186          0          0          0          0        144   rt_memcpy.o
         8          4          0          0          0         68   rt_new_handler_addr_intlibspace.o
         2          0          0          0          0          0   rtexit.o
        10          0          0          0          0          0   rtexit2.o
        12          4          0          0          0         60   sys_exit.o
        62          0          0          0          0         80   sys_stackheap_outer.o
        12          0          0          0          0         68   sys_wrch.o
         2          0          0          0          0         68   use_no_semi.o
        84         12          0          0          0         96   arm_exceptions_globs.o
        66          0          0          0          0        100   arm_exceptions_mem.o
        28          0          0          0          0         68   arm_exceptions_terminate.o
         8          0          0          0          0         68   arm_newhandler_noexceptions.o
         8          0          0          0          0         68   array_del.o
         8          0          0          0          0         68   array_new.o
         8          0          0          0          0         68   delete.o
        40          4          0          0          0         68   new.o

    ----------------------------------------------------------------------
      2836        156         60          0        100       3528   Library Totals
        24          0          3          0          4          0   (incl. Padding)

    ----------------------------------------------------------------------

      Code (inc. data)   RO Data    RW Data    ZI Data      Debug   Library Name

      2562        140         57          0         96       2924   c_p.l
       250         16          0          0          0        604   cpprt_p.l

    ----------------------------------------------------------------------
      2836        156         60          0        100       3528   Library Totals

    ----------------------------------------------------------------------

==============================================================================


      Code (inc. data)   RO Data    RW Data    ZI Data      Debug   

     12276        510        340         36       1812     501417   Grand Totals
     12276        510        340         36       1812     501417   ELF Image Totals
     12276        510        340         36          0          0   ROM Totals

==============================================================================

    Total RO  Size (Code + RO Data)                12616 (  12.32kB)
    Total RW  Size (RW Data + ZI Data)              1848 (   1.80kB)
    Total ROM Size (Code + RO Data + RW Data)      12652 (  12.36kB)

==============================================================================

