Component: ARM Compiler 5.06 update 6 (build 750) Tool: armlink [4d35ed]

==============================================================================

Section Cross References

    startup_stm32f042x6.o(STACK) refers (Special) to heapauxi.o(.text) for __use_two_region_memory
    startup_stm32f042x6.o(HEAP) refers (Special) to heapauxi.o(.text) for __use_two_region_memory
    startup_stm32f042x6.o(RESET) refers (Special) to heapauxi.o(.text) for __use_two_region_memory
    startup_stm32f042x6.o(RESET) refers to startup_stm32f042x6.o(STACK) for __initial_sp
    startup_stm32f042x6.o(RESET) refers to startup_stm32f042x6.o(.text) for Reset_Handler
    startup_stm32f042x6.o(RESET) refers to stm32f0xx_it.o(i.NMI_Handler) for NMI_Handler
    startup_stm32f042x6.o(RESET) refers to stm32f0xx_it.o(i.HardFault_Handler) for HardFault_Handler
    startup_stm32f042x6.o(RESET) refers to stm32f0xx_it.o(i.SVC_Handler) for SVC_Handler
    startup_stm32f042x6.o(RESET) refers to stm32f0xx_it.o(i.PendSV_Handler) for PendSV_Handler
    startup_stm32f042x6.o(RESET) refers to stm32f0xx_it.o(i.SysTick_Handler) for SysTick_Handler
    startup_stm32f042x6.o(RESET) refers to stm32f0xx_it.o(i.TIM14_IRQHandler) for TIM14_IRQHandler
    startup_stm32f042x6.o(RESET) refers to stm32f0xx_it.o(i.CEC_CAN_IRQHandler) for CEC_CAN_IRQHandler
    startup_stm32f042x6.o(.text) refers (Special) to heapauxi.o(.text) for __use_two_region_memory
    startup_stm32f042x6.o(.text) refers to startup_stm32f042x6.o(STACK) for __initial_sp
    startup_stm32f042x6.o(.text) refers to system_stm32f0xx.o(i.SystemInit) for SystemInit
    startup_stm32f042x6.o(.text) refers to __main.o(!!!main) for __main
    startup_stm32f042x6.o(.text) refers to startup_stm32f042x6.o(HEAP) for Heap_Mem
    main.o(i.HAL_CAN_RxFifo0MsgPendingCallback) refers to stm32f0xx_hal_can.o(i.HAL_CAN_GetRxMessage) for HAL_CAN_GetRxMessage
    main.o(i.HAL_CAN_RxFifo0MsgPendingCallback) refers to main.o(i._Z8check_txv) for check_tx()
    main.o(i.HAL_CAN_RxFifo0MsgPendingCallback) refers to main.o(.data) for RxData
    main.o(i.HAL_CAN_RxFifo0MsgPendingCallback) refers to main.o(.bss) for RxHeader
    main.o(i.HAL_TIM_PeriodElapsedCallback) refers to main.o(.data) for time
    main.o(i._Z18CAN_SendFlyingDataP12SmartBattery) refers to smart_battery.o(i._ZN12SmartBattery13GetFlightDataEv) for SmartBattery::GetFlightData()
    main.o(i._Z18CAN_SendFlyingDataP12SmartBattery) refers to stm32f0xx_hal_can.o(i.HAL_CAN_AddTxMessage) for HAL_CAN_AddTxMessage
    main.o(i._Z18CAN_SendFlyingDataP12SmartBattery) refers to stm32f0xx_hal.o(i.HAL_Delay) for HAL_Delay
    main.o(i._Z18CAN_SendFlyingDataP12SmartBattery) refers to delete.o(i._ZdlPv) for operator delete (void*)
    main.o(i._Z18CAN_SendFlyingDataP12SmartBattery) refers to main.o(.bss) for TxHeader
    main.o(i._Z18CAN_SendFlyingDataP12SmartBattery) refers to main.o(.data) for TxMailbox
    main.o(i._Z18SystemClock_Configv) refers to rt_memclr.o(.text) for __aeabi_memclr4
    main.o(i._Z18SystemClock_Configv) refers to stm32f0xx_hal_rcc.o(i.HAL_RCC_OscConfig) for HAL_RCC_OscConfig
    main.o(i._Z18SystemClock_Configv) refers to main.o(i.Error_Handler) for Error_Handler
    main.o(i._Z18SystemClock_Configv) refers to stm32f0xx_hal_rcc.o(i.HAL_RCC_ClockConfig) for HAL_RCC_ClockConfig
    main.o(i._Z18SystemClock_Configv) refers to stm32f0xx_hal_rcc_ex.o(i.HAL_RCCEx_PeriphCLKConfig) for HAL_RCCEx_PeriphCLKConfig
    main.o(i._Z20CAN_SaveFalshRegularP12SmartBatteryP13InternalFLASH) refers to array_new.o(i._Znaj) for operator new[] (unsigned)
    main.o(i._Z20CAN_SaveFalshRegularP12SmartBatteryP13InternalFLASH) refers to smart_battery.o(i._ZN12SmartBattery7GetDataEv) for SmartBattery::GetData()
    main.o(i._Z20CAN_SaveFalshRegularP12SmartBatteryP13InternalFLASH) refers to rt_memcpy.o(.text) for __aeabi_memcpy
    main.o(i._Z20CAN_SaveFalshRegularP12SmartBatteryP13InternalFLASH) refers to delete.o(i._ZdlPv) for operator delete (void*)
    main.o(i._Z20CAN_SaveFalshRegularP12SmartBatteryP13InternalFLASH) refers to new.o(i._Znwj) for operator new(unsigned)
    main.o(i._Z20CAN_SaveFalshRegularP12SmartBatteryP13InternalFLASH) refers to flash_driver.o(i._ZN9FlashDataC1EPhjP9FlashMeta) for FlashData::FlashData(unsigned char*, unsigned, FlashMeta*)
    main.o(i._Z20CAN_SaveFalshRegularP12SmartBatteryP13InternalFLASH) refers to flash_driver.o(i._ZN13InternalFLASH9WriteDataEP9FlashData) for InternalFLASH::WriteData(FlashData*)
    main.o(i._Z21CAN_SendDataFromFlashP13InternalFLASH) refers to array_new.o(i._Znaj) for operator new[] (unsigned)
    main.o(i._Z21CAN_SendDataFromFlashP13InternalFLASH) refers to rt_memcpy.o(.text) for __aeabi_memcpy
    main.o(i._Z21CAN_SendDataFromFlashP13InternalFLASH) refers to stm32f0xx_hal_can.o(i.HAL_CAN_AddTxMessage) for HAL_CAN_AddTxMessage
    main.o(i._Z21CAN_SendDataFromFlashP13InternalFLASH) refers to stm32f0xx_hal.o(i.HAL_Delay) for HAL_Delay
[...]
    .ARM.Collect$$libinit$$00000011          0x08000146   Section        0  libinit2.o(.ARM.Collect$$libinit$$00000011)
    .ARM.Collect$$libinit$$00000013          0x08000146   Section        0  libinit2.o(.ARM.Collect$$libinit$$00000013)
    .ARM.Collect$$libinit$$00000015          0x08000146   Section        0  libinit2.o(.ARM.Collect$$libinit$$00000015)
    .ARM.Collect$$libinit$$00000017          0x08000146   Section        0  libinit2.o(.ARM.Collect$$libinit$$00000017)
    .ARM.Collect$$libinit$$00000019          0x08000146   Section        0  libinit2.o(.ARM.Collect$$libinit$$00000019)
    .ARM.Collect$$libinit$$0000001B          0x08000146   Section        0  libinit2.o(.ARM.Collect$$libinit$$0000001B)
    .ARM.Collect$$libinit$$0000001D          0x08000146   Section        0  libinit2.o(.ARM.Collect$$libinit$$0000001D)
    .ARM.Collect$$libinit$$0000001F          0x08000146   Section        0  libinit2.o(.ARM.Collect$$libinit$$0000001F)
    .ARM.Collect$$libinit$$00000021          0x08000146   Section        0  libinit2.o(.ARM.Collect$$libinit$$00000021)
    .ARM.Collect$$libinit$$00000023          0x08000146   Section        0  libinit2.o(.ARM.Collect$$libinit$$00000023)
    .ARM.Collect$$libinit$$00000025          0x08000146   Section        0  libinit2.o(.ARM.Collect$$libinit$$00000025)
    .ARM.Collect$$libinit$$0000002C          0x08000146   Section        0  libinit2.o(.ARM.Collect$$libinit$$0000002C)
    .ARM.Collect$$libinit$$0000002E          0x08000146   Section        0  libinit2.o(.ARM.Collect$$libinit$$0000002E)
    .ARM.Collect$$libinit$$00000030          0x08000146   Section        0  libinit2.o(.ARM.Collect$$libinit$$00000030)
    .ARM.Collect$$libinit$$00000031          0x08000146   Section        4  libinit2.o(.ARM.Collect$$libinit$$00000031)
    .ARM.Collect$$libinit$$00000032          0x0800014a   Section        0  libinit2.o(.ARM.Collect$$libinit$$00000032)
    .ARM.Collect$$libinit$$00000033          0x0800014a   Section        2  libinit2.o(.ARM.Collect$$libinit$$00000033)
    .ARM.Collect$$libshutdown$$00000000      0x0800014c   Section        2  libshutdown.o(.ARM.Collect$$libshutdown$$00000000)
    .ARM.Collect$$libshutdown$$00000002      0x0800014e   Section        0  libshutdown2.o(.ARM.Collect$$libshutdown$$00000002)
    .ARM.Collect$$libshutdown$$00000004      0x0800014e   Section        0  libshutdown2.o(.ARM.Collect$$libshutdown$$00000004)
    .ARM.Collect$$libshutdown$$00000007      0x0800014e   Section        0  libshutdown2.o(.ARM.Collect$$libshutdown$$00000007)
    .ARM.Collect$$libshutdown$$0000000A      0x0800014e   Section        0  libshutdown2.o(.ARM.Collect$$libshutdown$$0000000A)
    .ARM.Collect$$libshutdown$$0000000C      0x0800014e   Section        0  libshutdown2.o(.ARM.Collect$$libshutdown$$0000000C)
    .ARM.Collect$$libshutdown$$0000000F      0x0800014e   Section        0  libshutdown2.o(.ARM.Collect$$libshutdown$$0000000F)
    .ARM.Collect$$libshutdown$$00000010      0x0800014e   Section        2  libshutdown2.o(.ARM.Collect$$libshutdown$$00000010)
    .ARM.Collect$$rtentry$$00000000          0x08000150   Section        0  __rtentry.o(.ARM.Collect$$rtentry$$00000000)
    .ARM.Collect$$rtentry$$00000002          0x08000150   Section        0  __rtentry2.o(.ARM.Collect$$rtentry$$00000002)
    .ARM.Collect$$rtentry$$00000004          0x08000150   Section        6  __rtentry4.o(.ARM.Collect$$rtentry$$00000004)
    .ARM.Collect$$rtentry$$00000009          0x08000156   Section        0  __rtentry2.o(.ARM.Collect$$rtentry$$00000009)
    .ARM.Collect$$rtentry$$0000000A          0x08000156   Section        4  __rtentry2.o(.ARM.Collect$$rtentry$$0000000A)
    .ARM.Collect$$rtentry$$0000000C          0x0800015a   Section        0  __rtentry2.o(.ARM.Collect$$rtentry$$0000000C)
    .ARM.Collect$$rtentry$$0000000D          0x0800015a   Section        8  __rtentry2.o(.ARM.Collect$$rtentry$$0000000D)
    .ARM.Collect$$rtexit$$00000000           0x08000162   Section        2  rtexit.o(.ARM.Collect$$rtexit$$00000000)
    .ARM.Collect$$rtexit$$00000002           0x08000164   Section        0  rtexit2.o(.ARM.Collect$$rtexit$$00000002)
    .ARM.Collect$$rtexit$$00000003           0x08000164   Section        4  rtexit2.o(.ARM.Collect$$rtexit$$00000003)
    .ARM.Collect$$rtexit$$00000004           0x08000168   Section        6  rtexit2.o(.ARM.Collect$$rtexit$$00000004)
    .emb_text                                0x08000170   Section       56  rt_memcpy.o(.emb_text)
    .emb_text                                0x080001a8   Section        0  maybetermalloc1.o(.emb_text)
    .text                                    0x080001a8   Section      116  startup_stm32f042x6.o(.text)
    .text                                    0x0800021c   Section        0  llushr.o(.text)
    .text                                    0x0800023e   Section        0  lludiv.o(.text)
    .text                                    0x08000340   Section        0  strlen.o(.text)
    .text                                    0x08000384   Section        0  rt_memcpy.o(.text)
    .text                                    0x08000406   Section        0  rt_memclr.o(.text)
    .text                                    0x08000446   Section      346  aeabi_sdiv.o(.text)
    .text                                    0x080005a0   Section        0  heapauxi.o(.text)
    .text                                    0x080005a8   Section        0  init_aeabi.o(.text)
    .text                                    0x080005cc   Section        0  fdiv.o(.text)
    .text                                    0x0800072c   Section        0  ffixui.o(.text)
    .text                                    0x0800075c   Section        0  fflti.o(.text)
    .text                                    0x080007bc   Section        8  rt_new_handler_addr_intlibspace.o(.text)
    .text                                    0x080007c4   Section        0  h1_alloc.o(.text)
    .text                                    0x08000826   Section        0  h1_free.o(.text)
    .text                                    0x08000872   Section        0  arm_newhandler_noexceptions.o(.text)
    .text                                    0x0800087c   Section        8  libspace.o(.text)
    .text                                    0x08000884   Section        8  rt_heap_descriptor_intlibspace.o(.text)
    .text                                    0x0800088c   Section        0  hguard.o(.text)
    .text                                    0x08000890   Section        0  init_alloc.o(.text)
    .text                                    0x08000918   Section        0  h1_init.o(.text)
    .text                                    0x08000926   Section        0  arm_exceptions_terminate.o(.text)
    .text                                    0x08000942   Section       62  sys_stackheap_outer.o(.text)
    .text                                    0x08000980   Section        0  h1_extend.o(.text)
    .text                                    0x080009b4   Section        0  exit.o(.text)
    .text                                    0x080009c4   Section        0  abort.o(.text)
    .text                                    0x080009d8   Section        0  defsig_rtmem_outer.o(.text)
    .text                                    0x080009e4   Section        0  arm_exceptions_globs.o(.text)
    [local to arm_exceptions_c]::__default_terminate_handler() 0x080009e5   Thumb Code     6  arm_exceptions_globs.o(.text)
    .text                                    0x08000a38   Section        0  sys_exit.o(.text)
    .text                                    0x08000a44   Section        2  use_no_semi.o(.text)
    .text                                    0x08000a46   Section        0  indicate_semi.o(.text)
    .text                                    0x08000a48   Section        8  rt_eh_globals_addr_intlibspace.o(.text)
    .text                                    0x08000a50   Section        0  defsig_exit.o(.text)
    .text                                    0x08000a5c   Section        0  defsig_abrt_outer.o(.text)
    .text                                    0x08000a68   Section        0  defsig_rtmem_inner.o(.text)
    .text                                    0x08000ab8   Section        0  arm_exceptions_mem.o(.text)
    .text                                    0x08000afa   Section        0  defsig_general.o(.text)
    .text                                    0x08000b30   Section        0  defsig_abrt_inner.o(.text)
    .text                                    0x08000b60   Section        0  sys_wrch.o(.text)
    i.CEC_CAN_IRQHandler                     0x08000b6c   Section        0  stm32f0xx_it.o(i.CEC_CAN_IRQHandler)
    i.Error_Handler                          0x08000b7c   Section        0  main.o(i.Error_Handler)
    i.FLASH_WaitForLastOperation             0x08000b84   Section        0  stm32f0xx_hal_flash.o(i.FLASH_WaitForLastOperation)
    i.HAL_CAN_ActivateNotification           0x08000bec   Section        0  stm32f0xx_hal_can.o(i.HAL_CAN_ActivateNotification)
    i.HAL_CAN_ConfigFilter                   0x08000c18   Section        0  stm32f0xx_hal_can.o(i.HAL_CAN_ConfigFilter)
    i.HAL_CAN_ErrorCallback                  0x08000d56   Section        0  stm32f0xx_hal_can.o(i.HAL_CAN_ErrorCallback)
    i.HAL_CAN_GetRxMessage                   0x08000d58   Section        0  stm32f0xx_hal_can.o(i.HAL_CAN_GetRxMessage)
    i.HAL_CAN_IRQHandler                     0x08000efe   Section        0  stm32f0xx_hal_can.o(i.HAL_CAN_IRQHandler)
    i.HAL_CAN_Init                           0x080011d2   Section        0  stm32f0xx_hal_can.o(i.HAL_CAN_Init)
    i.HAL_CAN_MspInit                        0x08001350   Section        0  stm32f0xx_hal_msp.o(i.HAL_CAN_MspInit)
    i.HAL_CAN_RxFifo0FullCallback            0x080013e0   Section        0  stm32f0xx_hal_can.o(i.HAL_CAN_RxFifo0FullCallback)
    i.HAL_CAN_RxFifo0MsgPendingCallback      0x080013e4   Section        0  main.o(i.HAL_CAN_RxFifo0MsgPendingCallback)
    i.HAL_CAN_RxFifo1FullCallback            0x08001438   Section        0  stm32f0xx_hal_can.o(i.HAL_CAN_RxFifo1FullCallback)
    i.HAL_CAN_RxFifo1MsgPendingCallback      0x0800143a   Section        0  stm32f0xx_hal_can.o(i.HAL_CAN_RxFifo1MsgPendingCallback)
    i.HAL_CAN_SleepCallback                  0x0800143c   Section        0  stm32f0xx_hal_can.o(i.HAL_CAN_SleepCallback)
    i.HAL_CAN_Start                          0x0800143e   Section        0  stm32f0xx_hal_can.o(i.HAL_CAN_Start)
    i.HAL_CAN_TxMailbox0AbortCallback        0x080014a0   Section        0  stm32f0xx_hal_can.o(i.HAL_CAN_TxMailbox0AbortCallback)
    i.HAL_CAN_TxMailbox0CompleteCallback     0x080014a2   Section        0  stm32f0xx_hal_can.o(i.HAL_CAN_TxMailbox0CompleteCallback)
    i.HAL_CAN_TxMailbox1AbortCallback        0x080014a4   Section        0  stm32f0xx_hal_can.o(i.HAL_CAN_TxMailbox1AbortCallback)
    i.HAL_CAN_TxMailbox1CompleteCallback     0x080014a6   Section        0  stm32f0xx_hal_can.o(i.HAL_CAN_TxMailbox1CompleteCallback)
    i.HAL_CAN_TxMailbox2AbortCallback        0x080014a8   Section        0  stm32f0xx_hal_can.o(i.HAL_CAN_TxMailbox2AbortCallback)
    i.HAL_CAN_TxMailbox2CompleteCallback     0x080014aa   Section        0  stm32f0xx_hal_can.o(i.HAL_CAN_TxMailbox2CompleteCallback)
    i.HAL_CAN_WakeUpFromRxMsgCallback        0x080014ac   Section        0  stm32f0xx_hal_can.o(i.HAL_CAN_WakeUpFromRxMsgCallback)
    i.HAL_Delay                              0x080014b0   Section        0  stm32f0xx_hal.o(i.HAL_Delay)
    i.HAL_FLASH_Lock                         0x080014dc   Section        0  stm32f0xx_hal_flash.o(i.HAL_FLASH_Lock)
    i.HAL_FLASH_Program                      0x080014f0   Section        0  stm32f0xx_hal_flash.o(i.HAL_FLASH_Program)
    i.HAL_FLASH_Unlock                       0x080015ac   Section        0  stm32f0xx_hal_flash.o(i.HAL_FLASH_Unlock)
    i.HAL_GPIO_Init                          0x080015e0   Section        0  stm32f0xx_hal_gpio.o(i.HAL_GPIO_Init)
    i.HAL_GetTick                            0x080017c0   Section        0  stm32f0xx_hal.o(i.HAL_GetTick)
    i.HAL_I2CEx_ConfigAnalogFilter           0x080017cc   Section        0  stm32f0xx_hal_i2c_ex.o(i.HAL_I2CEx_ConfigAnalogFilter)
    i.HAL_I2CEx_ConfigDigitalFilter          0x0800183a   Section        0  stm32f0xx_hal_i2c_ex.o(i.HAL_I2CEx_ConfigDigitalFilter)
    i.HAL_I2C_Init                           0x080018ac   Section        0  stm32f0xx_hal_i2c.o(i.HAL_I2C_Init)
    i.HAL_I2C_Master_Receive                 0x08001980   Section        0  stm32f0xx_hal_i2c.o(i.HAL_I2C_Master_Receive)
    i.HAL_I2C_Master_Transmit                0x08001aec   Section        0  stm32f0xx_hal_i2c.o(i.HAL_I2C_Master_Transmit)
    i.HAL_I2C_MspInit                        0x08001c58   Section        0  stm32f0xx_hal_msp.o(i.HAL_I2C_MspInit)
    i.HAL_IncTick                            0x08001cdc   Section        0  stm32f0xx_hal.o(i.HAL_IncTick)
    i.HAL_Init                               0x08001cf4   Section        0  stm32f0xx_hal.o(i.HAL_Init)
    i.HAL_InitTick                           0x08001d14   Section        0  stm32f0xx_hal.o(i.HAL_InitTick)
    i.HAL_MspInit                            0x08001d68   Section        0  stm32f0xx_hal_msp.o(i.HAL_MspInit)
    i.HAL_NVIC_EnableIRQ                     0x08001da8   Section        0  stm32f0xx_hal_cortex.o(i.HAL_NVIC_EnableIRQ)
    i.HAL_NVIC_SetPriority                   0x08001dc4   Section        0  stm32f0xx_hal_cortex.o(i.HAL_NVIC_SetPriority)
    i.HAL_RCCEx_PeriphCLKConfig              0x08001dd8   Section        0  stm32f0xx_hal_rcc_ex.o(i.HAL_RCCEx_PeriphCLKConfig)
    i.HAL_RCC_ClockConfig                    0x08001f60   Section        0  stm32f0xx_hal_rcc.o(i.HAL_RCC_ClockConfig)
    i.HAL_RCC_GetSysClockFreq                0x080020e4   Section        0  stm32f0xx_hal_rcc.o(i.HAL_RCC_GetSysClockFreq)
    i.HAL_RCC_OscConfig                      0x080021b4   Section        0  stm32f0xx_hal_rcc.o(i.HAL_RCC_OscConfig)
    i.HAL_SYSTICK_Config                     0x080027f0   Section        0  stm32f0xx_hal_cortex.o(i.HAL_SYSTICK_Config)
    i.HAL_TIMEx_BreakCallback                0x08002828   Section        0  stm32f0xx_hal_tim_ex.o(i.HAL_TIMEx_BreakCallback)
    i.HAL_TIMEx_CommutCallback               0x0800282a   Section        0  stm32f0xx_hal_tim_ex.o(i.HAL_TIMEx_CommutCallback)
    i.HAL_TIM_Base_Init                      0x0800282c   Section        0  stm32f0xx_hal_tim.o(i.HAL_TIM_Base_Init)
    i.HAL_TIM_Base_MspInit                   0x08002890   Section        0  stm32f0xx_hal_msp.o(i.HAL_TIM_Base_MspInit)
    i.HAL_TIM_Base_Start_IT                  0x080028d4   Section        0  stm32f0xx_hal_tim.o(i.HAL_TIM_Base_Start_IT)
    i.HAL_TIM_IC_CaptureCallback             0x08002940   Section        0  stm32f0xx_hal_tim.o(i.HAL_TIM_IC_CaptureCallback)
    i.HAL_TIM_IRQHandler                     0x08002942   Section        0  stm32f0xx_hal_tim.o(i.HAL_TIM_IRQHandler)
    i.HAL_TIM_OC_DelayElapsedCallback        0x08002b0a   Section        0  stm32f0xx_hal_tim.o(i.HAL_TIM_OC_DelayElapsedCallback)
    i.HAL_TIM_PWM_PulseFinishedCallback      0x08002b0c   Section        0  stm32f0xx_hal_tim.o(i.HAL_TIM_PWM_PulseFinishedCallback)
    i.HAL_TIM_PeriodElapsedCallback          0x08002b10   Section        0  main.o(i.HAL_TIM_PeriodElapsedCallback)
    i.HAL_TIM_TriggerCallback                0x08002b20   Section        0  stm32f0xx_hal_tim.o(i.HAL_TIM_TriggerCallback)
    i.HardFault_Handler                      0x08002b22   Section        0  stm32f0xx_it.o(i.HardFault_Handler)
    i.NMI_Handler                            0x08002b26   Section        0  stm32f0xx_it.o(i.NMI_Handler)
    i.PendSV_Handler                         0x08002b2a   Section        0  stm32f0xx_it.o(i.PendSV_Handler)
    i.SVC_Handler                            0x08002b2c   Section        0  stm32f0xx_it.o(i.SVC_Handler)
    i.SysTick_Handler                        0x08002b2e   Section        0  stm32f0xx_it.o(i.SysTick_Handler)
    i.SystemInit                             0x08002b36   Section        0  system_stm32f0xx.o(i.SystemInit)
    i.TIM14_IRQHandler                       0x08002b38   Section        0  stm32f0xx_it.o(i.TIM14_IRQHandler)
    i.TIM_Base_SetConfig                     0x08002b48   Section        0  stm32f0xx_hal_tim.o(i.TIM_Base_SetConfig)
    i._Z18SystemClock_Configv                0x08002be8   Section        0  main.o(i._Z18SystemClock_Configv)
    i._Z8check_txv                           0x08002c68   Section        0  main.o(i._Z8check_txv)
    i._Z9SaveEventP12SmartBatteryP13InternalFLASH 0x08002c6a   Section        0  main.o(i._Z9SaveEventP12SmartBatteryP13InternalFLASH)
    i._ZN12SmartBattery3CMDEh                0x08002cbc   Section        0  smart_battery.o(i._ZN12SmartBattery3CMDEh)
    i._ZN12SmartBattery7GetDataEv            0x08002ce4   Section        0  smart_battery.o(i._ZN12SmartBattery7GetDataEv)
    i._ZN12SmartBatteryC1EP19__I2C_HandleTypeDef 0x08002da2   Section        0  smart_battery.o(i._ZN12SmartBatteryC1EP19__I2C_HandleTypeDef)
    i._ZN13InternalFLASH8ReadDataEi          0x08002daa   Section        0  flash_driver.o(i._ZN13InternalFLASH8ReadDataEi)
    i._ZN13InternalFLASH9WriteDataEP9FlashData 0x08002e26   Section        0  flash_driver.o(i._ZN13InternalFLASH9WriteDataEP9FlashData)
    i._ZN13InternalFLASH9find_pageEj         0x08002ed8   Section        0  flash_driver.o(i._ZN13InternalFLASH9find_pageEj)
    i._ZN13InternalFLASHC1Ev                 0x08002f48   Section        0  flash_driver.o(i._ZN13InternalFLASHC1Ev)
    i._ZN26_INTERNAL_8_main_cpp_flash11MX_CAN_InitEv 0x08002fa8   Section        0  main.o(i._ZN26_INTERNAL_8_main_cpp_flash11MX_CAN_InitEv)
    [local to main_cpp]::MX_CAN_Init()       0x08002fa9   Thumb Code   112  main.o(i._ZN26_INTERNAL_8_main_cpp_flash11MX_CAN_InitEv)
    i._ZN26_INTERNAL_8_main_cpp_flash12MX_GPIO_InitEv 0x08003020   Section        0  main.o(i._ZN26_INTERNAL_8_main_cpp_flash12MX_GPIO_InitEv)
    [local to main_cpp]::MX_GPIO_Init()      0x08003021   Thumb Code    36  main.o(i._ZN26_INTERNAL_8_main_cpp_flash12MX_GPIO_InitEv)
    i._ZN26_INTERNAL_8_main_cpp_flash12MX_I2C1_InitEv 0x08003048   Section        0  main.o(i._ZN26_INTERNAL_8_main_cpp_flash12MX_I2C1_InitEv)
    [local to main_cpp]::MX_I2C1_Init()      0x08003049   Thumb Code    80  main.o(i._ZN26_INTERNAL_8_main_cpp_flash12MX_I2C1_InitEv)
    i._ZN26_INTERNAL_8_main_cpp_flash13MX_TIM14_InitEv 0x080030a4   Section        0  main.o(i._ZN26_INTERNAL_8_main_cpp_flash13MX_TIM14_InitEv)
    [local to main_cpp]::MX_TIM14_Init()     0x080030a5   Thumb Code    44  main.o(i._ZN26_INTERNAL_8_main_cpp_flash13MX_TIM14_InitEv)
    i._ZN41_INTERNAL_19_stm32f0xx_hal_i2c_c_0eb271f414I2C_Flush_TXDREP19__I2C_HandleTypeDef 0x080030dc   Section        0  stm32f0xx_hal_i2c.o(i._ZN41_INTERNAL_19_stm32f0xx_hal_i2c_c_0eb271f414I2C_Flush_TXDREP19__I2C_HandleTypeDef)
    [local to stm32f0xx_hal_i2c_c]::I2C_Flush_TXDR(__I2C_HandleTypeDef*) 0x080030dd   Thumb Code    50  stm32f0xx_hal_i2c.o(i._ZN41_INTERNAL_19_stm32f0xx_hal_i2c_c_0eb271f414I2C_Flush_TXDREP19__I2C_HandleTypeDef)
    i._ZN41_INTERNAL_19_stm32f0xx_hal_i2c_c_0eb271f418I2C_TransferConfigEP19__I2C_HandleTypeDefthjj 0x08003110   Section        0  stm32f0xx_hal_i2c.o(i._ZN41_INTERNAL_19_stm32f0xx_hal_i2c_c_0eb271f418I2C_TransferConfigEP19__I2C_HandleTypeDefthjj)
    [local to stm32f0xx_hal_i2c_c]::I2C_TransferConfig(__I2C_HandleTypeDef*, unsigned short, unsigned char, unsigned, unsigned) 0x08003111   Thumb Code    56  stm32f0xx_hal_i2c.o(i._ZN41_INTERNAL_19_stm32f0xx_hal_i2c_c_0eb271f418I2C_TransferConfigEP19__I2C_HandleTypeDefthjj)
    i._ZN41_INTERNAL_19_stm32f0xx_hal_i2c_c_0eb271f419I2C_IsErrorOccurredEP19__I2C_HandleTypeDefjj 0x0800314c   Section        0  stm32f0xx_hal_i2c.o(i._ZN41_INTERNAL_19_stm32f0xx_hal_i2c_c_0eb271f419I2C_IsErrorOccurredEP19__I2C_HandleTypeDefjj)
    [local to stm32f0xx_hal_i2c_c]::I2C_IsErrorOccurred(__I2C_HandleTypeDef*, unsigned, unsigned) 0x0800314d   Thumb Code   344  stm32f0xx_hal_i2c.o(i._ZN41_INTERNAL_19_stm32f0xx_hal_i2c_c_0eb271f419I2C_IsErrorOccurredEP19__I2C_HandleTypeDefjj)
    i._ZN41_INTERNAL_19_stm32f0xx_hal_i2c_c_0eb271f426I2C_WaitOnFlagUntilTimeoutEP19__I2C_HandleTypeDefj10FlagStatusjj 0x080032a8   Section        0  stm32f0xx_hal_i2c.o(i._ZN41_INTERNAL_19_stm32f0xx_hal_i2c_c_0eb271f426I2C_WaitOnFlagUntilTimeoutEP19__I2C_HandleTypeDefj10FlagStatusjj)
    [local to stm32f0xx_hal_i2c_c]::I2C_WaitOnFlagUntilTimeout(__I2C_HandleTypeDef*, unsigned, FlagStatus, unsigned, unsigned) 0x080032a9   Thumb Code   108  stm32f0xx_hal_i2c.o(i._ZN41_INTERNAL_19_stm32f0xx_hal_i2c_c_0eb271f426I2C_WaitOnFlagUntilTimeoutEP19__I2C_HandleTypeDefj10FlagStatusjj)
    i._ZN41_INTERNAL_19_stm32f0xx_hal_i2c_c_0eb271f430I2C_WaitOnRXNEFlagUntilTimeoutEP19__I2C_HandleTypeDefjj 0x08003314   Section        0  stm32f0xx_hal_i2c.o(i._ZN41_INTERNAL_19_stm32f0xx_hal_i2c_c_0eb271f430I2C_WaitOnRXNEFlagUntilTimeoutEP19__I2C_HandleTypeDefjj)
    [local to stm32f0xx_hal_i2c_c]::I2C_WaitOnRXNEFlagUntilTimeout(__I2C_HandleTypeDef*, unsigned, unsigned) 0x08003315   Thumb Code   210  stm32f0xx_hal_i2c.o(i._ZN41_INTERNAL_19_stm32f0xx_hal_i2c_c_0eb271f430I2C_WaitOnRXNEFlagUntilTimeoutEP19__I2C_HandleTypeDefjj)
    i._ZN41_INTERNAL_19_stm32f0xx_hal_i2c_c_0eb271f430I2C_WaitOnSTOPFlagUntilTimeoutEP19__I2C_HandleTypeDefjj 0x080033ec   Section        0  stm32f0xx_hal_i2c.o(i._ZN41_INTERNAL_19_stm32f0xx_hal_i2c_c_0eb271f430I2C_WaitOnSTOPFlagUntilTimeoutEP19__I2C_HandleTypeDefjj)
    [local to stm32f0xx_hal_i2c_c]::I2C_WaitOnSTOPFlagUntilTimeout(__I2C_HandleTypeDef*, unsigned, unsigned) 0x080033ed   Thumb Code   102  stm32f0xx_hal_i2c.o(i._ZN41_INTERNAL_19_stm32f0xx_hal_i2c_c_0eb271f430I2C_WaitOnSTOPFlagUntilTimeoutEP19__I2C_HandleTypeDefjj)
    i._ZN41_INTERNAL_19_stm32f0xx_hal_i2c_c_0eb271f430I2C_WaitOnTXISFlagUntilTimeoutEP19__I2C_HandleTypeDefjj 0x08003452   Section        0  stm32f0xx_hal_i2c.o(i._ZN41_INTERNAL_19_stm32f0xx_hal_i2c_c_0eb271f430I2C_WaitOnTXISFlagUntilTimeoutEP19__I2C_HandleTypeDefjj)
    [local to stm32f0xx_hal_i2c_c]::I2C_WaitOnTXISFlagUntilTimeout(__I2C_HandleTypeDef*, unsigned, unsigned) 0x08003453   Thumb Code   110  stm32f0xx_hal_i2c.o(i._ZN41_INTERNAL_19_stm32f0xx_hal_i2c_c_0eb271f430I2C_WaitOnTXISFlagUntilTimeoutEP19__I2C_HandleTypeDefjj)
    i._ZN43_INTERNAL_21_stm32f0xx_hal_flash_c_48aa8f3e18FLASH_SetErrorCodeEv 0x080034c0   Section        0  stm32f0xx_hal_flash.o(i._ZN43_INTERNAL_21_stm32f0xx_hal_flash_c_48aa8f3e18FLASH_SetErrorCodeEv)
    [local to stm32f0xx_hal_flash_c]::FLASH_SetErrorCode() 0x080034c1   Thumb Code    64  stm32f0xx_hal_flash.o(i._ZN43_INTERNAL_21_stm32f0xx_hal_flash_c_48aa8f3e18FLASH_SetErrorCodeEv)
    i._ZN43_INTERNAL_21_stm32f0xx_hal_flash_c_48aa8f3e22FLASH_Program_HalfWordEjt 0x08003508   Section        0  stm32f0xx_hal_flash.o(i._ZN43_INTERNAL_21_stm32f0xx_hal_flash_c_48aa8f3e22FLASH_Program_HalfWordEjt)
    [local to stm32f0xx_hal_flash_c]::FLASH_Program_HalfWord(unsigned, unsigned short) 0x08003509   Thumb Code    22  stm32f0xx_hal_flash.o(i._ZN43_INTERNAL_21_stm32f0xx_hal_flash_c_48aa8f3e22FLASH_Program_HalfWordEjt)
    i._ZN44_INTERNAL_22_stm32f0xx_hal_cortex_c_910ac08718__NVIC_SetPriorityE9IRQn_Typej 0x08003528   Section        0  stm32f0xx_hal_cortex.o(i._ZN44_INTERNAL_22_stm32f0xx_hal_cortex_c_910ac08718__NVIC_SetPriorityE9IRQn_Typej)
    [local to stm32f0xx_hal_cortex_c]::__NVIC_SetPriority(IRQn_Type, unsigned) 0x08003529   Thumb Code   110  stm32f0xx_hal_cortex.o(i._ZN44_INTERNAL_22_stm32f0xx_hal_cortex_c_910ac08718__NVIC_SetPriorityE9IRQn_Typej)
    i._ZN4DataC1EPhjhh                       0x080035a0   Section        0  flash_driver.o(i._ZN4DataC1EPhjhh)
    i._ZN9FlashDataC1EPhjP9FlashMeta         0x080035d0   Section        0  flash_driver.o(i._ZN9FlashDataC1EPhjP9FlashMeta)
    i._ZSt4ceilf                             0x08003650   Section        0  flash_driver.o(i._ZSt4ceilf)
    i._ZdlPv                                 0x0800365c   Section        0  delete.o(i._ZdlPv)
    i._Znaj                                  0x08003664   Section        0  array_new.o(i._Znaj)
    i._Znwj                                  0x0800366c   Section        0  new.o(i._Znwj)
    i.__ARM_common_ll_muluu                  0x08003694   Section        0  stm32f0xx_hal_rcc.o(i.__ARM_common_ll_muluu)
    i.__sti___8_main_cpp_flash               0x080036c4   Section        0  main.o(i.__sti___8_main_cpp_flash)
    __sti___8_main_cpp_flash                 0x080036c5   Thumb Code    18  main.o(i.__sti___8_main_cpp_flash)
    i.ceilf                                  0x080036e4   Section        0  ceilf.o(i.ceilf)
    i.main                                   0x0800374c   Section        0  main.o(i.main)
    x$fpl$fadd                               0x08003804   Section      140  faddsub.o(x$fpl$fadd)
    _fadd1                                   0x08003811   Thumb Code     0  faddsub.o(x$fpl$fadd)
    x$fpl$fsub                               0x08003890   Section      208  faddsub.o(x$fpl$fsub)
    _fsub1                                   0x0800389d   Thumb Code     0  faddsub.o(x$fpl$fsub)
    .constdata                               0x08003960   Section       32  stm32f0xx_hal_rcc.o(.constdata)
    x$fpl$usenofp                            0x08003960   Section        0  usenofp.o(x$fpl$usenofp)
    HAL_RCC_GetSysClockFreq::aPLLMULFactorTable 0x08003960   Data          16  stm32f0xx_hal_rcc.o(.constdata)
    HAL_RCC_GetSysClockFreq::aPredivFactorTable 0x08003970   Data          16  stm32f0xx_hal_rcc.o(.constdata)
    .constdata                               0x08003980   Section       24  system_stm32f0xx.o(.constdata)
    .constdata                               0x08003998   Section       64  fdiv.o(.constdata)
    fdiv_tab                                 0x08003998   Data          64  fdiv.o(.constdata)
    .init_array                              0x080039f8   Section        4  main.o(.init_array)
    .init_array                              0x080039fc   Section        0  init_aeabi.o(.init_array)
    .data                                    0x20000000   Section       32  main.o(.data)
    .data                                    0x20000020   Section        9  stm32f0xx_hal.o(.data)
    .data                                    0x2000002c   Section        4  system_stm32f0xx.o(.data)
    .data                                    0x20000030   Section       13  flash_driver.o(.data)
    .bss                                     0x20000040   Section      288  main.o(.bss)
    .bss                                     0x20000160   Section       32  stm32f0xx_hal_flash.o(.bss)
    .bss                                     0x20000180   Section       96  libspace.o(.bss)
    HEAP                                     0x200001e0   Section      512  startup_stm32f042x6.o(HEAP)
    Heap_Mem                                 0x200001e0   Data         512  startup_stm32f042x6.o(HEAP)
    STACK                                    0x200003e0   Section     1024  startup_stm32f042x6.o(STACK)
    Stack_Mem                                0x200003e0   Data        1024  startup_stm32f042x6.o(STACK)
    __initial_sp                             0x200007e0   Data           0  startup_stm32f042x6.o(STACK)

    Global Symbols

    Symbol Name                              Value     Ov Type        Size  Object(Section)

    BuildAttributes$$THM_ISAv3M$S$PE$A:L22$X:L11$S22$IEEE1$IW$USESV6$~STKCKD$USESV7$~SHL$OTIME$ROPI$IEEEJ$EBA8$UX$STANDARDLIB$REQ8$PRES8$EABIv2 0x00000000   Number         0  anon$$obj.o ABSOLUTE
    __ARM_use_no_argv                        0x00000000   Number         0  main.o ABSOLUTE
    SHT$$ARM_EXIDX$$Base                      - Undefined Reference
    SHT$$ARM_EXIDX$$Limit                     - Undefined Reference
    __ARM::default_unexpected_handler()       - Undefined Weak Reference
    __ARM_exceptions_buffer_required          - Undefined Weak Reference
    __ARM_exceptions_init                     - Undefined Weak Reference
    __aeabi_unwind_cpp_pr1                    - Undefined Weak Reference
    __aeabi_unwind_cpp_pr2                    - Undefined Weak Reference
    __alloca_initialize                       - Undefined Weak Reference
    __arm_preinit_                            - Undefined Weak Reference
    __cxa_begin_cleanup                       - Undefined Weak Reference
    __cxa_finalize                            - Undefined Weak Reference
    __cxa_type_match                          - Undefined Weak Reference
    __rt_locale                               - Undefined Weak Reference
    __sigvec_lookup                           - Undefined Weak Reference
    __user_heap_extent                        - Undefined Weak Reference
    _atexit_init                              - Undefined Weak Reference
    _call_atexit_fns                          - Undefined Weak Reference
    _clock_init                               - Undefined Weak Reference
    _fp_trap_init                             - Undefined Weak Reference
    _fp_trap_shutdown                         - Undefined Weak Reference
    _get_lc_collate                           - Undefined Weak Reference
    _get_lc_ctype                             - Undefined Weak Reference
    _get_lc_monetary                          - Undefined Weak Reference
    _get_lc_numeric                           - Undefined Weak Reference
    _get_lc_time                              - Undefined Weak Reference
    _getenv_init                              - Undefined Weak Reference
    _handle_redirection                       - Undefined Weak Reference
    _initio                                   - Undefined Weak Reference
    _mutex_acquire                            - Undefined Weak Reference
    _mutex_free                               - Undefined Weak Reference
    _mutex_release                            - Undefined Weak Reference
    _rand_init                                - Undefined Weak Reference
    _signal_finish                            - Undefined Weak Reference
    _signal_init                              - Undefined Weak Reference
    _terminateio                              - Undefined Weak Reference
    __Vectors_Size                           0x000000c0   Number         0  startup_stm32f042x6.o ABSOLUTE
    __Vectors                                0x08000000   Data           4  startup_stm32f042x6.o(RESET)
    __Vectors_End                            0x080000c0   Data           0  startup_stm32f042x6.o(RESET)
    __main                                   0x080000c1   Thumb Code     8  __main.o(!!!main)
    __scatterload                            0x080000c9   Thumb Code     0  __scatter.o(!!!scatter)
    __scatterload_rt2                        0x080000c9   Thumb Code    52  __scatter.o(!!!scatter)
    __scatterload_rt2_thumb_only             0x080000c9   Thumb Code     0  __scatter.o(!!!scatter)
    __scatterload_null                       0x080000d9   Thumb Code     0  __scatter.o(!!!scatter)
    __scatterload_copy                       0x08000105   Thumb Code    26  __scatter_copy.o(!!handler_copy)
    __scatterload_zeroinit                   0x08000121   Thumb Code    28  __scatter_zi.o(!!handler_zi)
    __rt_lib_init                            0x0800013d   Thumb Code     0  libinit.o(.ARM.Collect$$libinit$$00000000)
    __rt_lib_init_fp_1                       0x0800013f   Thumb Code     0  libinit2.o(.ARM.Collect$$libinit$$00000002)
    __rt_lib_init_heap_2                     0x0800013f   Thumb Code     0  libinit2.o(.ARM.Collect$$libinit$$00000005)
    __rt_lib_init_preinit_1                  0x0800013f   Thumb Code     0  libinit2.o(.ARM.Collect$$libinit$$00000004)
    __rt_lib_init_alloca_1                   0x08000147   Thumb Code     0  libinit2.o(.ARM.Collect$$libinit$$0000002E)
    __rt_lib_init_argv_1                     0x08000147   Thumb Code     0  libinit2.o(.ARM.Collect$$libinit$$0000002C)
    __rt_lib_init_atexit_1                   0x08000147   Thumb Code     0  libinit2.o(.ARM.Collect$$libinit$$0000001B)
    __rt_lib_init_clock_1                    0x08000147   Thumb Code     0  libinit2.o(.ARM.Collect$$libinit$$00000021)
    __rt_lib_init_cpp_2                      0x08000147   Thumb Code     0  libinit2.o(.ARM.Collect$$libinit$$00000031)
    __rt_lib_init_exceptions_1               0x08000147   Thumb Code     0  libinit2.o(.ARM.Collect$$libinit$$00000030)
    __rt_lib_init_fp_trap_1                  0x08000147   Thumb Code     0  libinit2.o(.ARM.Collect$$libinit$$0000001F)
    __rt_lib_init_getenv_1                   0x08000147   Thumb Code     0  libinit2.o(.ARM.Collect$$libinit$$00000023)
    __rt_lib_init_heap_1                     0x08000147   Thumb Code     0  libinit2.o(.ARM.Collect$$libinit$$0000000A)
    __rt_lib_init_lc_collate_1               0x08000147   Thumb Code     0  libinit2.o(.ARM.Collect$$libinit$$00000011)
    __rt_lib_init_lc_ctype_1                 0x08000147   Thumb Code     0  libinit2.o(.ARM.Collect$$libinit$$00000013)
    __rt_lib_init_lc_monetary_1              0x08000147   Thumb Code     0  libinit2.o(.ARM.Collect$$libinit$$00000015)
    __rt_lib_init_lc_numeric_1               0x08000147   Thumb Code     0  libinit2.o(.ARM.Collect$$libinit$$00000017)
    __rt_lib_init_lc_time_1                  0x08000147   Thumb Code     0  libinit2.o(.ARM.Collect$$libinit$$00000019)
    __rt_lib_init_rand_1                     0x08000147   Thumb Code     0  libinit2.o(.ARM.Collect$$libinit$$0000000E)
    __rt_lib_init_signal_1                   0x08000147   Thumb Code     0  libinit2.o(.ARM.Collect$$libinit$$0000001D)
    __rt_lib_init_stdio_1                    0x08000147   Thumb Code     0  libinit2.o(.ARM.Collect$$libinit$$00000025)
    __rt_lib_init_user_alloc_1               0x08000147   Thumb Code     0  libinit2.o(.ARM.Collect$$libinit$$0000000C)
    __rt_lib_init_cpp_1                      0x0800014b   Thumb Code     0  libinit2.o(.ARM.Collect$$libinit$$00000032)
    __rt_lib_init_return                     0x0800014b   Thumb Code     0  libinit2.o(.ARM.Collect$$libinit$$00000033)
    __rt_lib_shutdown                        0x0800014d   Thumb Code     0  libshutdown.o(.ARM.Collect$$libshutdown$$00000000)
    __rt_lib_shutdown_cpp_1                  0x0800014f   Thumb Code     0  libshutdown2.o(.ARM.Collect$$libshutdown$$00000002)
    __rt_lib_shutdown_fp_trap_1              0x0800014f   Thumb Code     0  libshutdown2.o(.ARM.Collect$$libshutdown$$00000007)
    __rt_lib_shutdown_heap_1                 0x0800014f   Thumb Code     0  libshutdown2.o(.ARM.Collect$$libshutdown$$0000000F)
    __rt_lib_shutdown_return                 0x0800014f   Thumb Code     0  libshutdown2.o(.ARM.Collect$$libshutdown$$00000010)
    __rt_lib_shutdown_signal_1               0x0800014f   Thumb Code     0  libshutdown2.o(.ARM.Collect$$libshutdown$$0000000A)
    __rt_lib_shutdown_stdio_1                0x0800014f   Thumb Code     0  libshutdown2.o(.ARM.Collect$$libshutdown$$00000004)
    __rt_lib_shutdown_user_alloc_1           0x0800014f   Thumb Code     0  libshutdown2.o(.ARM.Collect$$libshutdown$$0000000C)
    __rt_entry                               0x08000151   Thumb Code     0  __rtentry.o(.ARM.Collect$$rtentry$$00000000)
    __rt_entry_presh_1                       0x08000151   Thumb Code     0  __rtentry2.o(.ARM.Collect$$rtentry$$00000002)
    __rt_entry_sh                            0x08000151   Thumb Code     0  __rtentry4.o(.ARM.Collect$$rtentry$$00000004)
    __rt_entry_li                            0x08000157   Thumb Code     0  __rtentry2.o(.ARM.Collect$$rtentry$$0000000A)
    __rt_entry_postsh_1                      0x08000157   Thumb Code     0  __rtentry2.o(.ARM.Collect$$rtentry$$00000009)
    __rt_entry_main                          0x0800015b   Thumb Code     0  __rtentry2.o(.ARM.Collect$$rtentry$$0000000D)
    __rt_entry_postli_1                      0x0800015b   Thumb Code     0  __rtentry2.o(.ARM.Collect$$rtentry$$0000000C)
    __rt_exit                                0x08000163   Thumb Code     0  rtexit.o(.ARM.Collect$$rtexit$$00000000)
    __rt_exit_ls                             0x08000165   Thumb Code     0  rtexit2.o(.ARM.Collect$$rtexit$$00000003)
    __rt_exit_prels_1                        0x08000165   Thumb Code     0  rtexit2.o(.ARM.Collect$$rtexit$$00000002)
    __rt_exit_exit                           0x08000169   Thumb Code     0  rtexit2.o(.ARM.Collect$$rtexit$$00000004)
    __aeabi_memcpy4                          0x08000171   Thumb Code    56  rt_memcpy.o(.emb_text)
    __aeabi_memcpy8                          0x08000171   Thumb Code     0  rt_memcpy.o(.emb_text)
    Reset_Handler                            0x080001a9   Thumb Code    38  startup_stm32f042x6.o(.text)
    _maybe_terminate_alloc                   0x080001a9   Thumb Code     0  maybetermalloc1.o(.emb_text)
    ADC1_IRQHandler                          0x080001d9   Thumb Code     0  startup_stm32f042x6.o(.text)
    DMA1_Channel1_IRQHandler                 0x080001d9   Thumb Code     0  startup_stm32f042x6.o(.text)
    DMA1_Channel2_3_IRQHandler               0x080001d9   Thumb Code     0  startup_stm32f042x6.o(.text)
    DMA1_Channel4_5_IRQHandler               0x080001d9   Thumb Code     0  startup_stm32f042x6.o(.text)
    EXTI0_1_IRQHandler                       0x080001d9   Thumb Code     0  startup_stm32f042x6.o(.text)
    EXTI2_3_IRQHandler                       0x080001d9   Thumb Code     0  startup_stm32f042x6.o(.text)
    EXTI4_15_IRQHandler                      0x080001d9   Thumb Code     0  startup_stm32f042x6.o(.text)
    FLASH_IRQHandler                         0x080001d9   Thumb Code     0  startup_stm32f042x6.o(.text)
    I2C1_IRQHandler                          0x080001d9   Thumb Code     0  startup_stm32f042x6.o(.text)
    PVD_VDDIO2_IRQHandler                    0x080001d9   Thumb Code     0  startup_stm32f042x6.o(.text)
    RCC_CRS_IRQHandler                       0x080001d9   Thumb Code     0  startup_stm32f042x6.o(.text)
    RTC_IRQHandler                           0x080001d9   Thumb Code     0  startup_stm32f042x6.o(.text)
    SPI1_IRQHandler                          0x080001d9   Thumb Code     0  startup_stm32f042x6.o(.text)
    SPI2_IRQHandler                          0x080001d9   Thumb Code     0  startup_stm32f042x6.o(.text)
    TIM16_IRQHandler                         0x080001d9   Thumb Code     0  startup_stm32f042x6.o(.text)
    TIM17_IRQHandler                         0x080001d9   Thumb Code     0  startup_stm32f042x6.o(.text)
    TIM1_BRK_UP_TRG_COM_IRQHandler           0x080001d9   Thumb Code     0  startup_stm32f042x6.o(.text)
    TIM1_CC_IRQHandler                       0x080001d9   Thumb Code     0  startup_stm32f042x6.o(.text)
    TIM2_IRQHandler                          0x080001d9   Thumb Code     0  startup_stm32f042x6.o(.text)
    TIM3_IRQHandler                          0x080001d9   Thumb Code     0  startup_stm32f042x6.o(.text)
    TSC_IRQHandler                           0x080001d9   Thumb Code     0  startup_stm32f042x6.o(.text)
    USART1_IRQHandler                        0x080001d9   Thumb Code     0  startup_stm32f042x6.o(.text)
    USART2_IRQHandler                        0x080001d9   Thumb Code     0  startup_stm32f042x6.o(.text)
    USB_IRQHandler                           0x080001d9   Thumb Code     0  startup_stm32f042x6.o(.text)
    WWDG_IRQHandler                          0x080001d9   Thumb Code     0  startup_stm32f042x6.o(.text)
    __user_initial_stackheap                 0x080001dd   Thumb Code     0  startup_stm32f042x6.o(.text)
    __aeabi_llsr                             0x0800021d   Thumb Code    34  llushr.o(.text)
    _ll_ushift_r                             0x0800021d   Thumb Code     0  llushr.o(.text)
    __aeabi_uldivmod                         0x0800023f   Thumb Code   258  lludiv.o(.text)
    _ll_udiv                                 0x0800023f   Thumb Code     0  lludiv.o(.text)
    strlen                                   0x08000341   Thumb Code    62  strlen.o(.text)
    __aeabi_memcpy                           0x08000385   Thumb Code   130  rt_memcpy.o(.text)
    __rt_memcpy                              0x08000385   Thumb Code     0  rt_memcpy.o(.text)
    _memset_w                                0x08000407   Thumb Code    26  rt_memclr.o(.text)
    _memset                                  0x08000421   Thumb Code    30  rt_memclr.o(.text)
    __aeabi_memclr                           0x0800043f   Thumb Code     4  rt_memclr.o(.text)
    __rt_memclr                              0x0800043f   Thumb Code     0  rt_memclr.o(.text)
    __aeabi_memclr4                          0x08000443   Thumb Code     0  rt_memclr.o(.text)
    __aeabi_memclr8                          0x08000443   Thumb Code     0  rt_memclr.o(.text)
    __rt_memclr_w                            0x08000443   Thumb Code     4  rt_memclr.o(.text)
    __aeabi_uidiv                            0x08000447   Thumb Code     0  aeabi_sdiv.o(.text)
    __aeabi_uidivmod                         0x08000447   Thumb Code    20  aeabi_sdiv.o(.text)
    __aeabi_idiv                             0x0800045b   Thumb Code     0  aeabi_sdiv.o(.text)
    __aeabi_idivmod                          0x0800045b   Thumb Code   326  aeabi_sdiv.o(.text)
    __use_two_region_memory                  0x080005a1   Thumb Code     2  heapauxi.o(.text)
    __rt_heap_escrow                         0x080005a3   Thumb Code     2  heapauxi.o(.text)
    __rt_heap_expand                         0x080005a5   Thumb Code     2  heapauxi.o(.text)
    __cpp_initialize__aeabi_                 0x080005a9   Thumb Code    26  init_aeabi.o(.text)
    __aeabi_fdiv                             0x080005cd   Thumb Code     0  fdiv.o(.text)
    _fdiv                                    0x080005cd   Thumb Code   334  fdiv.o(.text)
    _frdiv                                   0x0800071b   Thumb Code     8  fdiv.o(.text)
    __aeabi_f2uiz                            0x0800072d   Thumb Code     0  ffixui.o(.text)
    _ffixu                                   0x0800072d   Thumb Code    48  ffixui.o(.text)
    __aeabi_i2f_normalise                    0x0800075d   Thumb Code    72  fflti.o(.text)
    __aeabi_i2f                              0x080007a5   Thumb Code    16  fflti.o(.text)
    _fflt                                    0x080007a5   Thumb Code     0  fflti.o(.text)
    __aeabi_ui2f                             0x080007b5   Thumb Code     6  fflti.o(.text)
    _ffltu                                   0x080007b5   Thumb Code     0  fflti.o(.text)
    __rt_new_handler_addr                    0x080007bd   Thumb Code     8  rt_new_handler_addr_intlibspace.o(.text)
    malloc                                   0x080007c5   Thumb Code    98  h1_alloc.o(.text)
    free                                     0x08000827   Thumb Code    76  h1_free.o(.text)
    __default_new_handler()                  0x08000873   Thumb Code     8  arm_newhandler_noexceptions.o(.text)
    __user_libspace                          0x0800087d   Thumb Code     8  libspace.o(.text)
    __user_perproc_libspace                  0x0800087d   Thumb Code     0  libspace.o(.text)
    __user_perthread_libspace                0x0800087d   Thumb Code     0  libspace.o(.text)
    __rt_heap_descriptor                     0x08000885   Thumb Code     8  rt_heap_descriptor_intlibspace.o(.text)
    __use_no_heap                            0x0800088d   Thumb Code     2  hguard.o(.text)
    __heap$guard                             0x0800088f   Thumb Code     2  hguard.o(.text)
    _terminate_user_alloc                    0x08000891   Thumb Code     2  init_alloc.o(.text)
    _init_user_alloc                         0x08000893   Thumb Code     2  init_alloc.o(.text)
    __Heap_Full                              0x08000895   Thumb Code    32  init_alloc.o(.text)
    __Heap_Broken                            0x080008b5   Thumb Code    10  init_alloc.o(.text)
    _init_alloc                              0x080008bf   Thumb Code    90  init_alloc.o(.text)
    __Heap_Initialize                        0x08000919   Thumb Code    10  h1_init.o(.text)
    __Heap_DescSize                          0x08000923   Thumb Code     4  h1_init.o(.text)
    std::terminate()                         0x08000927   Thumb Code    28  arm_exceptions_terminate.o(.text)
    __user_setup_stackheap                   0x08000943   Thumb Code    62  sys_stackheap_outer.o(.text)
    __Heap_ProvideMemory                     0x08000981   Thumb Code    52  h1_extend.o(.text)
    exit                                     0x080009b5   Thumb Code    16  exit.o(.text)
    abort                                    0x080009c5   Thumb Code    20  abort.o(.text)
    __rt_SIGRTMEM                            0x080009d9   Thumb Code    12  defsig_rtmem_outer.o(.text)
    __cxa_get_globals                        0x080009eb   Thumb Code    66  arm_exceptions_globs.o(.text)
    _sys_exit                                0x08000a39   Thumb Code     8  sys_exit.o(.text)
    __I$use$semihosting                      0x08000a45   Thumb Code     0  use_no_semi.o(.text)
    __use_no_semihosting_swi                 0x08000a45   Thumb Code     2  use_no_semi.o(.text)
    __semihosting_library_function           0x08000a47   Thumb Code     0  indicate_semi.o(.text)
    __rt_eh_globals_addr                     0x08000a49   Thumb Code     8  rt_eh_globals_addr_intlibspace.o(.text)
    __sig_exit                               0x08000a51   Thumb Code    12  defsig_exit.o(.text)
    __rt_SIGABRT                             0x08000a5d   Thumb Code    12  defsig_abrt_outer.o(.text)
    __rt_SIGRTMEM_inner                      0x08000a69   Thumb Code    22  defsig_rtmem_inner.o(.text)
    __ARM_exceptions_buffer_init             0x08000ab9   Thumb Code    18  arm_exceptions_mem.o(.text)
    __ARM_exceptions_buffer_allocate         0x08000acb   Thumb Code    26  arm_exceptions_mem.o(.text)
    __ARM_exceptions_buffer_free             0x08000ae5   Thumb Code    22  arm_exceptions_mem.o(.text)
    __default_signal_display                 0x08000afb   Thumb Code    52  defsig_general.o(.text)
    __rt_SIGABRT_inner                       0x08000b31   Thumb Code    14  defsig_abrt_inner.o(.text)
    _ttywrch                                 0x08000b61   Thumb Code    12  sys_wrch.o(.text)
    CEC_CAN_IRQHandler                       0x08000b6d   Thumb Code    10  stm32f0xx_it.o(i.CEC_CAN_IRQHandler)
    Error_Handler                            0x08000b7d   Thumb Code     6  main.o(i.Error_Handler)
    FLASH_WaitForLastOperation               0x08000b85   Thumb Code   100  stm32f0xx_hal_flash.o(i.FLASH_WaitForLastOperation)
    HAL_CAN_ActivateNotification             0x08000bed   Thumb Code    44  stm32f0xx_hal_can.o(i.HAL_CAN_ActivateNotification)
    HAL_CAN_ConfigFilter                     0x08000c19   Thumb Code   318  stm32f0xx_hal_can.o(i.HAL_CAN_ConfigFilter)
    HAL_CAN_ErrorCallback                    0x08000d57   Thumb Code     2  stm32f0xx_hal_can.o(i.HAL_CAN_ErrorCallback)
    HAL_CAN_GetRxMessage                     0x08000d59   Thumb Code   422  stm32f0xx_hal_can.o(i.HAL_CAN_GetRxMessage)
    HAL_CAN_IRQHandler                       0x08000eff   Thumb Code   724  stm32f0xx_hal_can.o(i.HAL_CAN_IRQHandler)
    HAL_CAN_Init                             0x080011d3   Thumb Code   380  stm32f0xx_hal_can.o(i.HAL_CAN_Init)
    HAL_CAN_MspInit                          0x08001351   Thumb Code   136  stm32f0xx_hal_msp.o(i.HAL_CAN_MspInit)
    HAL_CAN_RxFifo0FullCallback              0x080013e1   Thumb Code     2  stm32f0xx_hal_can.o(i.HAL_CAN_RxFifo0FullCallback)
    HAL_CAN_RxFifo0MsgPendingCallback        0x080013e5   Thumb Code    72  main.o(i.HAL_CAN_RxFifo0MsgPendingCallback)
    HAL_CAN_RxFifo1FullCallback              0x08001439   Thumb Code     2  stm32f0xx_hal_can.o(i.HAL_CAN_RxFifo1FullCallback)
    HAL_CAN_RxFifo1MsgPendingCallback        0x0800143b   Thumb Code     2  stm32f0xx_hal_can.o(i.HAL_CAN_RxFifo1MsgPendingCallback)
    HAL_CAN_SleepCallback                    0x0800143d   Thumb Code     2  stm32f0xx_hal_can.o(i.HAL_CAN_SleepCallback)
    HAL_CAN_Start                            0x0800143f   Thumb Code    98  stm32f0xx_hal_can.o(i.HAL_CAN_Start)
    HAL_CAN_TxMailbox0AbortCallback          0x080014a1   Thumb Code     2  stm32f0xx_hal_can.o(i.HAL_CAN_TxMailbox0AbortCallback)
    HAL_CAN_TxMailbox0CompleteCallback       0x080014a3   Thumb Code     2  stm32f0xx_hal_can.o(i.HAL_CAN_TxMailbox0CompleteCallback)
    HAL_CAN_TxMailbox1AbortCallback          0x080014a5   Thumb Code     2  stm32f0xx_hal_can.o(i.HAL_CAN_TxMailbox1AbortCallback)
    HAL_CAN_TxMailbox1CompleteCallback       0x080014a7   Thumb Code     2  stm32f0xx_hal_can.o(i.HAL_CAN_TxMailbox1CompleteCallback)
    HAL_CAN_TxMailbox2AbortCallback          0x080014a9   Thumb Code     2  stm32f0xx_hal_can.o(i.HAL_CAN_TxMailbox2AbortCallback)
    HAL_CAN_TxMailbox2CompleteCallback       0x080014ab   Thumb Code     2  stm32f0xx_hal_can.o(i.HAL_CAN_TxMailbox2CompleteCallback)
    HAL_CAN_WakeUpFromRxMsgCallback          0x080014ad   Thumb Code     2  stm32f0xx_hal_can.o(i.HAL_CAN_WakeUpFromRxMsgCallback)
    HAL_Delay                                0x080014b1   Thumb Code    38  stm32f0xx_hal.o(i.HAL_Delay)
    HAL_FLASH_Lock                           0x080014dd   Thumb Code    16  stm32f0xx_hal_flash.o(i.HAL_FLASH_Lock)
    HAL_FLASH_Program                        0x080014f1   Thumb Code   174  stm32f0xx_hal_flash.o(i.HAL_FLASH_Program)
    HAL_FLASH_Unlock                         0x080015ad   Thumb Code    40  stm32f0xx_hal_flash.o(i.HAL_FLASH_Unlock)
    HAL_GPIO_Init                            0x080015e1   Thumb Code   460  stm32f0xx_hal_gpio.o(i.HAL_GPIO_Init)
    HAL_GetTick                              0x080017c1   Thumb Code     6  stm32f0xx_hal.o(i.HAL_GetTick)
    HAL_I2CEx_ConfigAnalogFilter             0x080017cd   Thumb Code   110  stm32f0xx_hal_i2c_ex.o(i.HAL_I2CEx_ConfigAnalogFilter)
    HAL_I2CEx_ConfigDigitalFilter            0x0800183b   Thumb Code   112  stm32f0xx_hal_i2c_ex.o(i.HAL_I2CEx_ConfigDigitalFilter)
    HAL_I2C_Init                             0x080018ad   Thumb Code   208  stm32f0xx_hal_i2c.o(i.HAL_I2C_Init)
    HAL_I2C_Master_Receive                   0x08001981   Thumb Code   354  stm32f0xx_hal_i2c.o(i.HAL_I2C_Master_Receive)
    HAL_I2C_Master_Transmit                  0x08001aed   Thumb Code   354  stm32f0xx_hal_i2c.o(i.HAL_I2C_Master_Transmit)
    HAL_I2C_MspInit                          0x08001c59   Thumb Code   122  stm32f0xx_hal_msp.o(i.HAL_I2C_MspInit)
    HAL_IncTick                              0x08001cdd   Thumb Code    16  stm32f0xx_hal.o(i.HAL_IncTick)
    HAL_Init                                 0x08001cf5   Thumb Code    28  stm32f0xx_hal.o(i.HAL_Init)
    HAL_InitTick                             0x08001d15   Thumb Code    70  stm32f0xx_hal.o(i.HAL_InitTick)
    HAL_MspInit                              0x08001d69   Thumb Code    60  stm32f0xx_hal_msp.o(i.HAL_MspInit)
    HAL_NVIC_EnableIRQ                       0x08001da9   Thumb Code    22  stm32f0xx_hal_cortex.o(i.HAL_NVIC_EnableIRQ)
    HAL_NVIC_SetPriority                     0x08001dc5   Thumb Code    18  stm32f0xx_hal_cortex.o(i.HAL_NVIC_SetPriority)
    HAL_RCCEx_PeriphCLKConfig                0x08001dd9   Thumb Code   378  stm32f0xx_hal_rcc_ex.o(i.HAL_RCCEx_PeriphCLKConfig)
    HAL_RCC_ClockConfig                      0x08001f61   Thumb Code   366  stm32f0xx_hal_rcc.o(i.HAL_RCC_ClockConfig)
    HAL_RCC_GetSysClockFreq                  0x080020e5   Thumb Code   186  stm32f0xx_hal_rcc.o(i.HAL_RCC_GetSysClockFreq)
    HAL_RCC_OscConfig                        0x080021b5   Thumb Code  1592  stm32f0xx_hal_rcc.o(i.HAL_RCC_OscConfig)
    HAL_SYSTICK_Config                       0x080027f1   Thumb Code    46  stm32f0xx_hal_cortex.o(i.HAL_SYSTICK_Config)
    HAL_TIMEx_BreakCallback                  0x08002829   Thumb Code     2  stm32f0xx_hal_tim_ex.o(i.HAL_TIMEx_BreakCallback)
    HAL_TIMEx_CommutCallback                 0x0800282b   Thumb Code     2  stm32f0xx_hal_tim_ex.o(i.HAL_TIMEx_CommutCallback)
    HAL_TIM_Base_Init                        0x0800282d   Thumb Code   100  stm32f0xx_hal_tim.o(i.HAL_TIM_Base_Init)
    HAL_TIM_Base_MspInit                     0x08002891   Thumb Code    58  stm32f0xx_hal_msp.o(i.HAL_TIM_Base_MspInit)
    HAL_TIM_Base_Start_IT                    0x080028d5   Thumb Code   100  stm32f0xx_hal_tim.o(i.HAL_TIM_Base_Start_IT)
    HAL_TIM_IC_CaptureCallback               0x08002941   Thumb Code     2  stm32f0xx_hal_tim.o(i.HAL_TIM_IC_CaptureCallback)
    HAL_TIM_IRQHandler                       0x08002943   Thumb Code   456  stm32f0xx_hal_tim.o(i.HAL_TIM_IRQHandler)
    HAL_TIM_OC_DelayElapsedCallback          0x08002b0b   Thumb Code     2  stm32f0xx_hal_tim.o(i.HAL_TIM_OC_DelayElapsedCallback)
    HAL_TIM_PWM_PulseFinishedCallback        0x08002b0d   Thumb Code     2  stm32f0xx_hal_tim.o(i.HAL_TIM_PWM_PulseFinishedCallback)
    HAL_TIM_PeriodElapsedCallback            0x08002b11   Thumb Code    12  main.o(i.HAL_TIM_PeriodElapsedCallback)
    HAL_TIM_TriggerCallback                  0x08002b21   Thumb Code     2  stm32f0xx_hal_tim.o(i.HAL_TIM_TriggerCallback)
    HardFault_Handler                        0x08002b23   Thumb Code     4  stm32f0xx_it.o(i.HardFault_Handler)
    NMI_Handler                              0x08002b27   Thumb Code     4  stm32f0xx_it.o(i.NMI_Handler)
    PendSV_Handler                           0x08002b2b   Thumb Code     2  stm32f0xx_it.o(i.PendSV_Handler)
    SVC_Handler                              0x08002b2d   Thumb Code     2  stm32f0xx_it.o(i.SVC_Handler)
    SysTick_Handler                          0x08002b2f   Thumb Code     8  stm32f0xx_it.o(i.SysTick_Handler)
    SystemInit                               0x08002b37   Thumb Code     2  system_stm32f0xx.o(i.SystemInit)
    TIM14_IRQHandler                         0x08002b39   Thumb Code    10  stm32f0xx_it.o(i.TIM14_IRQHandler)
    TIM_Base_SetConfig                       0x08002b49   Thumb Code   138  stm32f0xx_hal_tim.o(i.TIM_Base_SetConfig)
    SystemClock_Config()                     0x08002be9   Thumb Code   128  main.o(i._Z18SystemClock_Configv)
    check_tx()                               0x08002c69   Thumb Code     2  main.o(i._Z8check_txv)
    SaveEvent(SmartBattery*, InternalFLASH*) 0x08002c6b   Thumb Code    82  main.o(i._Z9SaveEventP12SmartBatteryP13InternalFLASH)
    SmartBattery::CMD(unsigned char)         0x08002cbd   Thumb Code    40  smart_battery.o(i._ZN12SmartBattery3CMDEh)
    SmartBattery::GetData()                  0x08002ce5   Thumb Code   190  smart_battery.o(i._ZN12SmartBattery7GetDataEv)
    SmartBattery::SmartBattery(__I2C_HandleTypeDef*) 0x08002da3   Thumb Code     8  smart_battery.o(i._ZN12SmartBatteryC1EP19__I2C_HandleTypeDef)
    SmartBattery::SmartBattery__sub_object(__I2C_HandleTypeDef*) 0x08002da3   Thumb Code     0  smart_battery.o(i._ZN12SmartBatteryC1EP19__I2C_HandleTypeDef)
    InternalFLASH::ReadData(int)             0x08002dab   Thumb Code   124  flash_driver.o(i._ZN13InternalFLASH8ReadDataEi)
    InternalFLASH::WriteData(FlashData*)     0x08002e27   Thumb Code   176  flash_driver.o(i._ZN13InternalFLASH9WriteDataEP9FlashData)
    InternalFLASH::find_page(unsigned)       0x08002ed9   Thumb Code    94  flash_driver.o(i._ZN13InternalFLASH9find_pageEj)
    InternalFLASH::InternalFLASH()           0x08002f49   Thumb Code    84  flash_driver.o(i._ZN13InternalFLASHC1Ev)
    InternalFLASH::InternalFLASH__sub_object() 0x08002f49   Thumb Code     0  flash_driver.o(i._ZN13InternalFLASHC1Ev)
    Data::Data(unsigned char*, unsigned, unsigned char, unsigned char) 0x080035a1   Thumb Code    48  flash_driver.o(i._ZN4DataC1EPhjhh)
    Data::Data__sub_object(unsigned char*, unsigned, unsigned char, unsigned char) 0x080035a1   Thumb Code     0  flash_driver.o(i._ZN4DataC1EPhjhh)
    FlashData::FlashData(unsigned char*, unsigned, FlashMeta*) 0x080035d1   Thumb Code   100  flash_driver.o(i._ZN9FlashDataC1EPhjP9FlashMeta)
    FlashData::FlashData__sub_object(unsigned char*, unsigned, FlashMeta*) 0x080035d1   Thumb Code     0  flash_driver.o(i._ZN9FlashDataC1EPhjP9FlashMeta)
    std::ceil(float)                         0x08003651   Thumb Code    12  flash_driver.o(i._ZSt4ceilf)
    operator delete (void*)                  0x0800365d   Thumb Code     8  delete.o(i._ZdlPv)
    operator new[] (unsigned)                0x08003665   Thumb Code     8  array_new.o(i._Znaj)
    operator new(unsigned)                   0x0800366d   Thumb Code    36  new.o(i._Znwj)
    __ARM_common_ll_muluu                    0x08003695   Thumb Code    48  stm32f0xx_hal_rcc.o(i.__ARM_common_ll_muluu)
    __mathlib_ceilf                          0x080036e5   Thumb Code     0  ceilf.o(i.ceilf)
    ceilf                                    0x080036e5   Thumb Code    96  ceilf.o(i.ceilf)
    main                                     0x0800374d   Thumb Code   150  main.o(i.main)
    __aeabi_fadd                             0x08003805   Thumb Code     0  faddsub.o(x$fpl$fadd)
    _fadd                                    0x08003805   Thumb Code   134  faddsub.o(x$fpl$fadd)
    __aeabi_fsub                             0x08003891   Thumb Code     0  faddsub.o(x$fpl$fsub)
    _fsub                                    0x08003891   Thumb Code   204  faddsub.o(x$fpl$fsub)
    __I$use$fp                               0x08003960   Number         0  usenofp.o(x$fpl$usenofp)
    AHBPrescTable                            0x08003980   Data          16  system_stm32f0xx.o(.constdata)
    APBPrescTable                            0x08003990   Data           8  system_stm32f0xx.o(.constdata)
    Region$$Table$$Base                      0x080039d8   Number         0  anon$$obj.o(Region$$Table)
    Region$$Table$$Limit                     0x080039f8   Number         0  anon$$obj.o(Region$$Table)
    SHT$$INIT_ARRAY$$Base                    0x080039f8   Number         0  main.o(.init_array)
    SHT$$INIT_ARRAY$$Limit                   0x080039fc   Number         0  init_aeabi.o(.init_array)
    Load$$LR$$LR_IROM1$$Limit                0x08003a3c   Number         0  anon$$obj.o ABSOLUTE
    TxData                                   0x20000000   Data           8  main.o(.data)
    RxData                                   0x20000008   Data           8  main.o(.data)
    TxMailbox                                0x20000010   Data           4  main.o(.data)
    Flags                                    0x20000014   Data           3  main.o(.data)
    time                                     0x20000018   Data           4  main.o(.data)
    b                                        0x2000001c   Data           4  main.o(.data)
    uwTick                                   0x20000020   Data           4  stm32f0xx_hal.o(.data)
    uwTickPrio                               0x20000024   Data           4  stm32f0xx_hal.o(.data)
    uwTickFreq                               0x20000028   Data           1  stm32f0xx_hal.o(.data)
    SystemCoreClock                          0x2000002c   Data           4  system_stm32f0xx.o(.data)
    ADDR_FLASH_PAGE_SIZE_NTYPE_BEGIN         0x20000030   Data           4  flash_driver.o(.data)
    FLASH_PAGE_SIZE_NTYPE                    0x20000034   Data           4  flash_driver.o(.data)
    FLASH_PAGE_NTYPE_COUNTS                  0x20000038   Data           4  flash_driver.o(.data)
    FLASH_NTYPE_COUNT                        0x2000003c   Data           1  flash_driver.o(.data)
    hcan                                     0x20000040   Data          40  main.o(.bss)
    hi2c1                                    0x20000068   Data          84  main.o(.bss)
    htim14                                   0x200000bc   Data          72  main.o(.bss)
    flash                                    0x20000104   Data          24  main.o(.bss)
    ba                                       0x2000011c   Data          16  main.o(.bss)
    TxHeader                                 0x2000012c   Data          24  main.o(.bss)
    RxHeader                                 0x20000144   Data          28  main.o(.bss)
    pFlash                                   0x20000160   Data          32  stm32f0xx_hal_flash.o(.bss)
    __libspace_start                         0x20000180   Data          96  libspace.o(.bss)
    __temporary_stack_top$libspace           0x200001e0   Data           0  libspace.o(.bss)



==============================================================================

Memory Map of the image

  Image Entry point : 0x080000c1

  Load Region LR_IROM1 (Base: 0x08000000, Size: 0x00003a3c, Max: 0x00008000, ABSOLUTE)

    Execution Region ER_IROM1 (Exec base: 0x08000000, Load base: 0x08000000, Size: 0x000039fc, Max: 0x00008000, ABSOLUTE)

    Exec Addr    Load Addr    Size         Type   Attr      Idx    E Section Name        Object

    0x08000000   0x08000000   0x000000c0   Data   RO            3    RESET               startup_stm32f042x6.o
    0x080000c0   0x080000c0   0x00000008   Code   RO         3727  * !!!main             c_p.l(__main.o)
    0x080000c8   0x080000c8   0x0000003c   Code   RO         4239    !!!scatter          c_p.l(__scatter.o)
    0x08000104   0x08000104   0x0000001a   Code   RO         4241    !!handler_copy      c_p.l(__scatter_copy.o)
    0x0800011e   0x0800011e   0x00000002   PAD
    0x08000120   0x08000120   0x0000001c   Code   RO         4243    !!handler_zi        c_p.l(__scatter_zi.o)
    0x0800013c   0x0800013c   0x00000002   Code   RO         4119    .ARM.Collect$$libinit$$00000000  c_p.l(libinit.o)
    0x0800013e   0x0800013e   0x00000000   Code   RO         3834    .ARM.Collect$$libinit$$00000002  c_p.l(libinit2.o)
    0x0800013e   0x0800013e   0x00000000   Code   RO         3836    .ARM.Collect$$libinit$$00000004  c_p.l(libinit2.o)
    0x0800013e   0x0800013e   0x00000008   Code   RO         3837    .ARM.Collect$$libinit$$00000005  c_p.l(libinit2.o)
    0x08000146   0x08000146   0x00000000   Code   RO         3839    .ARM.Collect$$libinit$$0000000A  c_p.l(libinit2.o)
    0x08000146   0x08000146   0x00000000   Code   RO         3841    .ARM.Collect$$libinit$$0000000C  c_p.l(libinit2.o)
    0x08000146   0x08000146   0x00000000   Code   RO         3843    .ARM.Collect$$libinit$$0000000E  c_p.l(libinit2.o)
    0x08000146   0x08000146   0x00000000   Code   RO         3846    .ARM.Collect$$libinit$$00000011  c_p.l(libinit2.o)
    0x08000146   0x08000146   0x00000000   Code   RO         3848    .ARM.Collect$$libinit$$00000013  c_p.l(libinit2.o)
    0x08000146   0x08000146   0x00000000   Code   RO         3850    .ARM.Collect$$libinit$$00000015  c_p.l(libinit2.o)
    0x08000146   0x08000146   0x00000000   Code   RO         3852    .ARM.Collect$$libinit$$00000017  c_p.l(libinit2.o)
    0x08000146   0x08000146   0x00000000   Code   RO         3854    .ARM.Collect$$libinit$$00000019  c_p.l(libinit2.o)
    0x08000146   0x08000146   0x00000000   Code   RO         3856    .ARM.Collect$$libinit$$0000001B  c_p.l(libinit2.o)
    0x08000146   0x08000146   0x00000000   Code   RO         3858    .ARM.Collect$$libinit$$0000001D  c_p.l(libinit2.o)
    0x08000146   0x08000146   0x00000000   Code   RO         3860    .ARM.Collect$$libinit$$0000001F  c_p.l(libinit2.o)
    0x08000146   0x08000146   0x00000000   Code   RO         3862    .ARM.Collect$$libinit$$00000021  c_p.l(libinit2.o)
    0x08000146   0x08000146   0x00000000   Code   RO         3864    .ARM.Collect$$libinit$$00000023  c_p.l(libinit2.o)
    0x08000146   0x08000146   0x00000000   Code   RO         3866    .ARM.Collect$$libinit$$00000025  c_p.l(libinit2.o)
    0x08000146   0x08000146   0x00000000   Code   RO         3870    .ARM.Collect$$libinit$$0000002C  c_p.l(libinit2.o)
    0x08000146   0x08000146   0x00000000   Code   RO         3872    .ARM.Collect$$libinit$$0000002E  c_p.l(libinit2.o)
    0x08000146   0x08000146   0x00000000   Code   RO         3874    .ARM.Collect$$libinit$$00000030  c_p.l(libinit2.o)
    0x08000146   0x08000146   0x00000004   Code   RO         3875    .ARM.Collect$$libinit$$00000031  c_p.l(libinit2.o)
    0x0800014a   0x0800014a   0x00000000   Code   RO         3876    .ARM.Collect$$libinit$$00000032  c_p.l(libinit2.o)
    0x0800014a   0x0800014a   0x00000002   Code   RO         3877    .ARM.Collect$$libinit$$00000033  c_p.l(libinit2.o)
    0x0800014c   0x0800014c   0x00000002   Code   RO         4224    .ARM.Collect$$libshutdown$$00000000  c_p.l(libshutdown.o)
    0x0800014e   0x0800014e   0x00000000   Code   RO         4203    .ARM.Collect$$libshutdown$$00000002  c_p.l(libshutdown2.o)
    0x0800014e   0x0800014e   0x00000000   Code   RO         4205    .ARM.Collect$$libshutdown$$00000004  c_p.l(libshutdown2.o)
    0x0800014e   0x0800014e   0x00000000   Code   RO         4208    .ARM.Collect$$libshutdown$$00000007  c_p.l(libshutdown2.o)
    0x0800014e   0x0800014e   0x00000000   Code   RO         4211    .ARM.Collect$$libshutdown$$0000000A  c_p.l(libshutdown2.o)
    0x0800014e   0x0800014e   0x00000000   Code   RO         4213    .ARM.Collect$$libshutdown$$0000000C  c_p.l(libshutdown2.o)
    0x0800014e   0x0800014e   0x00000000   Code   RO         4216    .ARM.Collect$$libshutdown$$0000000F  c_p.l(libshutdown2.o)
    0x0800014e   0x0800014e   0x00000002   Code   RO         4217    .ARM.Collect$$libshutdown$$00000010  c_p.l(libshutdown2.o)
    0x08000150   0x08000150   0x00000000   Code   RO         3757    .ARM.Collect$$rtentry$$00000000  c_p.l(__rtentry.o)
    0x08000150   0x08000150   0x00000000   Code   RO         3910    .ARM.Collect$$rtentry$$00000002  c_p.l(__rtentry2.o)
    0x08000150   0x08000150   0x00000006   Code   RO         3922    .ARM.Collect$$rtentry$$00000004  c_p.l(__rtentry4.o)
    0x08000156   0x08000156   0x00000000   Code   RO         3912    .ARM.Collect$$rtentry$$00000009  c_p.l(__rtentry2.o)
    0x08000156   0x08000156   0x00000004   Code   RO         3913    .ARM.Collect$$rtentry$$0000000A  c_p.l(__rtentry2.o)
    0x0800015a   0x0800015a   0x00000000   Code   RO         3915    .ARM.Collect$$rtentry$$0000000C  c_p.l(__rtentry2.o)
    0x0800015a   0x0800015a   0x00000008   Code   RO         3916    .ARM.Collect$$rtentry$$0000000D  c_p.l(__rtentry2.o)
    0x08000162   0x08000162   0x00000002   Code   RO         4152    .ARM.Collect$$rtexit$$00000000  c_p.l(rtexit.o)
    0x08000164   0x08000164   0x00000000   Code   RO         4186    .ARM.Collect$$rtexit$$00000002  c_p.l(rtexit2.o)
    0x08000164   0x08000164   0x00000004   Code   RO         4187    .ARM.Collect$$rtexit$$00000003  c_p.l(rtexit2.o)
    0x08000168   0x08000168   0x00000006   Code   RO         4188    .ARM.Collect$$rtexit$$00000004  c_p.l(rtexit2.o)
    0x0800016e   0x0800016e   0x00000002   PAD
    0x08000170   0x08000170   0x00000038   Code   RO         3715    .emb_text           c_p.l(rt_memcpy.o)
    0x080001a8   0x080001a8   0x00000000   Code   RO         4089    .emb_text           c_p.l(maybetermalloc1.o)
    0x080001a8   0x080001a8   0x00000074   Code   RO            4    .text               startup_stm32f042x6.o
    0x0800021c   0x0800021c   0x00000022   Code   RO         3709    .text               c_p.l(llushr.o)
    0x0800023e   0x0800023e   0x00000102   Code   RO         3711    .text               c_p.l(lludiv.o)
    0x08000340   0x08000340   0x00000044   Code   RO         3713    .text               c_p.l(strlen.o)
    0x08000384   0x08000384   0x00000082   Code   RO         3716    .text               c_p.l(rt_memcpy.o)
    0x08000406   0x08000406   0x00000040   Code   RO         3719    .text               c_p.l(rt_memclr.o)
    0x08000446   0x08000446   0x0000015a   Code   RO         3721    .text               c_p.l(aeabi_sdiv.o)
    0x080005a0   0x080005a0   0x00000006   Code   RO         3725    .text               c_p.l(heapauxi.o)
    0x080005a6   0x080005a6   0x00000002   PAD
    0x080005a8   0x080005a8   0x00000024   Code   RO         3732    .text               c_p.l(init_aeabi.o)
    0x080005cc   0x080005cc   0x00000160   Code   RO         3746    .text               fz_ps.l(fdiv.o)
    0x0800072c   0x0800072c   0x00000030   Code   RO         3749    .text               fz_ps.l(ffixui.o)
    0x0800075c   0x0800075c   0x0000005e   Code   RO         3751    .text               fz_ps.l(fflti.o)
    0x080007ba   0x080007ba   0x00000002   PAD
    0x080007bc   0x080007bc   0x00000008   Code   RO         3769    .text               c_p.l(rt_new_handler_addr_intlibspace.o)
    0x080007c4   0x080007c4   0x00000062   Code   RO         3775    .text               c_p.l(h1_alloc.o)
    0x08000826   0x08000826   0x0000004c   Code   RO         3777    .text               c_p.l(h1_free.o)
    0x08000872   0x08000872   0x00000008   Code   RO         3881    .text               cpprt_p.l(arm_newhandler_noexceptions.o)
    0x0800087a   0x0800087a   0x00000002   PAD
    0x0800087c   0x0800087c   0x00000008   Code   RO         3904    .text               c_p.l(libspace.o)
    0x08000884   0x08000884   0x00000008   Code   RO         3929    .text               c_p.l(rt_heap_descriptor_intlibspace.o)
    0x0800088c   0x0800088c   0x00000004   Code   RO         3931    .text               c_p.l(hguard.o)
    0x08000890   0x08000890   0x00000088   Code   RO         3933    .text               c_p.l(init_alloc.o)
    0x08000918   0x08000918   0x0000000e   Code   RO         3937    .text               c_p.l(h1_init.o)
    0x08000926   0x08000926   0x0000001c   Code   RO         4074    .text               cpprt_p.l(arm_exceptions_terminate.o)
    0x08000942   0x08000942   0x0000003e   Code   RO         4084    .text               c_p.l(sys_stackheap_outer.o)
    0x08000980   0x08000980   0x00000034   Code   RO         4091    .text               c_p.l(h1_extend.o)
    0x080009b4   0x080009b4   0x00000010   Code   RO         4095    .text               c_p.l(exit.o)
    0x080009c4   0x080009c4   0x00000014   Code   RO         4097    .text               c_p.l(abort.o)
    0x080009d8   0x080009d8   0x0000000c   Code   RO         4103    .text               c_p.l(defsig_rtmem_outer.o)
    0x080009e4   0x080009e4   0x00000054   Code   RO         4136    .text               cpprt_p.l(arm_exceptions_globs.o)
    0x08000a38   0x08000a38   0x0000000c   Code   RO         4146    .text               c_p.l(sys_exit.o)
    0x08000a44   0x08000a44   0x00000002   Code   RO         4148    .text               c_p.l(use_no_semi.o)
    0x08000a46   0x08000a46   0x00000000   Code   RO         4150    .text               c_p.l(indicate_semi.o)
    0x08000a46   0x08000a46   0x00000002   PAD
    0x08000a48   0x08000a48   0x00000008   Code   RO         4159    .text               c_p.l(rt_eh_globals_addr_intlibspace.o)
    0x08000a50   0x08000a50   0x0000000c   Code   RO         4165    .text               c_p.l(defsig_exit.o)
    0x08000a5c   0x08000a5c   0x0000000c   Code   RO         4167    .text               c_p.l(defsig_abrt_outer.o)
    0x08000a68   0x08000a68   0x00000050   Code   RO         4173    .text               c_p.l(defsig_rtmem_inner.o)
    0x08000ab8   0x08000ab8   0x00000042   Code   RO         4178    .text               cpprt_p.l(arm_exceptions_mem.o)
    0x08000afa   0x08000afa   0x00000034   Code   RO         4198    .text               c_p.l(defsig_general.o)
    0x08000b2e   0x08000b2e   0x00000002   PAD
    0x08000b30   0x08000b30   0x00000030   Code   RO         4200    .text               c_p.l(defsig_abrt_inner.o)
    0x08000b60   0x08000b60   0x0000000c   Code   RO         4218    .text               c_p.l(sys_wrch.o)
    0x08000b6c   0x08000b6c   0x00000010   Code   RO          243    i.CEC_CAN_IRQHandler  stm32f0xx_it.o
    0x08000b7c   0x08000b7c   0x00000006   Code   RO           12    i.Error_Handler     main.o
    0x08000b82   0x08000b82   0x00000002   PAD
    0x08000b84   0x08000b84   0x00000068   Code   RO         2097    i.FLASH_WaitForLastOperation  stm32f0xx_hal_flash.o
    0x08000bec   0x08000bec   0x0000002c   Code   RO          374    i.HAL_CAN_ActivateNotification  stm32f0xx_hal_can.o
    0x08000c18   0x08000c18   0x0000013e   Code   RO          376    i.HAL_CAN_ConfigFilter  stm32f0xx_hal_can.o
    0x08000d56   0x08000d56   0x00000002   Code   RO          379    i.HAL_CAN_ErrorCallback  stm32f0xx_hal_can.o
    0x08000d58   0x08000d58   0x000001a6   Code   RO          382    i.HAL_CAN_GetRxMessage  stm32f0xx_hal_can.o
    0x08000efe   0x08000efe   0x000002d4   Code   RO          386    i.HAL_CAN_IRQHandler  stm32f0xx_hal_can.o
    0x080011d2   0x080011d2   0x0000017c   Code   RO          387    i.HAL_CAN_Init      stm32f0xx_hal_can.o
    0x0800134e   0x0800134e   0x00000002   PAD
    0x08001350   0x08001350   0x00000090   Code   RO          311    i.HAL_CAN_MspInit   stm32f0xx_hal_msp.o
    0x080013e0   0x080013e0   0x00000002   Code   RO          394    i.HAL_CAN_RxFifo0FullCallback  stm32f0xx_hal_can.o
    0x080013e2   0x080013e2   0x00000002   PAD
    0x080013e4   0x080013e4   0x00000054   Code   RO           13    i.HAL_CAN_RxFifo0MsgPendingCallback  main.o
    0x08001438   0x08001438   0x00000002   Code   RO          396    i.HAL_CAN_RxFifo1FullCallback  stm32f0xx_hal_can.o
    0x0800143a   0x0800143a   0x00000002   Code   RO          397    i.HAL_CAN_RxFifo1MsgPendingCallback  stm32f0xx_hal_can.o
    0x0800143c   0x0800143c   0x00000002   Code   RO          398    i.HAL_CAN_SleepCallback  stm32f0xx_hal_can.o
    0x0800143e   0x0800143e   0x00000062   Code   RO          399    i.HAL_CAN_Start     stm32f0xx_hal_can.o
    0x080014a0   0x080014a0   0x00000002   Code   RO          401    i.HAL_CAN_TxMailbox0AbortCallback  stm32f0xx_hal_can.o
    0x080014a2   0x080014a2   0x00000002   Code   RO          402    i.HAL_CAN_TxMailbox0CompleteCallback  stm32f0xx_hal_can.o
    0x080014a4   0x080014a4   0x00000002   Code   RO          403    i.HAL_CAN_TxMailbox1AbortCallback  stm32f0xx_hal_can.o
    0x080014a6   0x080014a6   0x00000002   Code   RO          404    i.HAL_CAN_TxMailbox1CompleteCallback  stm32f0xx_hal_can.o
    0x080014a8   0x080014a8   0x00000002   Code   RO          405    i.HAL_CAN_TxMailbox2AbortCallback  stm32f0xx_hal_can.o
    0x080014aa   0x080014aa   0x00000002   Code   RO          406    i.HAL_CAN_TxMailbox2CompleteCallback  stm32f0xx_hal_can.o
    0x080014ac   0x080014ac   0x00000002   Code   RO          408    i.HAL_CAN_WakeUpFromRxMsgCallback  stm32f0xx_hal_can.o
    0x080014ae   0x080014ae   0x00000002   PAD
    0x080014b0   0x080014b0   0x0000002c   Code   RO          851    i.HAL_Delay         stm32f0xx_hal.o
    0x080014dc   0x080014dc   0x00000014   Code   RO         2101    i.HAL_FLASH_Lock    stm32f0xx_hal_flash.o
    0x080014f0   0x080014f0   0x000000bc   Code   RO         2106    i.HAL_FLASH_Program  stm32f0xx_hal_flash.o
    0x080015ac   0x080015ac   0x00000034   Code   RO         2108    i.HAL_FLASH_Unlock  stm32f0xx_hal_flash.o
    0x080015e0   0x080015e0   0x000001e0   Code   RO         1635    i.HAL_GPIO_Init     stm32f0xx_hal_gpio.o
    0x080017c0   0x080017c0   0x0000000c   Code   RO          855    i.HAL_GetTick       stm32f0xx_hal.o
    0x080017cc   0x080017cc   0x0000006e   Code   RO         1576    i.HAL_I2CEx_ConfigAnalogFilter  stm32f0xx_hal_i2c_ex.o
    0x0800183a   0x0800183a   0x00000070   Code   RO         1577    i.HAL_I2CEx_ConfigDigitalFilter  stm32f0xx_hal_i2c_ex.o
    0x080018aa   0x080018aa   0x00000002   PAD
    0x080018ac   0x080018ac   0x000000d4   Code   RO         1038    i.HAL_I2C_Init      stm32f0xx_hal_i2c.o
    0x08001980   0x08001980   0x0000016c   Code   RO         1044    i.HAL_I2C_Master_Receive  stm32f0xx_hal_i2c.o
    0x08001aec   0x08001aec   0x0000016c   Code   RO         1051    i.HAL_I2C_Master_Transmit  stm32f0xx_hal_i2c.o
    0x08001c58   0x08001c58   0x00000084   Code   RO          313    i.HAL_I2C_MspInit   stm32f0xx_hal_msp.o
    0x08001cdc   0x08001cdc   0x00000018   Code   RO          861    i.HAL_IncTick       stm32f0xx_hal.o
    0x08001cf4   0x08001cf4   0x00000020   Code   RO          862    i.HAL_Init          stm32f0xx_hal.o
    0x08001d14   0x08001d14   0x00000054   Code   RO          863    i.HAL_InitTick      stm32f0xx_hal.o
    0x08001d68   0x08001d68   0x00000040   Code   RO          314    i.HAL_MspInit       stm32f0xx_hal_msp.o
    0x08001da8   0x08001da8   0x0000001c   Code   RO         1817    i.HAL_NVIC_EnableIRQ  stm32f0xx_hal_cortex.o
    0x08001dc4   0x08001dc4   0x00000012   Code   RO         1821    i.HAL_NVIC_SetPriority  stm32f0xx_hal_cortex.o
    0x08001dd6   0x08001dd6   0x00000002   PAD
    0x08001dd8   0x08001dd8   0x00000188   Code   RO          759    i.HAL_RCCEx_PeriphCLKConfig  stm32f0xx_hal_rcc_ex.o
    0x08001f60   0x08001f60   0x00000184   Code   RO          640    i.HAL_RCC_ClockConfig  stm32f0xx_hal_rcc.o
    0x080020e4   0x080020e4   0x000000d0   Code   RO          648    i.HAL_RCC_GetSysClockFreq  stm32f0xx_hal_rcc.o
    0x080021b4   0x080021b4   0x0000063c   Code   RO          651    i.HAL_RCC_OscConfig  stm32f0xx_hal_rcc.o
    0x080027f0   0x080027f0   0x00000038   Code   RO         1825    i.HAL_SYSTICK_Config  stm32f0xx_hal_cortex.o
    0x08002828   0x08002828   0x00000002   Code   RO         3237    i.HAL_TIMEx_BreakCallback  stm32f0xx_hal_tim_ex.o
    0x0800282a   0x0800282a   0x00000002   Code   RO         3238    i.HAL_TIMEx_CommutCallback  stm32f0xx_hal_tim_ex.o
    0x0800282c   0x0800282c   0x00000064   Code   RO         2407    i.HAL_TIM_Base_Init  stm32f0xx_hal_tim.o
    0x08002890   0x08002890   0x00000044   Code   RO          316    i.HAL_TIM_Base_MspInit  stm32f0xx_hal_msp.o
    0x080028d4   0x080028d4   0x0000006c   Code   RO         2412    i.HAL_TIM_Base_Start_IT  stm32f0xx_hal_tim.o
    0x08002940   0x08002940   0x00000002   Code   RO         2441    i.HAL_TIM_IC_CaptureCallback  stm32f0xx_hal_tim.o
    0x08002942   0x08002942   0x000001c8   Code   RO         2455    i.HAL_TIM_IRQHandler  stm32f0xx_hal_tim.o
    0x08002b0a   0x08002b0a   0x00000002   Code   RO         2458    i.HAL_TIM_OC_DelayElapsedCallback  stm32f0xx_hal_tim.o
    0x08002b0c   0x08002b0c   0x00000002   Code   RO         2485    i.HAL_TIM_PWM_PulseFinishedCallback  stm32f0xx_hal_tim.o
    0x08002b0e   0x08002b0e   0x00000002   PAD
    0x08002b10   0x08002b10   0x00000010   Code   RO           14    i.HAL_TIM_PeriodElapsedCallback  main.o
    0x08002b20   0x08002b20   0x00000002   Code   RO         2498    i.HAL_TIM_TriggerCallback  stm32f0xx_hal_tim.o
    0x08002b22   0x08002b22   0x00000004   Code   RO          244    i.HardFault_Handler  stm32f0xx_it.o
    0x08002b26   0x08002b26   0x00000004   Code   RO          245    i.NMI_Handler       stm32f0xx_it.o
    0x08002b2a   0x08002b2a   0x00000002   Code   RO          246    i.PendSV_Handler    stm32f0xx_it.o
    0x08002b2c   0x08002b2c   0x00000002   Code   RO          247    i.SVC_Handler       stm32f0xx_it.o
    0x08002b2e   0x08002b2e   0x00000008   Code   RO          248    i.SysTick_Handler   stm32f0xx_it.o
    0x08002b36   0x08002b36   0x00000002   Code   RO         3543    i.SystemInit        system_stm32f0xx.o
    0x08002b38   0x08002b38   0x00000010   Code   RO          249    i.TIM14_IRQHandler  stm32f0xx_it.o
    0x08002b48   0x08002b48   0x000000a0   Code   RO         2500    i.TIM_Base_SetConfig  stm32f0xx_hal_tim.o
    0x08002be8   0x08002be8   0x00000080   Code   RO           16    i._Z18SystemClock_Configv  main.o
    0x08002c68   0x08002c68   0x00000002   Code   RO           19    i._Z8check_txv      main.o
    0x08002c6a   0x08002c6a   0x00000052   Code   RO           20    i._Z9SaveEventP12SmartBatteryP13InternalFLASH  main.o
    0x08002cbc   0x08002cbc   0x00000028   Code   RO         3578    i._ZN12SmartBattery3CMDEh  smart_battery.o
    0x08002ce4   0x08002ce4   0x000000be   Code   RO         3579    i._ZN12SmartBattery7GetDataEv  smart_battery.o
    0x08002da2   0x08002da2   0x00000008   Code   RO         3580    i._ZN12SmartBatteryC1EP19__I2C_HandleTypeDef  smart_battery.o
    0x08002daa   0x08002daa   0x0000007c   Code   RO         3620    i._ZN13InternalFLASH8ReadDataEi  flash_driver.o
    0x08002e26   0x08002e26   0x000000b0   Code   RO         3621    i._ZN13InternalFLASH9WriteDataEP9FlashData  flash_driver.o
    0x08002ed6   0x08002ed6   0x00000002   PAD
    0x08002ed8   0x08002ed8   0x00000070   Code   RO         3622    i._ZN13InternalFLASH9find_pageEj  flash_driver.o
    0x08002f48   0x08002f48   0x00000060   Code   RO         3623    i._ZN13InternalFLASHC1Ev  flash_driver.o
    0x08002fa8   0x08002fa8   0x00000078   Code   RO           21    i._ZN26_INTERNAL_8_main_cpp_flash11MX_CAN_InitEv  main.o
    0x08003020   0x08003020   0x00000028   Code   RO           22    i._ZN26_INTERNAL_8_main_cpp_flash12MX_GPIO_InitEv  main.o
    0x08003048   0x08003048   0x0000005c   Code   RO           23    i._ZN26_INTERNAL_8_main_cpp_flash12MX_I2C1_InitEv  main.o
    0x080030a4   0x080030a4   0x00000038   Code   RO           24    i._ZN26_INTERNAL_8_main_cpp_flash13MX_TIM14_InitEv  main.o
    0x080030dc   0x080030dc   0x00000032   Code   RO         1080    i._ZN41_INTERNAL_19_stm32f0xx_hal_i2c_c_0eb271f414I2C_Flush_TXDREP19__I2C_HandleTypeDef  stm32f0xx_hal_i2c.o
    0x0800310e   0x0800310e   0x00000002   PAD
    0x08003110   0x08003110   0x0000003c   Code   RO         1093    i._ZN41_INTERNAL_19_stm32f0xx_hal_i2c_c_0eb271f418I2C_TransferConfigEP19__I2C_HandleTypeDefthjj  stm32f0xx_hal_i2c.o
    0x0800314c   0x0800314c   0x0000015c   Code   RO         1095    i._ZN41_INTERNAL_19_stm32f0xx_hal_i2c_c_0eb271f419I2C_IsErrorOccurredEP19__I2C_HandleTypeDefjj  stm32f0xx_hal_i2c.o
    0x080032a8   0x080032a8   0x0000006c   Code   RO         1103    i._ZN41_INTERNAL_19_stm32f0xx_hal_i2c_c_0eb271f426I2C_WaitOnFlagUntilTimeoutEP19__I2C_HandleTypeDefj10FlagStatusjj  stm32f0xx_hal_i2c.o
    0x08003314   0x08003314   0x000000d8   Code   RO         1105    i._ZN41_INTERNAL_19_stm32f0xx_hal_i2c_c_0eb271f430I2C_WaitOnRXNEFlagUntilTimeoutEP19__I2C_HandleTypeDefjj  stm32f0xx_hal_i2c.o
    0x080033ec   0x080033ec   0x00000066   Code   RO         1106    i._ZN41_INTERNAL_19_stm32f0xx_hal_i2c_c_0eb271f430I2C_WaitOnSTOPFlagUntilTimeoutEP19__I2C_HandleTypeDefjj  stm32f0xx_hal_i2c.o
    0x08003452   0x08003452   0x0000006e   Code   RO         1107    i._ZN41_INTERNAL_19_stm32f0xx_hal_i2c_c_0eb271f430I2C_WaitOnTXISFlagUntilTimeoutEP19__I2C_HandleTypeDefjj  stm32f0xx_hal_i2c.o
    0x080034c0   0x080034c0   0x00000048   Code   RO         2109    i._ZN43_INTERNAL_21_stm32f0xx_hal_flash_c_48aa8f3e18FLASH_SetErrorCodeEv  stm32f0xx_hal_flash.o
    0x08003508   0x08003508   0x00000020   Code   RO         2110    i._ZN43_INTERNAL_21_stm32f0xx_hal_flash_c_48aa8f3e22FLASH_Program_HalfWordEjt  stm32f0xx_hal_flash.o
    0x08003528   0x08003528   0x00000078   Code   RO         1827    i._ZN44_INTERNAL_22_stm32f0xx_hal_cortex_c_910ac08718__NVIC_SetPriorityE9IRQn_Typej  stm32f0xx_hal_cortex.o
    0x080035a0   0x080035a0   0x00000030   Code   RO         3625    i._ZN4DataC1EPhjhh  flash_driver.o
    0x080035d0   0x080035d0   0x00000080   Code   RO         3628    i._ZN9FlashDataC1EPhjP9FlashMeta  flash_driver.o
    0x08003650   0x08003650   0x0000000c   Code   RO         3691    i._ZSt4ceilf        flash_driver.o
    0x0800365c   0x0800365c   0x00000008   Code   RO         3739    i._ZdlPv            cpprt_p.l(delete.o)
    0x08003664   0x08003664   0x00000008   Code   RO         3735    i._Znaj             cpprt_p.l(array_new.o)
    0x0800366c   0x0800366c   0x00000028   Code   RO         3742    i._Znwj             cpprt_p.l(new.o)
    0x08003694   0x08003694   0x00000030   Code   RO          740    i.__ARM_common_ll_muluu  stm32f0xx_hal_rcc.o
    0x080036c4   0x080036c4   0x00000020   Code   RO           25    i.__sti___8_main_cpp_flash  main.o
    0x080036e4   0x080036e4   0x00000068   Code   RO         3754    i.ceilf             m_ps.l(ceilf.o)
    0x0800374c   0x0800374c   0x000000b8   Code   RO           26    i.main              main.o
    0x08003804   0x08003804   0x0000008c   Code   RO         3897    x$fpl$fadd          fz_ps.l(faddsub.o)
    0x08003890   0x08003890   0x000000d0   Code   RO         3899    x$fpl$fsub          fz_ps.l(faddsub.o)
    0x08003960   0x08003960   0x00000000   Code   RO         3903    x$fpl$usenofp       fz_ps.l(usenofp.o)
    0x08003960   0x08003960   0x00000020   Data   RO          665    .constdata          stm32f0xx_hal_rcc.o
    0x08003980   0x08003980   0x00000018   Data   RO         3546    .constdata          system_stm32f0xx.o
    0x08003998   0x08003998   0x00000040   Data   RO         3747    .constdata          fz_ps.l(fdiv.o)
    0x080039d8   0x080039d8   0x00000020   Data   RO         4237    Region$$Table       anon$$obj.o
    0x080039f8   0x080039f8   0x00000004   Data   RO           44    .init_array         main.o
    0x080039fc   0x080039f8   0x00000000   Data   RO         3730    .init_array         c_p.l(init_aeabi.o)


    Execution Region RW_IRAM1 (Exec base: 0x20000000, Load base: 0x080039fc, Size: 0x000007e0, Max: 0x00001800, ABSOLUTE)

    Exec Addr    Load Addr    Size         Type   Attr      Idx    E Section Name        Object

    0x20000000   0x080039fc   0x00000020   Data   RW           43    .data               main.o
    0x20000020   0x08003a1c   0x00000009   Data   RW          892    .data               stm32f0xx_hal.o
    0x20000029   0x08003a25   0x00000003   PAD
    0x2000002c   0x08003a28   0x00000004   Data   RW         3547    .data               system_stm32f0xx.o
    0x20000030   0x08003a2c   0x0000000d   Data   RW         3639    .data               flash_driver.o
    0x2000003d   0x08003a39   0x00000003   PAD
    0x20000040        -       0x00000120   Zero   RW           42    .bss                main.o
    0x20000160        -       0x00000020   Zero   RW         2125    .bss                stm32f0xx_hal_flash.o
    0x20000180        -       0x00000060   Zero   RW         3905    .bss                c_p.l(libspace.o)
    0x200001e0        -       0x00000200   Zero   RW            2    HEAP                startup_stm32f042x6.o
    0x200003e0        -       0x00000400   Zero   RW            1    STACK               startup_stm32f042x6.o


==============================================================================

Image component sizes


      Code (inc. data)   RO Data    RW Data    ZI Data      Debug   Object Name

       696         58          0         13          0       5686   flash_driver.o
       842        100          4         32        288     480518   main.o
       238          0          0          0          0       1840   smart_battery.o
       116         56        192          0       1536        632   startup_stm32f042x6.o
       196         38          0          9          0       8417   stm32f0xx_hal.o
      2010          0          0          0          0      12016   stm32f0xx_hal_can.o
       222         26          0          0          0      10181   stm32f0xx_hal_cortex.o
       468         52          0          0         32       3914   stm32f0xx_hal_flash.o
       480         20          0          0          0       1328   stm32f0xx_hal_gpio.o
      1934         38          0          0          0      10090   stm32f0xx_hal_i2c.o
       222          0          0          0          0       1827   stm32f0xx_hal_i2c_ex.o
       408         32          0          0          0       2657   stm32f0xx_hal_msp.o
      2240         60         32          0          0       4080   stm32f0xx_hal_rcc.o
       392         14          0          0          0       1476   stm32f0xx_hal_rcc_ex.o
       832         30          0          0          0       5327   stm32f0xx_hal_tim.o
         4          0          0          0          0       1461   stm32f0xx_hal_tim_ex.o
        52         12          0          0          0       2823   stm32f0xx_it.o
         2          0         24          4          0       1043   system_stm32f0xx.o

    ----------------------------------------------------------------------
     11372        536        284         64       1856     555316   Object Totals
         0          0         32          0          0          0   (incl. Generated)
        18          0          0          6          0          0   (incl. Padding)

    ----------------------------------------------------------------------

      Code (inc. data)   RO Data    RW Data    ZI Data      Debug   Library Member Name

         8          0          0          0          0         68   __main.o
         0          0          0          0          0          0   __rtentry.o
        12          0          0          0          0          0   __rtentry2.o
         6          0          0          0          0          0   __rtentry4.o
        60          8          0          0          0          0   __scatter.o
        26          0          0          0          0          0   __scatter_copy.o
        28          0          0          0          0          0   __scatter_zi.o
        20          0          0          0          0         68   abort.o
       346          0          0          0          0         92   aeabi_sdiv.o
        48         34          0          0          0         68   defsig_abrt_inner.o
        12          0          0          0          0         68   defsig_abrt_outer.o
        12          0          0          0          0         68   defsig_exit.o
        52          0          0          0          0         72   defsig_general.o
        80         58          0          0          0         68   defsig_rtmem_inner.o
        12          0          0          0          0         68   defsig_rtmem_outer.o
        16          0          0          0          0         68   exit.o
        98          0          0          0          0         72   h1_alloc.o
        52          0          0          0          0         68   h1_extend.o
        76          0          0          0          0         72   h1_free.o
        14          0          0          0          0         76   h1_init.o
         6          0          0          0          0        136   heapauxi.o
         4          0          0          0          0        120   hguard.o
         0          0          0          0          0          0   indicate_semi.o
        36         10          0          0          0         72   init_aeabi.o
       136          0          0          0          0        160   init_alloc.o
         2          0          0          0          0          0   libinit.o
        14          0          0          0          0          0   libinit2.o
         2          0          0          0          0          0   libshutdown.o
         2          0          0          0          0          0   libshutdown2.o
         8          4          0          0         96         68   libspace.o
       258          0          0          0          0         88   lludiv.o
        34          0          0          0          0         68   llushr.o
         0          0          0          0          0          0   maybetermalloc1.o
         8          4          0          0          0         68   rt_eh_globals_addr_intlibspace.o
         8          4          0          0          0         68   rt_heap_descriptor_intlibspace.o
        64          0          0          0          0        108   rt_memclr.o
       186          0          0          0          0        144   rt_memcpy.o
         8          4          0          0          0         68   rt_new_handler_addr_intlibspace.o
         2          0          0          0          0          0   rtexit.o
        10          0          0          0          0          0   rtexit2.o
        68          6          0          0          0         72   strlen.o
        12          4          0          0          0         60   sys_exit.o
        62          0          0          0          0         80   sys_stackheap_outer.o
        12          0          0          0          0         68   sys_wrch.o
         2          0          0          0          0         68   use_no_semi.o
        84         12          0          0          0         96   arm_exceptions_globs.o
        66          0          0          0          0        100   arm_exceptions_mem.o
        28          0          0          0          0         68   arm_exceptions_terminate.o
         8          0          0          0          0         68   arm_newhandler_noexceptions.o
         8          0          0          0          0         68   array_new.o
         8          0          0          0          0         68   delete.o
        40          4          0          0          0         68   new.o
       348          8          0          0          0        160   faddsub.o
       352         10         64          0          0         92   fdiv.o
        48          0          0          0          0         60   ffixui.o
        94          0          0          0          0         92   fflti.o
         0          0          0          0          0          0   usenofp.o
       104          8          0          0          0         76   ceilf.o

    ----------------------------------------------------------------------
      3124        178         64          0         96       3528   Library Totals
        14          0          0          0          0          0   (incl. Padding)

    ----------------------------------------------------------------------

      Code (inc. data)   RO Data    RW Data    ZI Data      Debug   Library Name

      1922        136          0          0         96       2512   c_p.l
       242         16          0          0          0        536   cpprt_p.l
       842         18         64          0          0        404   fz_ps.l
       104          8          0          0          0         76   m_ps.l

    ----------------------------------------------------------------------
      3124        178         64          0         96       3528   Library Totals

    ----------------------------------------------------------------------

==============================================================================


      Code (inc. data)   RO Data    RW Data    ZI Data      Debug   

     14496        714        348         64       1952     552976   Grand Totals
     14496        714        348         64       1952     552976   ELF Image Totals
     14496        714        348         64          0          0   ROM Totals

==============================================================================

    Total RO  Size (Code + RO Data)                14844 (  14.50kB)
    Total RW  Size (RW Data + ZI Data)              2016 (   1.97kB)
    Total ROM Size (Code + RO Data + RW Data)      14908 (  14.56kB)

==============================================================================

